Archive member included to satisfy reference by file (symbol)

/usr/bin/../lib/gcc/arm-none-eabi/7.3.1/../../../../arm-none-eabi/lib/thumb/v7e-m/fpv4-sp/hard/libc_nano.a(lib_a-exit.o)
                              /usr/bin/../lib/gcc/arm-none-eabi/7.3.1/../../../../arm-none-eabi/lib/thumb/v7e-m/fpv4-sp/hard/crt0.o (exit)
/usr/bin/../lib/gcc/arm-none-eabi/7.3.1/../../../../arm-none-eabi/lib/thumb/v7e-m/fpv4-sp/hard/libc_nano.a(lib_a-impure.o)
                              /usr/bin/../lib/gcc/arm-none-eabi/7.3.1/../../../../arm-none-eabi/lib/thumb/v7e-m/fpv4-sp/hard/libc_nano.a(lib_a-exit.o) (_global_impure_ptr)
/usr/bin/../lib/gcc/arm-none-eabi/7.3.1/../../../../arm-none-eabi/lib/thumb/v7e-m/fpv4-sp/hard/libc_nano.a(lib_a-init.o)
                              /usr/bin/../lib/gcc/arm-none-eabi/7.3.1/../../../../arm-none-eabi/lib/thumb/v7e-m/fpv4-sp/hard/crt0.o (__libc_init_array)
/usr/bin/../lib/gcc/arm-none-eabi/7.3.1/../../../../arm-none-eabi/lib/thumb/v7e-m/fpv4-sp/hard/libc_nano.a(lib_a-malloc.o)
                              build/main.o (malloc)
/usr/bin/../lib/gcc/arm-none-eabi/7.3.1/../../../../arm-none-eabi/lib/thumb/v7e-m/fpv4-sp/hard/libc_nano.a(lib_a-memset.o)
                              /usr/bin/../lib/gcc/arm-none-eabi/7.3.1/../../../../arm-none-eabi/lib/thumb/v7e-m/fpv4-sp/hard/crt0.o (memset)
/usr/bin/../lib/gcc/arm-none-eabi/7.3.1/../../../../arm-none-eabi/lib/thumb/v7e-m/fpv4-sp/hard/libc_nano.a(lib_a-nano-freer.o)
                              /usr/bin/../lib/gcc/arm-none-eabi/7.3.1/../../../../arm-none-eabi/lib/thumb/v7e-m/fpv4-sp/hard/libc_nano.a(lib_a-malloc.o) (_free_r)
/usr/bin/../lib/gcc/arm-none-eabi/7.3.1/../../../../arm-none-eabi/lib/thumb/v7e-m/fpv4-sp/hard/libc_nano.a(lib_a-nano-mallocr.o)
                              /usr/bin/../lib/gcc/arm-none-eabi/7.3.1/../../../../arm-none-eabi/lib/thumb/v7e-m/fpv4-sp/hard/libc_nano.a(lib_a-malloc.o) (_malloc_r)
/usr/bin/../lib/gcc/arm-none-eabi/7.3.1/../../../../arm-none-eabi/lib/thumb/v7e-m/fpv4-sp/hard/libc_nano.a(lib_a-printf.o)
                              build/GUI_Paint.o (printf)
/usr/bin/../lib/gcc/arm-none-eabi/7.3.1/../../../../arm-none-eabi/lib/thumb/v7e-m/fpv4-sp/hard/libc_nano.a(lib_a-puts.o)
                              build/main.o (puts)
/usr/bin/../lib/gcc/arm-none-eabi/7.3.1/../../../../arm-none-eabi/lib/thumb/v7e-m/fpv4-sp/hard/libc_nano.a(lib_a-sbrkr.o)
                              /usr/bin/../lib/gcc/arm-none-eabi/7.3.1/../../../../arm-none-eabi/lib/thumb/v7e-m/fpv4-sp/hard/libc_nano.a(lib_a-nano-mallocr.o) (_sbrk_r)
/usr/bin/../lib/gcc/arm-none-eabi/7.3.1/../../../../arm-none-eabi/lib/thumb/v7e-m/fpv4-sp/hard/libc_nano.a(lib_a-wbuf.o)
                              /usr/bin/../lib/gcc/arm-none-eabi/7.3.1/../../../../arm-none-eabi/lib/thumb/v7e-m/fpv4-sp/hard/libc_nano.a(lib_a-puts.o) (__swbuf_r)
/usr/bin/../lib/gcc/arm-none-eabi/7.3.1/../../../../arm-none-eabi/lib/thumb/v7e-m/fpv4-sp/hard/libc_nano.a(lib_a-wsetup.o)
                              /usr/bin/../lib/gcc/arm-none-eabi/7.3.1/../../../../arm-none-eabi/lib/thumb/v7e-m/fpv4-sp/hard/libc_nano.a(lib_a-puts.o) (__swsetup_r)
/usr/bin/../lib/gcc/arm-none-eabi/7.3.1/../../../../arm-none-eabi/lib/thumb/v7e-m/fpv4-sp/hard/libc_nano.a(lib_a-fflush.o)
                              /usr/bin/../lib/gcc/arm-none-eabi/7.3.1/../../../../arm-none-eabi/lib/thumb/v7e-m/fpv4-sp/hard/libc_nano.a(lib_a-wbuf.o) (_fflush_r)
/usr/bin/../lib/gcc/arm-none-eabi/7.3.1/../../../../arm-none-eabi/lib/thumb/v7e-m/fpv4-sp/hard/libc_nano.a(lib_a-findfp.o)
                              /usr/bin/../lib/gcc/arm-none-eabi/7.3.1/../../../../arm-none-eabi/lib/thumb/v7e-m/fpv4-sp/hard/libc_nano.a(lib_a-printf.o) (__sinit)
/usr/bin/../lib/gcc/arm-none-eabi/7.3.1/../../../../arm-none-eabi/lib/thumb/v7e-m/fpv4-sp/hard/libc_nano.a(lib_a-fwalk.o)
                              /usr/bin/../lib/gcc/arm-none-eabi/7.3.1/../../../../arm-none-eabi/lib/thumb/v7e-m/fpv4-sp/hard/libc_nano.a(lib_a-findfp.o) (_fwalk)
/usr/bin/../lib/gcc/arm-none-eabi/7.3.1/../../../../arm-none-eabi/lib/thumb/v7e-m/fpv4-sp/hard/libc_nano.a(lib_a-makebuf.o)
                              /usr/bin/../lib/gcc/arm-none-eabi/7.3.1/../../../../arm-none-eabi/lib/thumb/v7e-m/fpv4-sp/hard/libc_nano.a(lib_a-wsetup.o) (__smakebuf_r)
/usr/bin/../lib/gcc/arm-none-eabi/7.3.1/../../../../arm-none-eabi/lib/thumb/v7e-m/fpv4-sp/hard/libc_nano.a(lib_a-mlock.o)
                              /usr/bin/../lib/gcc/arm-none-eabi/7.3.1/../../../../arm-none-eabi/lib/thumb/v7e-m/fpv4-sp/hard/libc_nano.a(lib_a-nano-freer.o) (__malloc_lock)
/usr/bin/../lib/gcc/arm-none-eabi/7.3.1/../../../../arm-none-eabi/lib/thumb/v7e-m/fpv4-sp/hard/libc_nano.a(lib_a-nano-vfprintf.o)
                              /usr/bin/../lib/gcc/arm-none-eabi/7.3.1/../../../../arm-none-eabi/lib/thumb/v7e-m/fpv4-sp/hard/libc_nano.a(lib_a-printf.o) (_vfprintf_r)
/usr/bin/../lib/gcc/arm-none-eabi/7.3.1/../../../../arm-none-eabi/lib/thumb/v7e-m/fpv4-sp/hard/libc_nano.a(lib_a-nano-vfprintf_i.o)
[...]
Memory Configuration

Name             Origin             Length             Attributes
RAM              0x0000000020000000 0x0000000000018000 xrw
RAM2             0x0000000010000000 0x0000000000008000 xrw
FLASH            0x0000000008000000 0x0000000000100000 xr
*default*        0x0000000000000000 0xffffffffffffffff

Linker script and memory map

LOAD /usr/bin/../lib/gcc/arm-none-eabi/7.3.1/thumb/v7e-m/fpv4-sp/hard/crti.o
LOAD /usr/bin/../lib/gcc/arm-none-eabi/7.3.1/thumb/v7e-m/fpv4-sp/hard/crtbegin.o
LOAD /usr/bin/../lib/gcc/arm-none-eabi/7.3.1/../../../../arm-none-eabi/lib/thumb/v7e-m/fpv4-sp/hard/crt0.o
LOAD build/main.o
LOAD build/stm32l4xx_it.o
LOAD build/stm32l4xx_hal_msp.o
LOAD build/stm32l4xx_hal_tim.o
LOAD build/stm32l4xx_hal_tim_ex.o
LOAD build/stm32l4xx_hal_uart.o
LOAD build/stm32l4xx_hal_uart_ex.o
LOAD build/stm32l4xx_hal.o
LOAD build/stm32l4xx_hal_i2c.o
LOAD build/stm32l4xx_hal_i2c_ex.o
LOAD build/stm32l4xx_hal_rcc.o
LOAD build/stm32l4xx_hal_rcc_ex.o
LOAD build/stm32l4xx_hal_flash.o
LOAD build/stm32l4xx_hal_flash_ex.o
LOAD build/stm32l4xx_hal_flash_ramfunc.o
LOAD build/stm32l4xx_hal_gpio.o
LOAD build/stm32l4xx_hal_dma.o
LOAD build/stm32l4xx_hal_dma_ex.o
LOAD build/stm32l4xx_hal_pwr.o
LOAD build/stm32l4xx_hal_pwr_ex.o
LOAD build/stm32l4xx_hal_cortex.o
LOAD build/stm32l4xx_hal_exti.o
LOAD build/stm32l4xx_hal_spi.o
LOAD build/stm32l4xx_hal_spi_ex.o
LOAD build/system_stm32l4xx.o
LOAD build/DEV_Config.o
LOAD build/EPD_2in9.o
LOAD build/ImageData.o
LOAD build/font8.o
LOAD build/font12.o
LOAD build/font16.o
LOAD build/font20.o
LOAD build/font24.o
LOAD build/GUI_Paint.o
LOAD build/startup_stm32l476xx.o
LOAD /usr/bin/../lib/gcc/arm-none-eabi/7.3.1/../../../../arm-none-eabi/lib/thumb/v7e-m/fpv4-sp/hard/libc_nano.a
LOAD /usr/bin/../lib/gcc/arm-none-eabi/7.3.1/../../../../arm-none-eabi/lib/thumb/v7e-m/fpv4-sp/hard/libm.a
LOAD /usr/bin/../lib/gcc/arm-none-eabi/7.3.1/../../../../arm-none-eabi/lib/thumb/v7e-m/fpv4-sp/hard/libnosys.a
START GROUP
LOAD /usr/bin/../lib/gcc/arm-none-eabi/7.3.1/thumb/v7e-m/fpv4-sp/hard/libgcc.a
LOAD /usr/bin/../lib/gcc/arm-none-eabi/7.3.1/../../../../arm-none-eabi/lib/thumb/v7e-m/fpv4-sp/hard/libc_nano.a
END GROUP
START GROUP
LOAD /usr/bin/../lib/gcc/arm-none-eabi/7.3.1/thumb/v7e-m/fpv4-sp/hard/libgcc.a
LOAD /usr/bin/../lib/gcc/arm-none-eabi/7.3.1/../../../../arm-none-eabi/lib/thumb/v7e-m/fpv4-sp/hard/libc_nano.a
END GROUP
LOAD /usr/bin/../lib/gcc/arm-none-eabi/7.3.1/thumb/v7e-m/fpv4-sp/hard/crtend.o
LOAD /usr/bin/../lib/gcc/arm-none-eabi/7.3.1/thumb/v7e-m/fpv4-sp/hard/crtn.o
                0x0000000020018000                _estack = 0x20018000
                0x0000000000000200                _Min_Heap_Size = 0x200
                0x0000000000000400                _Min_Stack_Size = 0x400

.isr_vector     0x0000000008000000      0x188
                0x0000000008000000                . = ALIGN (0x8)
 *(.isr_vector)
 .isr_vector    0x0000000008000000      0x188 build/startup_stm32l476xx.o
                0x0000000008000000                g_pfnVectors
                0x0000000008000188                . = ALIGN (0x8)

.text           0x0000000008000190     0x44a0
                0x0000000008000190                . = ALIGN (0x8)
 *(.text)
 .text          0x0000000008000190       0x40 /usr/bin/../lib/gcc/arm-none-eabi/7.3.1/thumb/v7e-m/fpv4-sp/hard/crtbegin.o
 .text          0x00000000080001d0       0xa0 /usr/bin/../lib/gcc/arm-none-eabi/7.3.1/../../../../arm-none-eabi/lib/thumb/v7e-m/fpv4-sp/hard/libc_nano.a(lib_a-memchr.o)
                0x00000000080001d0                memchr
 .text          0x0000000008000270       0x30 /usr/bin/../lib/gcc/arm-none-eabi/7.3.1/thumb/v7e-m/fpv4-sp/hard/libgcc.a(_aeabi_uldivmod.o)
                0x0000000008000270                __aeabi_uldivmod
 .text          0x00000000080002a0      0x2cc /usr/bin/../lib/gcc/arm-none-eabi/7.3.1/thumb/v7e-m/fpv4-sp/hard/libgcc.a(_udivmoddi4.o)
                0x00000000080002a0                __udivmoddi4
 .text          0x000000000800056c        0x4 /usr/bin/../lib/gcc/arm-none-eabi/7.3.1/thumb/v7e-m/fpv4-sp/hard/libgcc.a(_dvmd_tls.o)
                0x000000000800056c                __aeabi_ldiv0
                0x000000000800056c                __aeabi_idiv0
 *(.text*)
 .text.MX_GPIO_Init
                0x0000000008000570       0xd8 build/main.o
 .text.MX_USART2_UART_Init
                0x0000000008000648       0x30 build/main.o
 .text.MX_SPI1_Init
                0x0000000008000678       0x44 build/main.o
 .text.SystemClock_Config
                0x00000000080006bc       0x78 build/main.o
                0x00000000080006bc                SystemClock_Config
 .text.main     0x0000000008000734      0x2c0 build/main.o
                0x0000000008000734                main
 .text.NMI_Handler
                0x00000000080009f4        0x2 build/stm32l4xx_it.o
                0x00000000080009f4                NMI_Handler
 .text.HardFault_Handler
                0x00000000080009f6        0x2 build/stm32l4xx_it.o
                0x00000000080009f6                HardFault_Handler
 .text.MemManage_Handler
                0x00000000080009f8        0x2 build/stm32l4xx_it.o
                0x00000000080009f8                MemManage_Handler
 .text.BusFault_Handler
                0x00000000080009fa        0x2 build/stm32l4xx_it.o
                0x00000000080009fa                BusFault_Handler
 .text.UsageFault_Handler
                0x00000000080009fc        0x2 build/stm32l4xx_it.o
                0x00000000080009fc                UsageFault_Handler
 .text.SVC_Handler
                0x00000000080009fe        0x2 build/stm32l4xx_it.o
                0x00000000080009fe                SVC_Handler
 .text.DebugMon_Handler
                0x0000000008000a00        0x2 build/stm32l4xx_it.o
                0x0000000008000a00                DebugMon_Handler
 .text.PendSV_Handler
                0x0000000008000a02        0x2 build/stm32l4xx_it.o
                0x0000000008000a02                PendSV_Handler
 .text.SysTick_Handler
                0x0000000008000a04        0x8 build/stm32l4xx_it.o
                0x0000000008000a04                SysTick_Handler
 .text.HAL_MspInit
                0x0000000008000a0c       0x30 build/stm32l4xx_hal_msp.o
                0x0000000008000a0c                HAL_MspInit
 .text.HAL_SPI_MspInit
                0x0000000008000a3c       0x68 build/stm32l4xx_hal_msp.o
                0x0000000008000a3c                HAL_SPI_MspInit
 .text.HAL_UART_MspInit
                0x0000000008000aa4       0x68 build/stm32l4xx_hal_msp.o
                0x0000000008000aa4                HAL_UART_MspInit
 .text.UART_SetConfig
                0x0000000008000b0c      0x424 build/stm32l4xx_hal_uart.o
                0x0000000008000b0c                UART_SetConfig
 .text.UART_AdvFeatureConfig
                0x0000000008000f30       0xca build/stm32l4xx_hal_uart.o
                0x0000000008000f30                UART_AdvFeatureConfig
 .text.UART_WaitOnFlagUntilTimeout
                0x0000000008000ffa       0x62 build/stm32l4xx_hal_uart.o
                0x0000000008000ffa                UART_WaitOnFlagUntilTimeout
 .text.UART_CheckIdleState
                0x000000000800105c       0x70 build/stm32l4xx_hal_uart.o
                0x000000000800105c                UART_CheckIdleState
 .text.HAL_UART_Init
                0x00000000080010cc       0x66 build/stm32l4xx_hal_uart.o
                0x00000000080010cc                HAL_UART_Init
 *fill*         0x0000000008001132        0x2 
 .text.HAL_InitTick
                0x0000000008001134       0x34 build/stm32l4xx_hal.o
                0x0000000008001134                HAL_InitTick
 .text.HAL_Init
                0x0000000008001168       0x2c build/stm32l4xx_hal.o
                0x0000000008001168                HAL_Init
 .text.HAL_IncTick
                0x0000000008001194       0x10 build/stm32l4xx_hal.o
                0x0000000008001194                HAL_IncTick
 .text.HAL_GetTick
                0x00000000080011a4        0xc build/stm32l4xx_hal.o
                0x00000000080011a4                HAL_GetTick
 .text.HAL_Delay
                0x00000000080011b0       0x1e build/stm32l4xx_hal.o
                0x00000000080011b0                HAL_Delay
 *fill*         0x00000000080011ce        0x2 
 .text.RCC_SetFlashLatencyFromMSIRange
                0x00000000080011d0       0x90 build/stm32l4xx_hal_rcc.o
 .text.HAL_RCC_GetSysClockFreq
                0x0000000008001260       0xd8 build/stm32l4xx_hal_rcc.o
                0x0000000008001260                HAL_RCC_GetSysClockFreq
 .text.HAL_RCC_OscConfig
                0x0000000008001338      0x550 build/stm32l4xx_hal_rcc.o
                0x0000000008001338                HAL_RCC_OscConfig
 .text.HAL_RCC_ClockConfig
                0x0000000008001888      0x154 build/stm32l4xx_hal_rcc.o
                0x0000000008001888                HAL_RCC_ClockConfig
 .text.HAL_RCC_GetHCLKFreq
                0x00000000080019dc        0xc build/stm32l4xx_hal_rcc.o
                0x00000000080019dc                HAL_RCC_GetHCLKFreq
 .text.HAL_RCC_GetPCLK1Freq
                0x00000000080019e8       0x24 build/stm32l4xx_hal_rcc.o
                0x00000000080019e8                HAL_RCC_GetPCLK1Freq
 .text.HAL_RCC_GetPCLK2Freq
                0x0000000008001a0c       0x24 build/stm32l4xx_hal_rcc.o
                0x0000000008001a0c                HAL_RCC_GetPCLK2Freq
 .text.RCCEx_PLLSAI1_Config
                0x0000000008001a30      0x170 build/stm32l4xx_hal_rcc_ex.o
 .text.RCCEx_PLLSAI2_Config
                0x0000000008001ba0      0x14c build/stm32l4xx_hal_rcc_ex.o
 .text.HAL_RCCEx_PeriphCLKConfig
                0x0000000008001cec      0x450 build/stm32l4xx_hal_rcc_ex.o
                0x0000000008001cec                HAL_RCCEx_PeriphCLKConfig
 .text.HAL_GPIO_Init
                0x000000000800213c      0x1d4 build/stm32l4xx_hal_gpio.o
                0x000000000800213c                HAL_GPIO_Init
 .text.HAL_GPIO_ReadPin
                0x0000000008002310        0xe build/stm32l4xx_hal_gpio.o
                0x0000000008002310                HAL_GPIO_ReadPin
 .text.HAL_GPIO_WritePin
                0x000000000800231e        0xa build/stm32l4xx_hal_gpio.o
                0x000000000800231e                HAL_GPIO_WritePin
 .text.HAL_PWREx_GetVoltageRange
                0x0000000008002328       0x10 build/stm32l4xx_hal_pwr_ex.o
                0x0000000008002328                HAL_PWREx_GetVoltageRange
 .text.HAL_PWREx_ControlVoltageScaling
                0x0000000008002338       0x90 build/stm32l4xx_hal_pwr_ex.o
                0x0000000008002338                HAL_PWREx_ControlVoltageScaling
 .text.HAL_NVIC_SetPriorityGrouping
                0x00000000080023c8       0x24 build/stm32l4xx_hal_cortex.o
                0x00000000080023c8                HAL_NVIC_SetPriorityGrouping
 .text.HAL_NVIC_SetPriority
                0x00000000080023ec       0x68 build/stm32l4xx_hal_cortex.o
                0x00000000080023ec                HAL_NVIC_SetPriority
 .text.HAL_SYSTICK_Config
                0x0000000008002454       0x2c build/stm32l4xx_hal_cortex.o
                0x0000000008002454                HAL_SYSTICK_Config
 .text.SPI_WaitFlagStateUntilTimeout
                0x0000000008002480       0x90 build/stm32l4xx_hal_spi.o
 .text.SPI_WaitFifoStateUntilTimeout
                0x0000000008002510       0x98 build/stm32l4xx_hal_spi.o
 .text.SPI_EndRxTxTransaction
                0x00000000080025a8       0x66 build/stm32l4xx_hal_spi.o
 .text.HAL_SPI_Init
                0x000000000800260e       0xb0 build/stm32l4xx_hal_spi.o
                0x000000000800260e                HAL_SPI_Init
 .text.HAL_SPI_Transmit
                0x00000000080026be      0x1dc build/stm32l4xx_hal_spi.o
                0x00000000080026be                HAL_SPI_Transmit
 *fill*         0x000000000800289a        0x2 
 .text.SystemInit
                0x000000000800289c       0x48 build/system_stm32l4xx.o
                0x000000000800289c                SystemInit
 .text.DEV_SPI_WriteByte
                0x00000000080028e4       0x20 build/DEV_Config.o
                0x00000000080028e4                DEV_SPI_WriteByte
 .text.EPD_Reset
                0x0000000008002904       0x40 build/EPD_2in9.o
 .text.EPD_SendCommand
                0x0000000008002944       0x34 build/EPD_2in9.o
 .text.EPD_SendData
                0x0000000008002978       0x34 build/EPD_2in9.o
 .text.EPD_SetWindows
                0x00000000080029ac       0x40 build/EPD_2in9.o
 .text.EPD_SetCursor
                0x00000000080029ec       0x28 build/EPD_2in9.o
 .text.EPD_WaitUntilIdle
                0x0000000008002a14       0x34 build/EPD_2in9.o
                0x0000000008002a14                EPD_WaitUntilIdle
 .text.EPD_TurnOnDisplay
                0x0000000008002a48       0x20 build/EPD_2in9.o
 .text.EPD_Init
                0x0000000008002a68       0x84 build/EPD_2in9.o
                0x0000000008002a68                EPD_Init
 .text.EPD_Clear
                0x0000000008002aec       0x44 build/EPD_2in9.o
                0x0000000008002aec                EPD_Clear
 .text.EPD_Display
                0x0000000008002b30       0x4a build/EPD_2in9.o
                0x0000000008002b30                EPD_Display
 *fill*         0x0000000008002b7a        0x2 
 .text.Paint_NewImage
                0x0000000008002b7c       0x64 build/GUI_Paint.o
                0x0000000008002b7c                Paint_NewImage
 .text.Paint_SelectImage
                0x0000000008002be0        0xc build/GUI_Paint.o
                0x0000000008002be0                Paint_SelectImage
 .text.Paint_SetPixel
                0x0000000008002bec      0x100 build/GUI_Paint.o
                0x0000000008002bec                Paint_SetPixel
 .text.Paint_Clear
                0x0000000008002cec       0x38 build/GUI_Paint.o
                0x0000000008002cec                Paint_Clear
 .text.Paint_ClearWindows
                0x0000000008002d24       0x34 build/GUI_Paint.o
                0x0000000008002d24                Paint_ClearWindows
 .text.Paint_DrawPoint
                0x0000000008002d58       0xd4 build/GUI_Paint.o
                0x0000000008002d58                Paint_DrawPoint
 .text.Paint_DrawLine
                0x0000000008002e2c      0x104 build/GUI_Paint.o
                0x0000000008002e2c                Paint_DrawLine
 .text.Paint_DrawRectangle
                0x0000000008002f30       0xd0 build/GUI_Paint.o
                0x0000000008002f30                Paint_DrawRectangle
 .text.Paint_DrawCircle
                0x0000000008003000      0x268 build/GUI_Paint.o
                0x0000000008003000                Paint_DrawCircle
 .text.Paint_DrawChar
                0x0000000008003268       0xdc build/GUI_Paint.o
                0x0000000008003268                Paint_DrawChar
 .text.Paint_DrawString_EN
                0x0000000008003344       0x88 build/GUI_Paint.o
                0x0000000008003344                Paint_DrawString_EN
 .text.Paint_DrawNum
                0x00000000080033cc       0xb0 build/GUI_Paint.o
                0x00000000080033cc                Paint_DrawNum
 .text.Paint_DrawTime
                0x000000000800347c      0x19c build/GUI_Paint.o
                0x000000000800347c                Paint_DrawTime
 .text.Paint_DrawBitMap
                0x0000000008003618       0x38 build/GUI_Paint.o
                0x0000000008003618                Paint_DrawBitMap
 .text.Reset_Handler
                0x0000000008003650       0x50 build/startup_stm32l476xx.o
                0x0000000008003650                Reset_Handler
 .text.Default_Handler
                0x00000000080036a0        0x2 build/startup_stm32l476xx.o
                0x00000000080036a0                RTC_Alarm_IRQHandler
                0x00000000080036a0                EXTI2_IRQHandler
                0x00000000080036a0                TIM8_TRG_COM_IRQHandler
                0x00000000080036a0                TIM8_CC_IRQHandler
                0x00000000080036a0                TIM1_CC_IRQHandler
                0x00000000080036a0                TSC_IRQHandler
                0x00000000080036a0                TAMP_STAMP_IRQHandler
                0x00000000080036a0                EXTI3_IRQHandler
                0x00000000080036a0                LPTIM2_IRQHandler
                0x00000000080036a0                DFSDM1_FLT1_IRQHandler
                0x00000000080036a0                I2C3_ER_IRQHandler
                0x00000000080036a0                DFSDM1_FLT2_IRQHandler
                0x00000000080036a0                EXTI0_IRQHandler
                0x00000000080036a0                I2C2_EV_IRQHandler
                0x00000000080036a0                CAN1_RX0_IRQHandler
                0x00000000080036a0                FPU_IRQHandler
                0x00000000080036a0                TIM1_UP_TIM16_IRQHandler
                0x00000000080036a0                ADC1_2_IRQHandler
                0x00000000080036a0                SPI1_IRQHandler
                0x00000000080036a0                TIM6_DAC_IRQHandler
                0x00000000080036a0                TIM8_UP_IRQHandler
                0x00000000080036a0                DMA2_Channel2_IRQHandler
                0x00000000080036a0                DMA1_Channel4_IRQHandler
                0x00000000080036a0                SAI2_IRQHandler
                0x00000000080036a0                DFSDM1_FLT3_IRQHandler
                0x00000000080036a0                USART3_IRQHandler
                0x00000000080036a0                DMA1_Channel7_IRQHandler
                0x00000000080036a0                CAN1_RX1_IRQHandler
                0x00000000080036a0                LCD_IRQHandler
                0x00000000080036a0                UART5_IRQHandler
                0x00000000080036a0                ADC3_IRQHandler
                0x00000000080036a0                TIM4_IRQHandler
                0x00000000080036a0                DMA2_Channel1_IRQHandler
                0x00000000080036a0                QUADSPI_IRQHandler
                0x00000000080036a0                I2C1_EV_IRQHandler
                0x00000000080036a0                DMA1_Channel6_IRQHandler
                0x00000000080036a0                UART4_IRQHandler
                0x00000000080036a0                DMA2_Channel4_IRQHandler
                0x00000000080036a0                TIM3_IRQHandler
                0x00000000080036a0                RCC_IRQHandler
                0x00000000080036a0                DMA1_Channel1_IRQHandler
                0x00000000080036a0                Default_Handler
                0x00000000080036a0                DMA2_Channel7_IRQHandler
                0x00000000080036a0                EXTI15_10_IRQHandler
                0x00000000080036a0                TIM7_IRQHandler
                0x00000000080036a0                SDMMC1_IRQHandler
                0x00000000080036a0                TIM5_IRQHandler
                0x00000000080036a0                I2C3_EV_IRQHandler
                0x00000000080036a0                EXTI9_5_IRQHandler
                0x00000000080036a0                RTC_WKUP_IRQHandler
                0x00000000080036a0                PVD_PVM_IRQHandler
                0x00000000080036a0                SPI2_IRQHandler
                0x00000000080036a0                CAN1_TX_IRQHandler
                0x00000000080036a0                DMA2_Channel5_IRQHandler
                0x00000000080036a0                DMA1_Channel5_IRQHandler
                0x00000000080036a0                EXTI4_IRQHandler
                0x00000000080036a0                RNG_IRQHandler
                0x00000000080036a0                TIM1_TRG_COM_TIM17_IRQHandler
                0x00000000080036a0                DMA1_Channel3_IRQHandler
                0x00000000080036a0                COMP_IRQHandler
                0x00000000080036a0                WWDG_IRQHandler
                0x00000000080036a0                LPUART1_IRQHandler
                0x00000000080036a0                DMA2_Channel6_IRQHandler
                0x00000000080036a0                TIM2_IRQHandler
                0x00000000080036a0                EXTI1_IRQHandler
                0x00000000080036a0                USART2_IRQHandler
                0x00000000080036a0                DFSDM1_FLT0_IRQHandler
                0x00000000080036a0                I2C2_ER_IRQHandler
                0x00000000080036a0                DMA1_Channel2_IRQHandler
                0x00000000080036a0                TIM8_BRK_IRQHandler
                0x00000000080036a0                CAN1_SCE_IRQHandler
                0x00000000080036a0                FLASH_IRQHandler
                0x00000000080036a0                USART1_IRQHandler
                0x00000000080036a0                OTG_FS_IRQHandler
                0x00000000080036a0                SPI3_IRQHandler
                0x00000000080036a0                I2C1_ER_IRQHandler
                0x00000000080036a0                FMC_IRQHandler
                0x00000000080036a0                SWPMI1_IRQHandler
                0x00000000080036a0                LPTIM1_IRQHandler
                0x00000000080036a0                SAI1_IRQHandler
                0x00000000080036a0                DMA2_Channel3_IRQHandler
                0x00000000080036a0                TIM1_BRK_TIM15_IRQHandler
 *fill*         0x00000000080036a2        0x2 
 .text.__libc_init_array
                0x00000000080036a4       0x48 /usr/bin/../lib/gcc/arm-none-eabi/7.3.1/../../../../arm-none-eabi/lib/thumb/v7e-m/fpv4-sp/hard/libc_nano.a(lib_a-init.o)
                0x00000000080036a4                __libc_init_array
 .text.malloc   0x00000000080036ec       0x10 /usr/bin/../lib/gcc/arm-none-eabi/7.3.1/../../../../arm-none-eabi/lib/thumb/v7e-m/fpv4-sp/hard/libc_nano.a(lib_a-malloc.o)
                0x00000000080036ec                malloc
 .text.memset   0x00000000080036fc       0x10 /usr/bin/../lib/gcc/arm-none-eabi/7.3.1/../../../../arm-none-eabi/lib/thumb/v7e-m/fpv4-sp/hard/libc_nano.a(lib_a-memset.o)
                0x00000000080036fc                memset
 .text._free_r  0x000000000800370c       0x9c /usr/bin/../lib/gcc/arm-none-eabi/7.3.1/../../../../arm-none-eabi/lib/thumb/v7e-m/fpv4-sp/hard/libc_nano.a(lib_a-nano-freer.o)
                0x000000000800370c                _free_r
 .text._malloc_r
                0x00000000080037a8       0xb4 /usr/bin/../lib/gcc/arm-none-eabi/7.3.1/../../../../arm-none-eabi/lib/thumb/v7e-m/fpv4-sp/hard/libc_nano.a(lib_a-nano-mallocr.o)
                0x00000000080037a8                _malloc_r
 .text.printf   0x000000000800385c       0x30 /usr/bin/../lib/gcc/arm-none-eabi/7.3.1/../../../../arm-none-eabi/lib/thumb/v7e-m/fpv4-sp/hard/libc_nano.a(lib_a-printf.o)
                0x000000000800385c                printf
                0x000000000800385c                iprintf
 .text._puts_r  0x000000000800388c       0xb8 /usr/bin/../lib/gcc/arm-none-eabi/7.3.1/../../../../arm-none-eabi/lib/thumb/v7e-m/fpv4-sp/hard/libc_nano.a(lib_a-puts.o)
                0x000000000800388c                _puts_r
 .text.puts     0x0000000008003944       0x10 /usr/bin/../lib/gcc/arm-none-eabi/7.3.1/../../../../arm-none-eabi/lib/thumb/v7e-m/fpv4-sp/hard/libc_nano.a(lib_a-puts.o)
                0x0000000008003944                puts
 .text._sbrk_r  0x0000000008003954       0x20 /usr/bin/../lib/gcc/arm-none-eabi/7.3.1/../../../../arm-none-eabi/lib/thumb/v7e-m/fpv4-sp/hard/libc_nano.a(lib_a-sbrkr.o)
                0x0000000008003954                _sbrk_r
 .text.__swbuf_r
                0x0000000008003974       0xa4 /usr/bin/../lib/gcc/arm-none-eabi/7.3.1/../../../../arm-none-eabi/lib/thumb/v7e-m/fpv4-sp/hard/libc_nano.a(lib_a-wbuf.o)
                0x0000000008003974                __swbuf_r
 .text.__swsetup_r
                0x0000000008003a18       0xdc /usr/bin/../lib/gcc/arm-none-eabi/7.3.1/../../../../arm-none-eabi/lib/thumb/v7e-m/fpv4-sp/hard/libc_nano.a(lib_a-wsetup.o)
                0x0000000008003a18                __swsetup_r
 .text.__sflush_r
                0x0000000008003af4      0x10c /usr/bin/../lib/gcc/arm-none-eabi/7.3.1/../../../../arm-none-eabi/lib/thumb/v7e-m/fpv4-sp/hard/libc_nano.a(lib_a-fflush.o)
                0x0000000008003af4                __sflush_r
 .text._fflush_r
                0x0000000008003c00       0x54 /usr/bin/../lib/gcc/arm-none-eabi/7.3.1/../../../../arm-none-eabi/lib/thumb/v7e-m/fpv4-sp/hard/libc_nano.a(lib_a-fflush.o)
                0x0000000008003c00                _fflush_r
 .text.std      0x0000000008003c54       0x48 /usr/bin/../lib/gcc/arm-none-eabi/7.3.1/../../../../arm-none-eabi/lib/thumb/v7e-m/fpv4-sp/hard/libc_nano.a(lib_a-findfp.o)
 .text._cleanup_r
                0x0000000008003c9c        0xc /usr/bin/../lib/gcc/arm-none-eabi/7.3.1/../../../../arm-none-eabi/lib/thumb/v7e-m/fpv4-sp/hard/libc_nano.a(lib_a-findfp.o)
                0x0000000008003c9c                _cleanup_r
 .text.__sfmoreglue
                0x0000000008003ca8       0x2c /usr/bin/../lib/gcc/arm-none-eabi/7.3.1/../../../../arm-none-eabi/lib/thumb/v7e-m/fpv4-sp/hard/libc_nano.a(lib_a-findfp.o)
                0x0000000008003ca8                __sfmoreglue
 .text.__sinit  0x0000000008003cd4       0x60 /usr/bin/../lib/gcc/arm-none-eabi/7.3.1/../../../../arm-none-eabi/lib/thumb/v7e-m/fpv4-sp/hard/libc_nano.a(lib_a-findfp.o)
                0x0000000008003cd4                __sinit
 .text.__sfp    0x0000000008003d34       0x78 /usr/bin/../lib/gcc/arm-none-eabi/7.3.1/../../../../arm-none-eabi/lib/thumb/v7e-m/fpv4-sp/hard/libc_nano.a(lib_a-findfp.o)
                0x0000000008003d34                __sfp
 .text._fwalk_reent
                0x0000000008003dac       0x3c /usr/bin/../lib/gcc/arm-none-eabi/7.3.1/../../../../arm-none-eabi/lib/thumb/v7e-m/fpv4-sp/hard/libc_nano.a(lib_a-fwalk.o)
                0x0000000008003dac                _fwalk_reent
 .text.__swhatbuf_r
                0x0000000008003de8       0x48 /usr/bin/../lib/gcc/arm-none-eabi/7.3.1/../../../../arm-none-eabi/lib/thumb/v7e-m/fpv4-sp/hard/libc_nano.a(lib_a-makebuf.o)
                0x0000000008003de8                __swhatbuf_r
 .text.__smakebuf_r
                0x0000000008003e30       0x80 /usr/bin/../lib/gcc/arm-none-eabi/7.3.1/../../../../arm-none-eabi/lib/thumb/v7e-m/fpv4-sp/hard/libc_nano.a(lib_a-makebuf.o)
                0x0000000008003e30                __smakebuf_r
 .text.__malloc_lock
                0x0000000008003eb0        0x2 /usr/bin/../lib/gcc/arm-none-eabi/7.3.1/../../../../arm-none-eabi/lib/thumb/v7e-m/fpv4-sp/hard/libc_nano.a(lib_a-mlock.o)
                0x0000000008003eb0                __malloc_lock
 .text.__malloc_unlock
                0x0000000008003eb2        0x2 /usr/bin/../lib/gcc/arm-none-eabi/7.3.1/../../../../arm-none-eabi/lib/thumb/v7e-m/fpv4-sp/hard/libc_nano.a(lib_a-mlock.o)
                0x0000000008003eb2                __malloc_unlock
 .text.__sfputc_r
                0x0000000008003eb4       0x2e /usr/bin/../lib/gcc/arm-none-eabi/7.3.1/../../../../arm-none-eabi/lib/thumb/v7e-m/fpv4-sp/hard/libc_nano.a(lib_a-nano-vfprintf.o)
 .text.__sfputs_r
                0x0000000008003ee2       0x24 /usr/bin/../lib/gcc/arm-none-eabi/7.3.1/../../../../arm-none-eabi/lib/thumb/v7e-m/fpv4-sp/hard/libc_nano.a(lib_a-nano-vfprintf.o)
                0x0000000008003ee2                __sfputs_r
 *fill*         0x0000000008003f06        0x2 
 .text._vfprintf_r
                0x0000000008003f08      0x22c /usr/bin/../lib/gcc/arm-none-eabi/7.3.1/../../../../arm-none-eabi/lib/thumb/v7e-m/fpv4-sp/hard/libc_nano.a(lib_a-nano-vfprintf.o)
                0x0000000008003f08                _vfiprintf_r
                0x0000000008003f08                _vfprintf_r
 .text._printf_common
                0x0000000008004134       0xea /usr/bin/../lib/gcc/arm-none-eabi/7.3.1/../../../../arm-none-eabi/lib/thumb/v7e-m/fpv4-sp/hard/libc_nano.a(lib_a-nano-vfprintf_i.o)
                0x0000000008004134                _printf_common
 *fill*         0x000000000800421e        0x2 
 .text._printf_i
                0x0000000008004220      0x224 /usr/bin/../lib/gcc/arm-none-eabi/7.3.1/../../../../arm-none-eabi/lib/thumb/v7e-m/fpv4-sp/hard/libc_nano.a(lib_a-nano-vfprintf_i.o)
                0x0000000008004220                _printf_i
 .text.__sread  0x0000000008004444       0x22 /usr/bin/../lib/gcc/arm-none-eabi/7.3.1/../../../../arm-none-eabi/lib/thumb/v7e-m/fpv4-sp/hard/libc_nano.a(lib_a-stdio.o)
                0x0000000008004444                __sread
 .text.__swrite
                0x0000000008004466       0x38 /usr/bin/../lib/gcc/arm-none-eabi/7.3.1/../../../../arm-none-eabi/lib/thumb/v7e-m/fpv4-sp/hard/libc_nano.a(lib_a-stdio.o)
                0x0000000008004466                __swrite
 .text.__sseek  0x000000000800449e       0x24 /usr/bin/../lib/gcc/arm-none-eabi/7.3.1/../../../../arm-none-eabi/lib/thumb/v7e-m/fpv4-sp/hard/libc_nano.a(lib_a-stdio.o)
                0x000000000800449e                __sseek
 .text.__sclose
                0x00000000080044c2        0x8 /usr/bin/../lib/gcc/arm-none-eabi/7.3.1/../../../../arm-none-eabi/lib/thumb/v7e-m/fpv4-sp/hard/libc_nano.a(lib_a-stdio.o)
                0x00000000080044c2                __sclose
 *fill*         0x00000000080044ca        0x2 
 .text._write_r
                0x00000000080044cc       0x24 /usr/bin/../lib/gcc/arm-none-eabi/7.3.1/../../../../arm-none-eabi/lib/thumb/v7e-m/fpv4-sp/hard/libc_nano.a(lib_a-writer.o)
                0x00000000080044cc                _write_r
 .text._close_r
                0x00000000080044f0       0x20 /usr/bin/../lib/gcc/arm-none-eabi/7.3.1/../../../../arm-none-eabi/lib/thumb/v7e-m/fpv4-sp/hard/libc_nano.a(lib_a-closer.o)
                0x00000000080044f0                _close_r
 .text._fstat_r
                0x0000000008004510       0x24 /usr/bin/../lib/gcc/arm-none-eabi/7.3.1/../../../../arm-none-eabi/lib/thumb/v7e-m/fpv4-sp/hard/libc_nano.a(lib_a-fstatr.o)
                0x0000000008004510                _fstat_r
 .text._isatty_r
                0x0000000008004534       0x20 /usr/bin/../lib/gcc/arm-none-eabi/7.3.1/../../../../arm-none-eabi/lib/thumb/v7e-m/fpv4-sp/hard/libc_nano.a(lib_a-isattyr.o)
                0x0000000008004534                _isatty_r
 .text._lseek_r
                0x0000000008004554       0x24 /usr/bin/../lib/gcc/arm-none-eabi/7.3.1/../../../../arm-none-eabi/lib/thumb/v7e-m/fpv4-sp/hard/libc_nano.a(lib_a-lseekr.o)
                0x0000000008004554                _lseek_r
 .text._read_r  0x0000000008004578       0x24 /usr/bin/../lib/gcc/arm-none-eabi/7.3.1/../../../../arm-none-eabi/lib/thumb/v7e-m/fpv4-sp/hard/libc_nano.a(lib_a-readr.o)
                0x0000000008004578                _read_r
 .text._close   0x000000000800459c       0x10 /usr/bin/../lib/gcc/arm-none-eabi/7.3.1/../../../../arm-none-eabi/lib/thumb/v7e-m/fpv4-sp/hard/libnosys.a(close.o)
                0x000000000800459c                _close
 .text._fstat   0x00000000080045ac       0x10 /usr/bin/../lib/gcc/arm-none-eabi/7.3.1/../../../../arm-none-eabi/lib/thumb/v7e-m/fpv4-sp/hard/libnosys.a(fstat.o)
                0x00000000080045ac                _fstat
 .text._isatty  0x00000000080045bc       0x10 /usr/bin/../lib/gcc/arm-none-eabi/7.3.1/../../../../arm-none-eabi/lib/thumb/v7e-m/fpv4-sp/hard/libnosys.a(isatty.o)
                0x00000000080045bc                _isatty
 .text._lseek   0x00000000080045cc       0x10 /usr/bin/../lib/gcc/arm-none-eabi/7.3.1/../../../../arm-none-eabi/lib/thumb/v7e-m/fpv4-sp/hard/libnosys.a(lseek.o)
                0x00000000080045cc                _lseek
 .text._read    0x00000000080045dc       0x10 /usr/bin/../lib/gcc/arm-none-eabi/7.3.1/../../../../arm-none-eabi/lib/thumb/v7e-m/fpv4-sp/hard/libnosys.a(read.o)
                0x00000000080045dc                _read
 .text._sbrk    0x00000000080045ec       0x1c /usr/bin/../lib/gcc/arm-none-eabi/7.3.1/../../../../arm-none-eabi/lib/thumb/v7e-m/fpv4-sp/hard/libnosys.a(sbrk.o)
                0x00000000080045ec                _sbrk
 .text._write   0x0000000008004608       0x10 /usr/bin/../lib/gcc/arm-none-eabi/7.3.1/../../../../arm-none-eabi/lib/thumb/v7e-m/fpv4-sp/hard/libnosys.a(write.o)
                0x0000000008004608                _write
 *(.glue_7)
 .glue_7        0x0000000008004618        0x0 linker stubs
 *(.glue_7t)
 .glue_7t       0x0000000008004618        0x0 linker stubs
 *(.eh_frame)
 .eh_frame      0x0000000008004618        0x0 /usr/bin/../lib/gcc/arm-none-eabi/7.3.1/thumb/v7e-m/fpv4-sp/hard/crtbegin.o
 *(.init)
 .init          0x0000000008004618        0x4 /usr/bin/../lib/gcc/arm-none-eabi/7.3.1/thumb/v7e-m/fpv4-sp/hard/crti.o
                0x0000000008004618                _init
 .init          0x000000000800461c        0x8 /usr/bin/../lib/gcc/arm-none-eabi/7.3.1/thumb/v7e-m/fpv4-sp/hard/crtn.o
 *(.fini)
 .fini          0x0000000008004624        0x4 /usr/bin/../lib/gcc/arm-none-eabi/7.3.1/thumb/v7e-m/fpv4-sp/hard/crti.o
                0x0000000008004624                _fini
 .fini          0x0000000008004628        0x8 /usr/bin/../lib/gcc/arm-none-eabi/7.3.1/thumb/v7e-m/fpv4-sp/hard/crtn.o
                0x0000000008004630                . = ALIGN (0x8)
                0x0000000008004630                _etext = .

.vfp11_veneer   0x0000000008004630        0x0
 .vfp11_veneer  0x0000000008004630        0x0 linker stubs

.v4_bx          0x0000000008004630        0x0
 .v4_bx         0x0000000008004630        0x0 linker stubs

.iplt           0x0000000008004630        0x0
 .iplt          0x0000000008004630        0x0 /usr/bin/../lib/gcc/arm-none-eabi/7.3.1/thumb/v7e-m/fpv4-sp/hard/crtbegin.o

.rodata         0x0000000008004630     0x35e0
                0x0000000008004630                . = ALIGN (0x8)
 *(.rodata)
 .rodata        0x0000000008004630        0xa build/GUI_Paint.o
 *(.rodata*)
 *fill*         0x000000000800463a        0x2 
 .rodata.main.str1.4
                0x000000000800463c       0xb9 build/main.o
 *fill*         0x00000000080046f5        0x3 
 .rodata.AHBPrescTable
                0x00000000080046f8       0x10 build/system_stm32l4xx.o
                0x00000000080046f8                AHBPrescTable
 .rodata.APBPrescTable
                0x0000000008004708        0x8 build/system_stm32l4xx.o
                0x0000000008004708                APBPrescTable
 .rodata.MSIRangeTable
                0x0000000008004710       0x30 build/system_stm32l4xx.o
                0x0000000008004710                MSIRangeTable
 .rodata.EPD_WaitUntilIdle.str1.4
                0x0000000008004740       0x35 build/EPD_2in9.o
 *fill*         0x0000000008004775        0x3 
 .rodata.lut_full_update
                0x0000000008004778       0x1e build/EPD_2in9.o
                0x0000000008004778                lut_full_update
 *fill*         0x0000000008004796        0x2 
 .rodata.lut_partial_update
                0x0000000008004798       0x1e build/EPD_2in9.o
                0x0000000008004798                lut_partial_update
 *fill*         0x00000000080047b6        0x2 
 .rodata.gImage_2in9
                0x00000000080047b8     0x1280 build/ImageData.o
                0x00000000080047b8                gImage_2in9
 .rodata.Font12_Table
                0x0000000008005a38      0x474 build/font12.o
                0x0000000008005a38                Font12_Table
 .rodata.Font16_Table
                0x0000000008005eac      0xbe0 build/font16.o
                0x0000000008005eac                Font16_Table
 .rodata.Font20_Table
                0x0000000008006a8c      0xed8 build/font20.o
                0x0000000008006a8c                Font20_Table
 .rodata.Paint_DrawChar.str1.4
                0x0000000008007964       0x3e build/GUI_Paint.o
 *fill*         0x00000000080079a2        0x2 
 .rodata.Paint_DrawCircle.str1.4
                0x00000000080079a4       0x40 build/GUI_Paint.o
 .rodata.Paint_DrawLine.str1.4
                0x00000000080079e4       0x3e build/GUI_Paint.o
 *fill*         0x0000000008007a22        0x2 
 .rodata.Paint_DrawNum.str1.4
                0x0000000008007a24       0x3c build/GUI_Paint.o
 .rodata.Paint_DrawPoint.str1.4
                0x0000000008007a60       0x3f build/GUI_Paint.o
 *fill*         0x0000000008007a9f        0x1 
 .rodata.Paint_DrawRectangle.str1.4
                0x0000000008007aa0       0x2f build/GUI_Paint.o
 *fill*         0x0000000008007acf        0x1 
 .rodata.Paint_DrawString_EN.str1.4
                0x0000000008007ad0       0x43 build/GUI_Paint.o
 *fill*         0x0000000008007b13        0x1 
 .rodata.Paint_NewImage.str1.4
                0x0000000008007b14       0x3a build/GUI_Paint.o
 *fill*         0x0000000008007b4e        0x2 
 .rodata.Paint_SetPixel.str1.4
                0x0000000008007b50       0x28 build/GUI_Paint.o
                                         0x25 (size before relaxing)
 .rodata._global_impure_ptr
                0x0000000008007b78        0x4 /usr/bin/../lib/gcc/arm-none-eabi/7.3.1/../../../../arm-none-eabi/lib/thumb/v7e-m/fpv4-sp/hard/libc_nano.a(lib_a-impure.o)
                0x0000000008007b78                _global_impure_ptr
 .rodata.__sf_fake_stderr
                0x0000000008007b7c       0x20 /usr/bin/../lib/gcc/arm-none-eabi/7.3.1/../../../../arm-none-eabi/lib/thumb/v7e-m/fpv4-sp/hard/libc_nano.a(lib_a-findfp.o)
                0x0000000008007b7c                __sf_fake_stderr
 .rodata.__sf_fake_stdin
                0x0000000008007b9c       0x20 /usr/bin/../lib/gcc/arm-none-eabi/7.3.1/../../../../arm-none-eabi/lib/thumb/v7e-m/fpv4-sp/hard/libc_nano.a(lib_a-findfp.o)
                0x0000000008007b9c                __sf_fake_stdin
 .rodata.__sf_fake_stdout
                0x0000000008007bbc       0x20 /usr/bin/../lib/gcc/arm-none-eabi/7.3.1/../../../../arm-none-eabi/lib/thumb/v7e-m/fpv4-sp/hard/libc_nano.a(lib_a-findfp.o)
                0x0000000008007bbc                __sf_fake_stdout
 .rodata._vfprintf_r.str1.1
                0x0000000008007bdc       0x11 /usr/bin/../lib/gcc/arm-none-eabi/7.3.1/../../../../arm-none-eabi/lib/thumb/v7e-m/fpv4-sp/hard/libc_nano.a(lib_a-nano-vfprintf.o)
 .rodata._printf_i.str1.1
                0x0000000008007bed       0x22 /usr/bin/../lib/gcc/arm-none-eabi/7.3.1/../../../../arm-none-eabi/lib/thumb/v7e-m/fpv4-sp/hard/libc_nano.a(lib_a-nano-vfprintf_i.o)
                0x0000000008007c10                . = ALIGN (0x8)
 *fill*         0x0000000008007c0f        0x1 

.ARM.extab      0x0000000008007c10        0x0
                0x0000000008007c10                . = ALIGN (0x8)
 *(.ARM.extab* .gnu.linkonce.armextab.*)
                0x0000000008007c10                . = ALIGN (0x8)

.ARM            0x0000000008007c10        0x8
                0x0000000008007c10                . = ALIGN (0x8)
                0x0000000008007c10                __exidx_start = .
 *(.ARM.exidx*)
 .ARM.exidx     0x0000000008007c10        0x8 /usr/bin/../lib/gcc/arm-none-eabi/7.3.1/thumb/v7e-m/fpv4-sp/hard/libgcc.a(_udivmoddi4.o)
                0x0000000008007c18                __exidx_end = .
                0x0000000008007c18                . = ALIGN (0x8)

.rel.dyn        0x0000000008007c18        0x0
 .rel.iplt      0x0000000008007c18        0x0 /usr/bin/../lib/gcc/arm-none-eabi/7.3.1/thumb/v7e-m/fpv4-sp/hard/crtbegin.o

.preinit_array  0x0000000008007c18        0x0
                0x0000000008007c18                . = ALIGN (0x8)
                0x0000000008007c18                PROVIDE (__preinit_array_start = .)
 *(.preinit_array*)
                0x0000000008007c18                PROVIDE (__preinit_array_end = .)
                0x0000000008007c18                . = ALIGN (0x8)

.init_array     0x0000000008007c18        0x8
                0x0000000008007c18                . = ALIGN (0x8)
                0x0000000008007c18                PROVIDE (__init_array_start = .)
 *(SORT_BY_NAME(.init_array.*))
 *(.init_array*)
 .init_array    0x0000000008007c18        0x4 /usr/bin/../lib/gcc/arm-none-eabi/7.3.1/thumb/v7e-m/fpv4-sp/hard/crtbegin.o
                0x0000000008007c1c                PROVIDE (__init_array_end = .)
                0x0000000008007c20                . = ALIGN (0x8)
 *fill*         0x0000000008007c1c        0x4 

.fini_array     0x0000000008007c20        0x8
                0x0000000008007c20                . = ALIGN (0x8)
                [!provide]                        PROVIDE (__fini_array_start = .)
 *(SORT_BY_NAME(.fini_array.*))
 *(.fini_array*)
 .fini_array    0x0000000008007c20        0x4 /usr/bin/../lib/gcc/arm-none-eabi/7.3.1/thumb/v7e-m/fpv4-sp/hard/crtbegin.o
                [!provide]                        PROVIDE (__fini_array_end = .)
                0x0000000008007c28                . = ALIGN (0x8)
 *fill*         0x0000000008007c24        0x4 
                0x0000000008007c28                _sidata = LOADADDR (.data)

.data           0x0000000020000000       0x80 load address 0x0000000008007c28
                0x0000000020000000                . = ALIGN (0x8)
                0x0000000020000000                _sdata = .
 *(.data)
 *(.data*)
 .data.SystemCoreClock
                0x0000000020000000        0x4 build/system_stm32l4xx.o
                0x0000000020000000                SystemCoreClock
 .data.Font12   0x0000000020000004        0x8 build/font12.o
                0x0000000020000004                Font12
 .data.Font16   0x000000002000000c        0x8 build/font16.o
                0x000000002000000c                Font16
 .data.Font20   0x0000000020000014        0x8 build/font20.o
                0x0000000020000014                Font20
 .data._impure_ptr
                0x000000002000001c        0x4 /usr/bin/../lib/gcc/arm-none-eabi/7.3.1/../../../../arm-none-eabi/lib/thumb/v7e-m/fpv4-sp/hard/libc_nano.a(lib_a-impure.o)
                0x000000002000001c                _impure_ptr
 .data.impure_data
                0x0000000020000020       0x60 /usr/bin/../lib/gcc/arm-none-eabi/7.3.1/../../../../arm-none-eabi/lib/thumb/v7e-m/fpv4-sp/hard/libc_nano.a(lib_a-impure.o)
                0x0000000020000080                . = ALIGN (0x8)
                0x0000000020000080                _edata = .

.igot.plt       0x0000000020000080        0x0 load address 0x0000000008007ca8
 .igot.plt      0x0000000020000080        0x0 /usr/bin/../lib/gcc/arm-none-eabi/7.3.1/thumb/v7e-m/fpv4-sp/hard/crtbegin.o
                0x0000000020000080                . = ALIGN (0x4)

.bss            0x0000000020000080      0x124 load address 0x0000000008007ca8
                0x0000000020000080                _sbss = .
                0x0000000020000080                __bss_start__ = _sbss
 *(.bss)
 .bss           0x0000000020000080       0x1c /usr/bin/../lib/gcc/arm-none-eabi/7.3.1/thumb/v7e-m/fpv4-sp/hard/crtbegin.o
 *(.bss*)
 .bss.__malloc_free_list
                0x000000002000009c        0x4 /usr/bin/../lib/gcc/arm-none-eabi/7.3.1/../../../../arm-none-eabi/lib/thumb/v7e-m/fpv4-sp/hard/libc_nano.a(lib_a-nano-mallocr.o)
                0x000000002000009c                __malloc_free_list
 .bss.__malloc_sbrk_start
                0x00000000200000a0        0x4 /usr/bin/../lib/gcc/arm-none-eabi/7.3.1/../../../../arm-none-eabi/lib/thumb/v7e-m/fpv4-sp/hard/libc_nano.a(lib_a-nano-mallocr.o)
                0x00000000200000a0                __malloc_sbrk_start
 .bss.heap_end.5377
                0x00000000200000a4        0x4 /usr/bin/../lib/gcc/arm-none-eabi/7.3.1/../../../../arm-none-eabi/lib/thumb/v7e-m/fpv4-sp/hard/libnosys.a(sbrk.o)
 *(COMMON)
 COMMON         0x00000000200000a8       0xdc build/main.o
                0x00000000200000a8                hspi1
                0x000000002000010c                huart2
 COMMON         0x0000000020000184        0x4 build/stm32l4xx_hal.o
                0x0000000020000184                uwTick
 COMMON         0x0000000020000188       0x18 build/GUI_Paint.o
                0x0000000020000188                Paint
 COMMON         0x00000000200001a0        0x4 /usr/bin/../lib/gcc/arm-none-eabi/7.3.1/../../../../arm-none-eabi/lib/thumb/v7e-m/fpv4-sp/hard/libc_nano.a(lib_a-reent.o)
                0x00000000200001a0                errno
                0x00000000200001a4                . = ALIGN (0x4)
                0x00000000200001a4                _ebss = .
                0x00000000200001a4                __bss_end__ = _ebss

._user_heap_stack
                0x00000000200001a4      0x604 load address 0x0000000008007ca8
                0x00000000200001a8                . = ALIGN (0x8)
 *fill*         0x00000000200001a4        0x4 
                0x00000000200001a8                PROVIDE (end = .)
                [!provide]                        PROVIDE (_end = .)
                0x00000000200003a8                . = (. + _Min_Heap_Size)
 *fill*         0x00000000200001a8      0x200 
                0x00000000200007a8                . = (. + _Min_Stack_Size)
 *fill*         0x00000000200003a8      0x400 
                0x00000000200007a8                . = ALIGN (0x8)

/DISCARD/
 libc.a(*)
 libm.a(*)
 libgcc.a(*)

.ARM.attributes
                0x0000000000000000       0x30
 *(.ARM.attributes)
 .ARM.attributes
                0x0000000000000000       0x22 /usr/bin/../lib/gcc/arm-none-eabi/7.3.1/thumb/v7e-m/fpv4-sp/hard/crti.o
 .ARM.attributes
                0x0000000000000022       0x34 /usr/bin/../lib/gcc/arm-none-eabi/7.3.1/thumb/v7e-m/fpv4-sp/hard/crtbegin.o
 .ARM.attributes
                0x0000000000000056       0x39 build/main.o
 .ARM.attributes
                0x000000000000008f       0x39 build/stm32l4xx_it.o
 .ARM.attributes
                0x00000000000000c8       0x39 build/stm32l4xx_hal_msp.o
 .ARM.attributes
                0x0000000000000101       0x39 build/stm32l4xx_hal_uart.o
 .ARM.attributes
                0x000000000000013a       0x39 build/stm32l4xx_hal.o
 .ARM.attributes
                0x0000000000000173       0x39 build/stm32l4xx_hal_rcc.o
 .ARM.attributes
                0x00000000000001ac       0x39 build/stm32l4xx_hal_rcc_ex.o
 .ARM.attributes
                0x00000000000001e5       0x39 build/stm32l4xx_hal_gpio.o
 .ARM.attributes
                0x000000000000021e       0x39 build/stm32l4xx_hal_pwr_ex.o
 .ARM.attributes
                0x0000000000000257       0x39 build/stm32l4xx_hal_cortex.o
 .ARM.attributes
                0x0000000000000290       0x39 build/stm32l4xx_hal_spi.o
 .ARM.attributes
                0x00000000000002c9       0x39 build/system_stm32l4xx.o
 .ARM.attributes
                0x0000000000000302       0x39 build/DEV_Config.o
 .ARM.attributes
                0x000000000000033b       0x39 build/EPD_2in9.o
 .ARM.attributes
                0x0000000000000374       0x39 build/ImageData.o
 .ARM.attributes
                0x00000000000003ad       0x39 build/font12.o
 .ARM.attributes
                0x00000000000003e6       0x39 build/font16.o
 .ARM.attributes
                0x000000000000041f       0x39 build/font20.o
 .ARM.attributes
                0x0000000000000458       0x39 build/GUI_Paint.o
 .ARM.attributes
                0x0000000000000491       0x21 build/startup_stm32l476xx.o
 .ARM.attributes
                0x00000000000004b2       0x34 /usr/bin/../lib/gcc/arm-none-eabi/7.3.1/../../../../arm-none-eabi/lib/thumb/v7e-m/fpv4-sp/hard/libc_nano.a(lib_a-impure.o)
 .ARM.attributes
                0x00000000000004e6       0x34 /usr/bin/../lib/gcc/arm-none-eabi/7.3.1/../../../../arm-none-eabi/lib/thumb/v7e-m/fpv4-sp/hard/libc_nano.a(lib_a-init.o)
 .ARM.attributes
                0x000000000000051a       0x34 /usr/bin/../lib/gcc/arm-none-eabi/7.3.1/../../../../arm-none-eabi/lib/thumb/v7e-m/fpv4-sp/hard/libc_nano.a(lib_a-malloc.o)
 .ARM.attributes
                0x000000000000054e       0x34 /usr/bin/../lib/gcc/arm-none-eabi/7.3.1/../../../../arm-none-eabi/lib/thumb/v7e-m/fpv4-sp/hard/libc_nano.a(lib_a-memset.o)
 .ARM.attributes
                0x0000000000000582       0x34 /usr/bin/../lib/gcc/arm-none-eabi/7.3.1/../../../../arm-none-eabi/lib/thumb/v7e-m/fpv4-sp/hard/libc_nano.a(lib_a-nano-freer.o)
 .ARM.attributes
                0x00000000000005b6       0x34 /usr/bin/../lib/gcc/arm-none-eabi/7.3.1/../../../../arm-none-eabi/lib/thumb/v7e-m/fpv4-sp/hard/libc_nano.a(lib_a-nano-mallocr.o)
 .ARM.attributes
                0x00000000000005ea       0x34 /usr/bin/../lib/gcc/arm-none-eabi/7.3.1/../../../../arm-none-eabi/lib/thumb/v7e-m/fpv4-sp/hard/libc_nano.a(lib_a-printf.o)
 .ARM.attributes
                0x000000000000061e       0x34 /usr/bin/../lib/gcc/arm-none-eabi/7.3.1/../../../../arm-none-eabi/lib/thumb/v7e-m/fpv4-sp/hard/libc_nano.a(lib_a-puts.o)
 .ARM.attributes
                0x0000000000000652       0x34 /usr/bin/../lib/gcc/arm-none-eabi/7.3.1/../../../../arm-none-eabi/lib/thumb/v7e-m/fpv4-sp/hard/libc_nano.a(lib_a-sbrkr.o)
 .ARM.attributes
                0x0000000000000686       0x34 /usr/bin/../lib/gcc/arm-none-eabi/7.3.1/../../../../arm-none-eabi/lib/thumb/v7e-m/fpv4-sp/hard/libc_nano.a(lib_a-wbuf.o)
 .ARM.attributes
                0x00000000000006ba       0x34 /usr/bin/../lib/gcc/arm-none-eabi/7.3.1/../../../../arm-none-eabi/lib/thumb/v7e-m/fpv4-sp/hard/libc_nano.a(lib_a-wsetup.o)
 .ARM.attributes
                0x00000000000006ee       0x34 /usr/bin/../lib/gcc/arm-none-eabi/7.3.1/../../../../arm-none-eabi/lib/thumb/v7e-m/fpv4-sp/hard/libc_nano.a(lib_a-fflush.o)
 .ARM.attributes
                0x0000000000000722       0x34 /usr/bin/../lib/gcc/arm-none-eabi/7.3.1/../../../../arm-none-eabi/lib/thumb/v7e-m/fpv4-sp/hard/libc_nano.a(lib_a-findfp.o)
 .ARM.attributes
                0x0000000000000756       0x34 /usr/bin/../lib/gcc/arm-none-eabi/7.3.1/../../../../arm-none-eabi/lib/thumb/v7e-m/fpv4-sp/hard/libc_nano.a(lib_a-fwalk.o)
 .ARM.attributes
                0x000000000000078a       0x34 /usr/bin/../lib/gcc/arm-none-eabi/7.3.1/../../../../arm-none-eabi/lib/thumb/v7e-m/fpv4-sp/hard/libc_nano.a(lib_a-makebuf.o)
 .ARM.attributes
                0x00000000000007be       0x34 /usr/bin/../lib/gcc/arm-none-eabi/7.3.1/../../../../arm-none-eabi/lib/thumb/v7e-m/fpv4-sp/hard/libc_nano.a(lib_a-mlock.o)
 .ARM.attributes
                0x00000000000007f2       0x34 /usr/bin/../lib/gcc/arm-none-eabi/7.3.1/../../../../arm-none-eabi/lib/thumb/v7e-m/fpv4-sp/hard/libc_nano.a(lib_a-nano-vfprintf.o)
 .ARM.attributes
                0x0000000000000826       0x34 /usr/bin/../lib/gcc/arm-none-eabi/7.3.1/../../../../arm-none-eabi/lib/thumb/v7e-m/fpv4-sp/hard/libc_nano.a(lib_a-nano-vfprintf_i.o)
 .ARM.attributes
                0x000000000000085a       0x34 /usr/bin/../lib/gcc/arm-none-eabi/7.3.1/../../../../arm-none-eabi/lib/thumb/v7e-m/fpv4-sp/hard/libc_nano.a(lib_a-reent.o)
 .ARM.attributes
                0x000000000000088e       0x34 /usr/bin/../lib/gcc/arm-none-eabi/7.3.1/../../../../arm-none-eabi/lib/thumb/v7e-m/fpv4-sp/hard/libc_nano.a(lib_a-stdio.o)
 .ARM.attributes
                0x00000000000008c2       0x34 /usr/bin/../lib/gcc/arm-none-eabi/7.3.1/../../../../arm-none-eabi/lib/thumb/v7e-m/fpv4-sp/hard/libc_nano.a(lib_a-writer.o)
 .ARM.attributes
                0x00000000000008f6       0x34 /usr/bin/../lib/gcc/arm-none-eabi/7.3.1/../../../../arm-none-eabi/lib/thumb/v7e-m/fpv4-sp/hard/libc_nano.a(lib_a-closer.o)
 .ARM.attributes
                0x000000000000092a       0x34 /usr/bin/../lib/gcc/arm-none-eabi/7.3.1/../../../../arm-none-eabi/lib/thumb/v7e-m/fpv4-sp/hard/libc_nano.a(lib_a-fstatr.o)
 .ARM.attributes
                0x000000000000095e       0x34 /usr/bin/../lib/gcc/arm-none-eabi/7.3.1/../../../../arm-none-eabi/lib/thumb/v7e-m/fpv4-sp/hard/libc_nano.a(lib_a-isattyr.o)
 .ARM.attributes
                0x0000000000000992       0x34 /usr/bin/../lib/gcc/arm-none-eabi/7.3.1/../../../../arm-none-eabi/lib/thumb/v7e-m/fpv4-sp/hard/libc_nano.a(lib_a-lseekr.o)
 .ARM.attributes
                0x00000000000009c6       0x20 /usr/bin/../lib/gcc/arm-none-eabi/7.3.1/../../../../arm-none-eabi/lib/thumb/v7e-m/fpv4-sp/hard/libc_nano.a(lib_a-memchr.o)
 .ARM.attributes
                0x00000000000009e6       0x34 /usr/bin/../lib/gcc/arm-none-eabi/7.3.1/../../../../arm-none-eabi/lib/thumb/v7e-m/fpv4-sp/hard/libc_nano.a(lib_a-readr.o)
 .ARM.attributes
                0x0000000000000a1a       0x34 /usr/bin/../lib/gcc/arm-none-eabi/7.3.1/../../../../arm-none-eabi/lib/thumb/v7e-m/fpv4-sp/hard/libnosys.a(close.o)
 .ARM.attributes
                0x0000000000000a4e       0x34 /usr/bin/../lib/gcc/arm-none-eabi/7.3.1/../../../../arm-none-eabi/lib/thumb/v7e-m/fpv4-sp/hard/libnosys.a(fstat.o)
 .ARM.attributes
                0x0000000000000a82       0x34 /usr/bin/../lib/gcc/arm-none-eabi/7.3.1/../../../../arm-none-eabi/lib/thumb/v7e-m/fpv4-sp/hard/libnosys.a(isatty.o)
 .ARM.attributes
                0x0000000000000ab6       0x34 /usr/bin/../lib/gcc/arm-none-eabi/7.3.1/../../../../arm-none-eabi/lib/thumb/v7e-m/fpv4-sp/hard/libnosys.a(lseek.o)
 .ARM.attributes
                0x0000000000000aea       0x34 /usr/bin/../lib/gcc/arm-none-eabi/7.3.1/../../../../arm-none-eabi/lib/thumb/v7e-m/fpv4-sp/hard/libnosys.a(read.o)
 .ARM.attributes
                0x0000000000000b1e       0x34 /usr/bin/../lib/gcc/arm-none-eabi/7.3.1/../../../../arm-none-eabi/lib/thumb/v7e-m/fpv4-sp/hard/libnosys.a(sbrk.o)
 .ARM.attributes
                0x0000000000000b52       0x34 /usr/bin/../lib/gcc/arm-none-eabi/7.3.1/../../../../arm-none-eabi/lib/thumb/v7e-m/fpv4-sp/hard/libnosys.a(write.o)
 .ARM.attributes
                0x0000000000000b86       0x22 /usr/bin/../lib/gcc/arm-none-eabi/7.3.1/thumb/v7e-m/fpv4-sp/hard/libgcc.a(_aeabi_uldivmod.o)
 .ARM.attributes
                0x0000000000000ba8       0x34 /usr/bin/../lib/gcc/arm-none-eabi/7.3.1/thumb/v7e-m/fpv4-sp/hard/libgcc.a(_udivmoddi4.o)
 .ARM.attributes
                0x0000000000000bdc       0x22 /usr/bin/../lib/gcc/arm-none-eabi/7.3.1/thumb/v7e-m/fpv4-sp/hard/libgcc.a(_dvmd_tls.o)
 .ARM.attributes
                0x0000000000000bfe       0x22 /usr/bin/../lib/gcc/arm-none-eabi/7.3.1/thumb/v7e-m/fpv4-sp/hard/crtn.o
OUTPUT(build/smartwatch.elf elf32-littlearm)

.debug_info     0x0000000000000000    0x1103d
 .debug_info    0x0000000000000000     0x2899 build/main.o
 .debug_info    0x0000000000002899      0x236 build/stm32l4xx_it.o
 .debug_info    0x0000000000002acf      0xfa6 build/stm32l4xx_hal_msp.o
 .debug_info    0x0000000000003a75     0x1def build/stm32l4xx_hal_uart.o
 .debug_info    0x0000000000005864      0xd26 build/stm32l4xx_hal.o
 .debug_info    0x000000000000658a      0xf5c build/stm32l4xx_hal_rcc.o
 .debug_info    0x00000000000074e6     0x12f3 build/stm32l4xx_hal_rcc_ex.o
 .debug_info    0x00000000000087d9      0x928 build/stm32l4xx_hal_gpio.o
 .debug_info    0x0000000000009101      0xc0d build/stm32l4xx_hal_pwr_ex.o
 .debug_info    0x0000000000009d0e     0x1052 build/stm32l4xx_hal_cortex.o
 .debug_info    0x000000000000ad60     0x1f61 build/stm32l4xx_hal_spi.o
 .debug_info    0x000000000000ccc1      0x65e build/system_stm32l4xx.o
 .debug_info    0x000000000000d31f      0x6da build/DEV_Config.o
 .debug_info    0x000000000000d9f9      0xb22 build/EPD_2in9.o
 .debug_info    0x000000000000e51b       0x5b build/ImageData.o
 .debug_info    0x000000000000e576      0x234 build/font12.o
 .debug_info    0x000000000000e7aa      0x234 build/font16.o
 .debug_info    0x000000000000e9de      0x234 build/font20.o
 .debug_info    0x000000000000ec12     0x2409 build/GUI_Paint.o
 .debug_info    0x000000000001101b       0x22 build/startup_stm32l476xx.o

.debug_abbrev   0x0000000000000000     0x22ea
 .debug_abbrev  0x0000000000000000      0x2d9 build/main.o
 .debug_abbrev  0x00000000000002d9       0xca build/stm32l4xx_it.o
 .debug_abbrev  0x00000000000003a3      0x19c build/stm32l4xx_hal_msp.o
 .debug_abbrev  0x000000000000053f      0x282 build/stm32l4xx_hal_uart.o
 .debug_abbrev  0x00000000000007c1      0x216 build/stm32l4xx_hal.o
 .debug_abbrev  0x00000000000009d7      0x262 build/stm32l4xx_hal_rcc.o
 .debug_abbrev  0x0000000000000c39      0x280 build/stm32l4xx_hal_rcc_ex.o
 .debug_abbrev  0x0000000000000eb9      0x213 build/stm32l4xx_hal_gpio.o
 .debug_abbrev  0x00000000000010cc      0x216 build/stm32l4xx_hal_pwr_ex.o
 .debug_abbrev  0x00000000000012e2      0x30f build/stm32l4xx_hal_cortex.o
 .debug_abbrev  0x00000000000015f1      0x26e build/stm32l4xx_hal_spi.o
 .debug_abbrev  0x000000000000185f      0x133 build/system_stm32l4xx.o
 .debug_abbrev  0x0000000000001992      0x179 build/DEV_Config.o
 .debug_abbrev  0x0000000000001b0b      0x22d build/EPD_2in9.o
 .debug_abbrev  0x0000000000001d38       0x4e build/ImageData.o
 .debug_abbrev  0x0000000000001d86       0xb8 build/font12.o
 .debug_abbrev  0x0000000000001e3e       0xb8 build/font16.o
 .debug_abbrev  0x0000000000001ef6       0xb8 build/font20.o
 .debug_abbrev  0x0000000000001fae      0x32a build/GUI_Paint.o
 .debug_abbrev  0x00000000000022d8       0x12 build/startup_stm32l476xx.o

.debug_loc      0x0000000000000000     0x98ec
 .debug_loc     0x0000000000000000      0x14c build/main.o
 .debug_loc     0x000000000000014c       0x20 build/stm32l4xx_it.o
 .debug_loc     0x000000000000016c      0x1dc build/stm32l4xx_hal_msp.o
 .debug_loc     0x0000000000000348     0x1d6a build/stm32l4xx_hal_uart.o
 .debug_loc     0x00000000000020b2      0x1d4 build/stm32l4xx_hal.o
 .debug_loc     0x0000000000002286      0x79e build/stm32l4xx_hal_rcc.o
 .debug_loc     0x0000000000002a24     0x1da0 build/stm32l4xx_hal_rcc_ex.o
 .debug_loc     0x00000000000047c4      0x425 build/stm32l4xx_hal_gpio.o
 .debug_loc     0x0000000000004be9      0x980 build/stm32l4xx_hal_pwr_ex.o
 .debug_loc     0x0000000000005569      0x65e build/stm32l4xx_hal_cortex.o
 .debug_loc     0x0000000000005bc7     0x218f build/stm32l4xx_hal_spi.o
 .debug_loc     0x0000000000007d56      0x1b8 build/system_stm32l4xx.o
 .debug_loc     0x0000000000007f0e       0x57 build/DEV_Config.o
 .debug_loc     0x0000000000007f65      0x3bb build/EPD_2in9.o
 .debug_loc     0x0000000000008320     0x15cc build/GUI_Paint.o

.debug_aranges  0x0000000000000000      0xb40
 .debug_aranges
                0x0000000000000000       0x48 build/main.o
 .debug_aranges
                0x0000000000000048       0x60 build/stm32l4xx_it.o
 .debug_aranges
                0x00000000000000a8       0x40 build/stm32l4xx_hal_msp.o
 .debug_aranges
                0x00000000000000e8      0x1f8 build/stm32l4xx_hal_uart.o
 .debug_aranges
                0x00000000000002e0      0x118 build/stm32l4xx_hal.o
 .debug_aranges
                0x00000000000003f8       0x88 build/stm32l4xx_hal_rcc.o
 .debug_aranges
                0x0000000000000480       0xc0 build/stm32l4xx_hal_rcc_ex.o
 .debug_aranges
                0x0000000000000540       0x58 build/stm32l4xx_hal_gpio.o
 .debug_aranges
                0x0000000000000598      0x148 build/stm32l4xx_hal_pwr_ex.o
 .debug_aranges
                0x00000000000006e0       0xa8 build/stm32l4xx_hal_cortex.o
 .debug_aranges
                0x0000000000000788      0x1d8 build/stm32l4xx_hal_spi.o
 .debug_aranges
                0x0000000000000960       0x28 build/system_stm32l4xx.o
 .debug_aranges
                0x0000000000000988       0x20 build/DEV_Config.o
 .debug_aranges
                0x00000000000009a8       0x70 build/EPD_2in9.o
 .debug_aranges
                0x0000000000000a18       0x18 build/ImageData.o
 .debug_aranges
                0x0000000000000a30       0x18 build/font12.o
 .debug_aranges
                0x0000000000000a48       0x18 build/font16.o
 .debug_aranges
                0x0000000000000a60       0x18 build/font20.o
 .debug_aranges
                0x0000000000000a78       0xa0 build/GUI_Paint.o
 .debug_aranges
                0x0000000000000b18       0x28 build/startup_stm32l476xx.o

.debug_ranges   0x0000000000000000      0xb10
 .debug_ranges  0x0000000000000000       0x38 build/main.o
 .debug_ranges  0x0000000000000038       0x50 build/stm32l4xx_it.o
 .debug_ranges  0x0000000000000088       0x30 build/stm32l4xx_hal_msp.o
 .debug_ranges  0x00000000000000b8      0x1e8 build/stm32l4xx_hal_uart.o
 .debug_ranges  0x00000000000002a0      0x108 build/stm32l4xx_hal.o
 .debug_ranges  0x00000000000003a8       0x90 build/stm32l4xx_hal_rcc.o
 .debug_ranges  0x0000000000000438       0xd0 build/stm32l4xx_hal_rcc_ex.o
 .debug_ranges  0x0000000000000508       0x48 build/stm32l4xx_hal_gpio.o
 .debug_ranges  0x0000000000000550      0x138 build/stm32l4xx_hal_pwr_ex.o
 .debug_ranges  0x0000000000000688       0xf8 build/stm32l4xx_hal_cortex.o
 .debug_ranges  0x0000000000000780      0x1c8 build/stm32l4xx_hal_spi.o
 .debug_ranges  0x0000000000000948       0x18 build/system_stm32l4xx.o
 .debug_ranges  0x0000000000000960       0x10 build/DEV_Config.o
 .debug_ranges  0x0000000000000970       0x90 build/EPD_2in9.o
 .debug_ranges  0x0000000000000a00       0xf0 build/GUI_Paint.o
 .debug_ranges  0x0000000000000af0       0x20 build/startup_stm32l476xx.o

.debug_line     0x0000000000000000     0x4fec
 .debug_line    0x0000000000000000      0x3ec build/main.o
 .debug_line    0x00000000000003ec      0x1c4 build/stm32l4xx_it.o
 .debug_line    0x00000000000005b0      0x23c build/stm32l4xx_hal_msp.o
 .debug_line    0x00000000000007ec      0xd84 build/stm32l4xx_hal_uart.o
 .debug_line    0x0000000000001570      0x3ef build/stm32l4xx_hal.o
 .debug_line    0x000000000000195f      0x53e build/stm32l4xx_hal_rcc.o
 .debug_line    0x0000000000001e9d      0x7e2 build/stm32l4xx_hal_rcc_ex.o
 .debug_line    0x000000000000267f      0x30b build/stm32l4xx_hal_gpio.o
 .debug_line    0x000000000000298a      0x648 build/stm32l4xx_hal_pwr_ex.o
 .debug_line    0x0000000000002fd2      0x3cc build/stm32l4xx_hal_cortex.o
 .debug_line    0x000000000000339e      0xd00 build/stm32l4xx_hal_spi.o
 .debug_line    0x000000000000409e      0x1a8 build/system_stm32l4xx.o
 .debug_line    0x0000000000004246      0x19e build/DEV_Config.o
 .debug_line    0x00000000000043e4      0x2ea build/EPD_2in9.o
 .debug_line    0x00000000000046ce       0x4b build/ImageData.o
 .debug_line    0x0000000000004719       0xa5 build/font12.o
 .debug_line    0x00000000000047be       0xa5 build/font16.o
 .debug_line    0x0000000000004863       0xa5 build/font20.o
 .debug_line    0x0000000000004908      0x670 build/GUI_Paint.o
 .debug_line    0x0000000000004f78       0x74 build/startup_stm32l476xx.o

.debug_str      0x0000000000000000     0x3e35
 .debug_str     0x0000000000000000     0x14df build/main.o
                                       0x160c (size before relaxing)
 .debug_str     0x00000000000014df       0xaf build/stm32l4xx_it.o
                                        0x29f (size before relaxing)
 .debug_str     0x000000000000158e       0x85 build/stm32l4xx_hal_msp.o
                                        0xa4c (size before relaxing)
 .debug_str     0x0000000000001613      0x742 build/stm32l4xx_hal_uart.o
                                        0xf8c (size before relaxing)
 .debug_str     0x0000000000001d55      0x906 build/stm32l4xx_hal.o
                                        0xce8 (size before relaxing)
 .debug_str     0x000000000000265b      0x211 build/stm32l4xx_hal_rcc.o
                                        0x87e (size before relaxing)
 .debug_str     0x000000000000286c      0x33b build/stm32l4xx_hal_rcc_ex.o
                                        0xb0e (size before relaxing)
 .debug_str     0x0000000000002ba7       0xd5 build/stm32l4xx_hal_gpio.o
                                        0x5a1 (size before relaxing)
 .debug_str     0x0000000000002c7c      0x4e1 build/stm32l4xx_hal_pwr_ex.o
                                        0x838 (size before relaxing)
 .debug_str     0x000000000000315d      0x36c build/stm32l4xx_hal_cortex.o
                                        0xc4c (size before relaxing)
 .debug_str     0x00000000000034c9      0x52f build/stm32l4xx_hal_spi.o
                                        0xbf5 (size before relaxing)
 .debug_str     0x00000000000039f8       0x38 build/system_stm32l4xx.o
                                        0x3ef (size before relaxing)
 .debug_str     0x0000000000003a30       0x2e build/DEV_Config.o
                                        0x617 (size before relaxing)
 .debug_str     0x0000000000003a5e       0xaa build/EPD_2in9.o
                                        0x3ba (size before relaxing)
 .debug_str     0x0000000000003b08       0x1c build/ImageData.o
                                        0x11d (size before relaxing)
 .debug_str     0x0000000000003b24       0x24 build/font12.o
                                        0x22b (size before relaxing)
 .debug_str     0x0000000000003b48       0x24 build/font16.o
                                        0x22b (size before relaxing)
 .debug_str     0x0000000000003b6c       0x24 build/font20.o
                                        0x22b (size before relaxing)
 .debug_str     0x0000000000003b90      0x281 build/GUI_Paint.o
                                        0xb6c (size before relaxing)
 .debug_str     0x0000000000003e11       0x24 build/startup_stm32l476xx.o
                                         0x45 (size before relaxing)

.comment        0x0000000000000000       0x7f
 .comment       0x0000000000000000       0x7f build/main.o
                                         0x80 (size before relaxing)
 .comment       0x000000000000007f       0x80 build/stm32l4xx_it.o
 .comment       0x000000000000007f       0x80 build/stm32l4xx_hal_msp.o
 .comment       0x000000000000007f       0x80 build/stm32l4xx_hal_uart.o
 .comment       0x000000000000007f       0x80 build/stm32l4xx_hal.o
 .comment       0x000000000000007f       0x80 build/stm32l4xx_hal_rcc.o
 .comment       0x000000000000007f       0x80 build/stm32l4xx_hal_rcc_ex.o
 .comment       0x000000000000007f       0x80 build/stm32l4xx_hal_gpio.o
 .comment       0x000000000000007f       0x80 build/stm32l4xx_hal_pwr_ex.o
 .comment       0x000000000000007f       0x80 build/stm32l4xx_hal_cortex.o
 .comment       0x000000000000007f       0x80 build/stm32l4xx_hal_spi.o
 .comment       0x000000000000007f       0x80 build/system_stm32l4xx.o
 .comment       0x000000000000007f       0x80 build/DEV_Config.o
 .comment       0x000000000000007f       0x80 build/EPD_2in9.o
 .comment       0x000000000000007f       0x80 build/ImageData.o
 .comment       0x000000000000007f       0x80 build/font12.o
 .comment       0x000000000000007f       0x80 build/font16.o
 .comment       0x000000000000007f       0x80 build/font20.o
 .comment       0x000000000000007f       0x80 build/GUI_Paint.o

.debug_frame    0x0000000000000000     0x2734
 .debug_frame   0x0000000000000000       0xd4 build/main.o
 .debug_frame   0x00000000000000d4       0xac build/stm32l4xx_it.o
 .debug_frame   0x0000000000000180       0xa0 build/stm32l4xx_hal_msp.o
 .debug_frame   0x0000000000000220      0x614 build/stm32l4xx_hal_uart.o
 .debug_frame   0x0000000000000834      0x250 build/stm32l4xx_hal.o
 .debug_frame   0x0000000000000a84      0x1c0 build/stm32l4xx_hal_rcc.o
 .debug_frame   0x0000000000000c44      0x23c build/stm32l4xx_hal_rcc_ex.o
 .debug_frame   0x0000000000000e80       0xec build/stm32l4xx_hal_gpio.o
 .debug_frame   0x0000000000000f6c      0x27c build/stm32l4xx_hal_pwr_ex.o
 .debug_frame   0x00000000000011e8      0x16c build/stm32l4xx_hal_cortex.o
 .debug_frame   0x0000000000001354      0x668 build/stm32l4xx_hal_spi.o
 .debug_frame   0x00000000000019bc       0x30 build/system_stm32l4xx.o
 .debug_frame   0x00000000000019ec       0x2c build/DEV_Config.o
 .debug_frame   0x0000000000001a18      0x168 build/EPD_2in9.o
 .debug_frame   0x0000000000001b80      0x2f4 build/GUI_Paint.o
 .debug_frame   0x0000000000001e74       0x2c /usr/bin/../lib/gcc/arm-none-eabi/7.3.1/../../../../arm-none-eabi/lib/thumb/v7e-m/fpv4-sp/hard/libc_nano.a(lib_a-init.o)
 .debug_frame   0x0000000000001ea0       0x30 /usr/bin/../lib/gcc/arm-none-eabi/7.3.1/../../../../arm-none-eabi/lib/thumb/v7e-m/fpv4-sp/hard/libc_nano.a(lib_a-malloc.o)
 .debug_frame   0x0000000000001ed0       0x20 /usr/bin/../lib/gcc/arm-none-eabi/7.3.1/../../../../arm-none-eabi/lib/thumb/v7e-m/fpv4-sp/hard/libc_nano.a(lib_a-memset.o)
 .debug_frame   0x0000000000001ef0       0x38 /usr/bin/../lib/gcc/arm-none-eabi/7.3.1/../../../../arm-none-eabi/lib/thumb/v7e-m/fpv4-sp/hard/libc_nano.a(lib_a-nano-freer.o)
 .debug_frame   0x0000000000001f28       0x2c /usr/bin/../lib/gcc/arm-none-eabi/7.3.1/../../../../arm-none-eabi/lib/thumb/v7e-m/fpv4-sp/hard/libc_nano.a(lib_a-nano-mallocr.o)
 .debug_frame   0x0000000000001f54       0x74 /usr/bin/../lib/gcc/arm-none-eabi/7.3.1/../../../../arm-none-eabi/lib/thumb/v7e-m/fpv4-sp/hard/libc_nano.a(lib_a-printf.o)
 .debug_frame   0x0000000000001fc8       0x3c /usr/bin/../lib/gcc/arm-none-eabi/7.3.1/../../../../arm-none-eabi/lib/thumb/v7e-m/fpv4-sp/hard/libc_nano.a(lib_a-puts.o)
 .debug_frame   0x0000000000002004       0x2c /usr/bin/../lib/gcc/arm-none-eabi/7.3.1/../../../../arm-none-eabi/lib/thumb/v7e-m/fpv4-sp/hard/libc_nano.a(lib_a-sbrkr.o)
 .debug_frame   0x0000000000002030       0x40 /usr/bin/../lib/gcc/arm-none-eabi/7.3.1/../../../../arm-none-eabi/lib/thumb/v7e-m/fpv4-sp/hard/libc_nano.a(lib_a-wbuf.o)
 .debug_frame   0x0000000000002070       0x2c /usr/bin/../lib/gcc/arm-none-eabi/7.3.1/../../../../arm-none-eabi/lib/thumb/v7e-m/fpv4-sp/hard/libc_nano.a(lib_a-wsetup.o)
 .debug_frame   0x000000000000209c       0x68 /usr/bin/../lib/gcc/arm-none-eabi/7.3.1/../../../../arm-none-eabi/lib/thumb/v7e-m/fpv4-sp/hard/libc_nano.a(lib_a-fflush.o)
 .debug_frame   0x0000000000002104      0x11c /usr/bin/../lib/gcc/arm-none-eabi/7.3.1/../../../../arm-none-eabi/lib/thumb/v7e-m/fpv4-sp/hard/libc_nano.a(lib_a-findfp.o)
 .debug_frame   0x0000000000002220       0x54 /usr/bin/../lib/gcc/arm-none-eabi/7.3.1/../../../../arm-none-eabi/lib/thumb/v7e-m/fpv4-sp/hard/libc_nano.a(lib_a-fwalk.o)
 .debug_frame   0x0000000000002274       0x58 /usr/bin/../lib/gcc/arm-none-eabi/7.3.1/../../../../arm-none-eabi/lib/thumb/v7e-m/fpv4-sp/hard/libc_nano.a(lib_a-makebuf.o)
 .debug_frame   0x00000000000022cc       0x30 /usr/bin/../lib/gcc/arm-none-eabi/7.3.1/../../../../arm-none-eabi/lib/thumb/v7e-m/fpv4-sp/hard/libc_nano.a(lib_a-mlock.o)
 .debug_frame   0x00000000000022fc       0xac /usr/bin/../lib/gcc/arm-none-eabi/7.3.1/../../../../arm-none-eabi/lib/thumb/v7e-m/fpv4-sp/hard/libc_nano.a(lib_a-nano-vfprintf.o)
 .debug_frame   0x00000000000023a8       0x60 /usr/bin/../lib/gcc/arm-none-eabi/7.3.1/../../../../arm-none-eabi/lib/thumb/v7e-m/fpv4-sp/hard/libc_nano.a(lib_a-nano-vfprintf_i.o)
 .debug_frame   0x0000000000002408       0x5c /usr/bin/../lib/gcc/arm-none-eabi/7.3.1/../../../../arm-none-eabi/lib/thumb/v7e-m/fpv4-sp/hard/libc_nano.a(lib_a-reent.o)
 .debug_frame   0x0000000000002464       0x88 /usr/bin/../lib/gcc/arm-none-eabi/7.3.1/../../../../arm-none-eabi/lib/thumb/v7e-m/fpv4-sp/hard/libc_nano.a(lib_a-stdio.o)
 .debug_frame   0x00000000000024ec       0x2c /usr/bin/../lib/gcc/arm-none-eabi/7.3.1/../../../../arm-none-eabi/lib/thumb/v7e-m/fpv4-sp/hard/libc_nano.a(lib_a-writer.o)
 .debug_frame   0x0000000000002518       0x2c /usr/bin/../lib/gcc/arm-none-eabi/7.3.1/../../../../arm-none-eabi/lib/thumb/v7e-m/fpv4-sp/hard/libc_nano.a(lib_a-closer.o)
 .debug_frame   0x0000000000002544       0x2c /usr/bin/../lib/gcc/arm-none-eabi/7.3.1/../../../../arm-none-eabi/lib/thumb/v7e-m/fpv4-sp/hard/libc_nano.a(lib_a-fstatr.o)
 .debug_frame   0x0000000000002570       0x2c /usr/bin/../lib/gcc/arm-none-eabi/7.3.1/../../../../arm-none-eabi/lib/thumb/v7e-m/fpv4-sp/hard/libc_nano.a(lib_a-isattyr.o)
 .debug_frame   0x000000000000259c       0x2c /usr/bin/../lib/gcc/arm-none-eabi/7.3.1/../../../../arm-none-eabi/lib/thumb/v7e-m/fpv4-sp/hard/libc_nano.a(lib_a-lseekr.o)
 .debug_frame   0x00000000000025c8       0x2c /usr/bin/../lib/gcc/arm-none-eabi/7.3.1/../../../../arm-none-eabi/lib/thumb/v7e-m/fpv4-sp/hard/libc_nano.a(lib_a-readr.o)
 .debug_frame   0x00000000000025f4       0x20 /usr/bin/../lib/gcc/arm-none-eabi/7.3.1/../../../../arm-none-eabi/lib/thumb/v7e-m/fpv4-sp/hard/libnosys.a(close.o)
 .debug_frame   0x0000000000002614       0x20 /usr/bin/../lib/gcc/arm-none-eabi/7.3.1/../../../../arm-none-eabi/lib/thumb/v7e-m/fpv4-sp/hard/libnosys.a(fstat.o)
 .debug_frame   0x0000000000002634       0x20 /usr/bin/../lib/gcc/arm-none-eabi/7.3.1/../../../../arm-none-eabi/lib/thumb/v7e-m/fpv4-sp/hard/libnosys.a(isatty.o)
 .debug_frame   0x0000000000002654       0x20 /usr/bin/../lib/gcc/arm-none-eabi/7.3.1/../../../../arm-none-eabi/lib/thumb/v7e-m/fpv4-sp/hard/libnosys.a(lseek.o)
 .debug_frame   0x0000000000002674       0x20 /usr/bin/../lib/gcc/arm-none-eabi/7.3.1/../../../../arm-none-eabi/lib/thumb/v7e-m/fpv4-sp/hard/libnosys.a(read.o)
 .debug_frame   0x0000000000002694       0x20 /usr/bin/../lib/gcc/arm-none-eabi/7.3.1/../../../../arm-none-eabi/lib/thumb/v7e-m/fpv4-sp/hard/libnosys.a(sbrk.o)
 .debug_frame   0x00000000000026b4       0x20 /usr/bin/../lib/gcc/arm-none-eabi/7.3.1/../../../../arm-none-eabi/lib/thumb/v7e-m/fpv4-sp/hard/libnosys.a(write.o)
 .debug_frame   0x00000000000026d4       0x2c /usr/bin/../lib/gcc/arm-none-eabi/7.3.1/thumb/v7e-m/fpv4-sp/hard/libgcc.a(_aeabi_uldivmod.o)
 .debug_frame   0x0000000000002700       0x34 /usr/bin/../lib/gcc/arm-none-eabi/7.3.1/thumb/v7e-m/fpv4-sp/hard/libgcc.a(_udivmoddi4.o)

.stab           0x0000000000000000       0x9c
 .stab          0x0000000000000000       0x24 /usr/bin/../lib/gcc/arm-none-eabi/7.3.1/../../../../arm-none-eabi/lib/thumb/v7e-m/fpv4-sp/hard/libnosys.a(close.o)
 .stab          0x0000000000000024       0x18 /usr/bin/../lib/gcc/arm-none-eabi/7.3.1/../../../../arm-none-eabi/lib/thumb/v7e-m/fpv4-sp/hard/libnosys.a(fstat.o)
                                         0x24 (size before relaxing)
 .stab          0x000000000000003c       0x18 /usr/bin/../lib/gcc/arm-none-eabi/7.3.1/../../../../arm-none-eabi/lib/thumb/v7e-m/fpv4-sp/hard/libnosys.a(isatty.o)
                                         0x24 (size before relaxing)
 .stab          0x0000000000000054       0x18 /usr/bin/../lib/gcc/arm-none-eabi/7.3.1/../../../../arm-none-eabi/lib/thumb/v7e-m/fpv4-sp/hard/libnosys.a(lseek.o)
                                         0x24 (size before relaxing)
 .stab          0x000000000000006c       0x18 /usr/bin/../lib/gcc/arm-none-eabi/7.3.1/../../../../arm-none-eabi/lib/thumb/v7e-m/fpv4-sp/hard/libnosys.a(read.o)
                                         0x24 (size before relaxing)
 .stab          0x0000000000000084       0x18 /usr/bin/../lib/gcc/arm-none-eabi/7.3.1/../../../../arm-none-eabi/lib/thumb/v7e-m/fpv4-sp/hard/libnosys.a(write.o)
                                         0x24 (size before relaxing)

.stabstr        0x0000000000000000      0x14d
 .stabstr       0x0000000000000000      0x14d /usr/bin/../lib/gcc/arm-none-eabi/7.3.1/../../../../arm-none-eabi/lib/thumb/v7e-m/fpv4-sp/hard/libnosys.a(close.o)

Cross Reference Table

Symbol                                            File
ADC1_2_IRQHandler                                 build/startup_stm32l476xx.o
ADC3_IRQHandler                                   build/startup_stm32l476xx.o
AHBPrescTable                                     build/system_stm32l4xx.o
                                                  build/stm32l4xx_hal_rcc.o
APBPrescTable                                     build/system_stm32l4xx.o
                                                  build/stm32l4xx_hal_rcc.o
BusFault_Handler                                  build/stm32l4xx_it.o
CAN1_RX0_IRQHandler                               build/startup_stm32l476xx.o
CAN1_RX1_IRQHandler                               build/startup_stm32l476xx.o
CAN1_SCE_IRQHandler                               build/startup_stm32l476xx.o
CAN1_TX_IRQHandler                                build/startup_stm32l476xx.o
COMP_IRQHandler                                   build/startup_stm32l476xx.o
DEV_SPI_WriteByte                                 build/DEV_Config.o
                                                  build/EPD_2in9.o
DFSDM1_FLT0_IRQHandler                            build/startup_stm32l476xx.o
DFSDM1_FLT1_IRQHandler                            build/startup_stm32l476xx.o
DFSDM1_FLT2_IRQHandler                            build/startup_stm32l476xx.o
DFSDM1_FLT3_IRQHandler                            build/startup_stm32l476xx.o
DMA1_Channel1_IRQHandler                          build/startup_stm32l476xx.o
DMA1_Channel2_IRQHandler                          build/startup_stm32l476xx.o
DMA1_Channel3_IRQHandler                          build/startup_stm32l476xx.o
DMA1_Channel4_IRQHandler                          build/startup_stm32l476xx.o
DMA1_Channel5_IRQHandler                          build/startup_stm32l476xx.o
DMA1_Channel6_IRQHandler                          build/startup_stm32l476xx.o
DMA1_Channel7_IRQHandler                          build/startup_stm32l476xx.o
DMA2_Channel1_IRQHandler                          build/startup_stm32l476xx.o
DMA2_Channel2_IRQHandler                          build/startup_stm32l476xx.o
DMA2_Channel3_IRQHandler                          build/startup_stm32l476xx.o
DMA2_Channel4_IRQHandler                          build/startup_stm32l476xx.o
DMA2_Channel5_IRQHandler                          build/startup_stm32l476xx.o
DMA2_Channel6_IRQHandler                          build/startup_stm32l476xx.o
DMA2_Channel7_IRQHandler                          build/startup_stm32l476xx.o
DebugMon_Handler                                  build/stm32l4xx_it.o
Default_Handler                                   build/startup_stm32l476xx.o
EPD_Clear                                         build/EPD_2in9.o
                                                  build/main.o
EPD_Display                                       build/EPD_2in9.o
                                                  build/main.o
EPD_Init                                          build/EPD_2in9.o
                                                  build/main.o
EPD_Sleep                                         build/EPD_2in9.o
EPD_WaitUntilIdle                                 build/EPD_2in9.o
EXTI0_IRQHandler                                  build/startup_stm32l476xx.o
EXTI15_10_IRQHandler                              build/startup_stm32l476xx.o
EXTI1_IRQHandler                                  build/startup_stm32l476xx.o
EXTI2_IRQHandler                                  build/startup_stm32l476xx.o
EXTI3_IRQHandler                                  build/startup_stm32l476xx.o
EXTI4_IRQHandler                                  build/startup_stm32l476xx.o
EXTI9_5_IRQHandler                                build/startup_stm32l476xx.o
Error_Handler                                     build/main.o
FLASH_FlushCaches                                 build/stm32l4xx_hal_flash_ex.o
                                                  build/stm32l4xx_hal_flash.o
FLASH_IRQHandler                                  build/startup_stm32l476xx.o
FLASH_PageErase                                   build/stm32l4xx_hal_flash_ex.o
                                                  build/stm32l4xx_hal_flash.o
FLASH_WaitForLastOperation                        build/stm32l4xx_hal_flash.o
                                                  build/stm32l4xx_hal_flash_ex.o
FMC_IRQHandler                                    build/startup_stm32l476xx.o
FPU_IRQHandler                                    build/startup_stm32l476xx.o
Font12                                            build/font12.o
                                                  build/main.o
Font12_Table                                      build/font12.o
Font16                                            build/font16.o
                                                  build/main.o
Font16_Table                                      build/font16.o
Font20                                            build/font20.o
                                                  build/main.o
Font20_Table                                      build/font20.o
Font24                                            build/font24.o
Font24_Table                                      build/font24.o
Font8                                             build/font8.o
Font8_Table                                       build/font8.o
HAL_DBGMCU_DisableDBGSleepMode                    build/stm32l4xx_hal.o
HAL_DBGMCU_DisableDBGStandbyMode                  build/stm32l4xx_hal.o
HAL_DBGMCU_DisableDBGStopMode                     build/stm32l4xx_hal.o
HAL_DBGMCU_EnableDBGSleepMode                     build/stm32l4xx_hal.o
HAL_DBGMCU_EnableDBGStandbyMode                   build/stm32l4xx_hal.o
HAL_DBGMCU_EnableDBGStopMode                      build/stm32l4xx_hal.o
HAL_DMA_Abort                                     build/stm32l4xx_hal_dma.o
                                                  build/stm32l4xx_hal_spi.o
                                                  build/stm32l4xx_hal_uart.o
HAL_DMA_Abort_IT                                  build/stm32l4xx_hal_dma.o
                                                  build/stm32l4xx_hal_spi.o
                                                  build/stm32l4xx_hal_i2c.o
                                                  build/stm32l4xx_hal_uart.o
HAL_DMA_DeInit                                    build/stm32l4xx_hal_dma.o
HAL_DMA_GetError                                  build/stm32l4xx_hal_dma.o
HAL_DMA_GetState                                  build/stm32l4xx_hal_dma.o
HAL_DMA_IRQHandler                                build/stm32l4xx_hal_dma.o
HAL_DMA_Init                                      build/stm32l4xx_hal_dma.o
HAL_DMA_PollForTransfer                           build/stm32l4xx_hal_dma.o
HAL_DMA_RegisterCallback                          build/stm32l4xx_hal_dma.o
HAL_DMA_Start                                     build/stm32l4xx_hal_dma.o
HAL_DMA_Start_IT                                  build/stm32l4xx_hal_dma.o
                                                  build/stm32l4xx_hal_spi.o
                                                  build/stm32l4xx_hal_i2c.o
                                                  build/stm32l4xx_hal_uart.o
HAL_DMA_UnRegisterCallback                        build/stm32l4xx_hal_dma.o
HAL_DeInit                                        build/stm32l4xx_hal.o
HAL_Delay                                         build/stm32l4xx_hal.o
                                                  build/EPD_2in9.o
                                                  build/main.o
HAL_EXTI_ClearConfigLine                          build/stm32l4xx_hal_exti.o
HAL_EXTI_ClearPending                             build/stm32l4xx_hal_exti.o
HAL_EXTI_GenerateSWI                              build/stm32l4xx_hal_exti.o
HAL_EXTI_GetConfigLine                            build/stm32l4xx_hal_exti.o
HAL_EXTI_GetHandle                                build/stm32l4xx_hal_exti.o
HAL_EXTI_GetPending                               build/stm32l4xx_hal_exti.o
HAL_EXTI_IRQHandler                               build/stm32l4xx_hal_exti.o
HAL_EXTI_RegisterCallback                         build/stm32l4xx_hal_exti.o
HAL_EXTI_SetConfigLine                            build/stm32l4xx_hal_exti.o
HAL_FLASHEx_DisableRunPowerDown                   build/stm32l4xx_hal_flash_ramfunc.o
HAL_FLASHEx_EnableRunPowerDown                    build/stm32l4xx_hal_flash_ramfunc.o
HAL_FLASHEx_Erase                                 build/stm32l4xx_hal_flash_ex.o
HAL_FLASHEx_Erase_IT                              build/stm32l4xx_hal_flash_ex.o
HAL_FLASHEx_OBGetConfig                           build/stm32l4xx_hal_flash_ex.o
HAL_FLASHEx_OBProgram                             build/stm32l4xx_hal_flash_ex.o
HAL_FLASH_EndOfOperationCallback                  build/stm32l4xx_hal_flash.o
HAL_FLASH_GetError                                build/stm32l4xx_hal_flash.o
HAL_FLASH_IRQHandler                              build/stm32l4xx_hal_flash.o
HAL_FLASH_Lock                                    build/stm32l4xx_hal_flash.o
HAL_FLASH_OB_Launch                               build/stm32l4xx_hal_flash.o
HAL_FLASH_OB_Lock                                 build/stm32l4xx_hal_flash.o
HAL_FLASH_OB_Unlock                               build/stm32l4xx_hal_flash.o
HAL_FLASH_OperationErrorCallback                  build/stm32l4xx_hal_flash.o
HAL_FLASH_Program                                 build/stm32l4xx_hal_flash.o
HAL_FLASH_Program_IT                              build/stm32l4xx_hal_flash.o
HAL_FLASH_Unlock                                  build/stm32l4xx_hal_flash.o
HAL_GPIO_DeInit                                   build/stm32l4xx_hal_gpio.o
                                                  build/stm32l4xx_hal_msp.o
HAL_GPIO_EXTI_Callback                            build/stm32l4xx_hal_gpio.o
HAL_GPIO_EXTI_IRQHandler                          build/stm32l4xx_hal_gpio.o
HAL_GPIO_Init                                     build/stm32l4xx_hal_gpio.o
                                                  build/stm32l4xx_hal_rcc_ex.o
                                                  build/stm32l4xx_hal_rcc.o
                                                  build/stm32l4xx_hal_msp.o
                                                  build/main.o
HAL_GPIO_LockPin                                  build/stm32l4xx_hal_gpio.o
HAL_GPIO_ReadPin                                  build/stm32l4xx_hal_gpio.o
                                                  build/EPD_2in9.o
HAL_GPIO_TogglePin                                build/stm32l4xx_hal_gpio.o
HAL_GPIO_WritePin                                 build/stm32l4xx_hal_gpio.o
                                                  build/EPD_2in9.o
                                                  build/main.o
HAL_GetDEVID                                      build/stm32l4xx_hal.o
HAL_GetHalVersion                                 build/stm32l4xx_hal.o
HAL_GetREVID                                      build/stm32l4xx_hal.o
HAL_GetTick                                       build/stm32l4xx_hal.o
                                                  build/stm32l4xx_hal_spi.o
                                                  build/stm32l4xx_hal_dma.o
                                                  build/stm32l4xx_hal_flash.o
                                                  build/stm32l4xx_hal_rcc_ex.o
                                                  build/stm32l4xx_hal_rcc.o
                                                  build/stm32l4xx_hal_i2c.o
                                                  build/stm32l4xx_hal_uart_ex.o
                                                  build/stm32l4xx_hal_uart.o
HAL_GetUIDw0                                      build/stm32l4xx_hal.o
HAL_GetUIDw1                                      build/stm32l4xx_hal.o
HAL_GetUIDw2                                      build/stm32l4xx_hal.o
HAL_HalfDuplex_EnableReceiver                     build/stm32l4xx_hal_uart.o
HAL_HalfDuplex_EnableTransmitter                  build/stm32l4xx_hal_uart.o
HAL_HalfDuplex_Init                               build/stm32l4xx_hal_uart.o
HAL_I2CEx_ConfigAnalogFilter                      build/stm32l4xx_hal_i2c_ex.o
HAL_I2CEx_ConfigDigitalFilter                     build/stm32l4xx_hal_i2c_ex.o
HAL_I2CEx_DisableFastModePlus                     build/stm32l4xx_hal_i2c_ex.o
HAL_I2CEx_DisableWakeUp                           build/stm32l4xx_hal_i2c_ex.o
HAL_I2CEx_EnableFastModePlus                      build/stm32l4xx_hal_i2c_ex.o
HAL_I2CEx_EnableWakeUp                            build/stm32l4xx_hal_i2c_ex.o
HAL_I2C_AbortCpltCallback                         build/stm32l4xx_hal_i2c.o
HAL_I2C_AddrCallback                              build/stm32l4xx_hal_i2c.o
HAL_I2C_DeInit                                    build/stm32l4xx_hal_i2c.o
HAL_I2C_DisableListen_IT                          build/stm32l4xx_hal_i2c.o
HAL_I2C_ER_IRQHandler                             build/stm32l4xx_hal_i2c.o
HAL_I2C_EV_IRQHandler                             build/stm32l4xx_hal_i2c.o
HAL_I2C_EnableListen_IT                           build/stm32l4xx_hal_i2c.o
HAL_I2C_ErrorCallback                             build/stm32l4xx_hal_i2c.o
HAL_I2C_GetError                                  build/stm32l4xx_hal_i2c.o
HAL_I2C_GetMode                                   build/stm32l4xx_hal_i2c.o
HAL_I2C_GetState                                  build/stm32l4xx_hal_i2c.o
HAL_I2C_Init                                      build/stm32l4xx_hal_i2c.o
HAL_I2C_IsDeviceReady                             build/stm32l4xx_hal_i2c.o
HAL_I2C_ListenCpltCallback                        build/stm32l4xx_hal_i2c.o
HAL_I2C_MasterRxCpltCallback                      build/stm32l4xx_hal_i2c.o
HAL_I2C_MasterTxCpltCallback                      build/stm32l4xx_hal_i2c.o
HAL_I2C_Master_Abort_IT                           build/stm32l4xx_hal_i2c.o
HAL_I2C_Master_Receive                            build/stm32l4xx_hal_i2c.o
HAL_I2C_Master_Receive_DMA                        build/stm32l4xx_hal_i2c.o
HAL_I2C_Master_Receive_IT                         build/stm32l4xx_hal_i2c.o
HAL_I2C_Master_Sequential_Receive_DMA             build/stm32l4xx_hal_i2c.o
HAL_I2C_Master_Sequential_Receive_IT              build/stm32l4xx_hal_i2c.o
HAL_I2C_Master_Sequential_Transmit_DMA            build/stm32l4xx_hal_i2c.o
HAL_I2C_Master_Sequential_Transmit_IT             build/stm32l4xx_hal_i2c.o
HAL_I2C_Master_Transmit                           build/stm32l4xx_hal_i2c.o
HAL_I2C_Master_Transmit_DMA                       build/stm32l4xx_hal_i2c.o
HAL_I2C_Master_Transmit_IT                        build/stm32l4xx_hal_i2c.o
HAL_I2C_MemRxCpltCallback                         build/stm32l4xx_hal_i2c.o
HAL_I2C_MemTxCpltCallback                         build/stm32l4xx_hal_i2c.o
HAL_I2C_Mem_Read                                  build/stm32l4xx_hal_i2c.o
HAL_I2C_Mem_Read_DMA                              build/stm32l4xx_hal_i2c.o
HAL_I2C_Mem_Read_IT                               build/stm32l4xx_hal_i2c.o
HAL_I2C_Mem_Write                                 build/stm32l4xx_hal_i2c.o
HAL_I2C_Mem_Write_DMA                             build/stm32l4xx_hal_i2c.o
HAL_I2C_Mem_Write_IT                              build/stm32l4xx_hal_i2c.o
HAL_I2C_MspDeInit                                 build/stm32l4xx_hal_i2c.o
HAL_I2C_MspInit                                   build/stm32l4xx_hal_i2c.o
HAL_I2C_SlaveRxCpltCallback                       build/stm32l4xx_hal_i2c.o
HAL_I2C_SlaveTxCpltCallback                       build/stm32l4xx_hal_i2c.o
HAL_I2C_Slave_Receive                             build/stm32l4xx_hal_i2c.o
HAL_I2C_Slave_Receive_DMA                         build/stm32l4xx_hal_i2c.o
HAL_I2C_Slave_Receive_IT                          build/stm32l4xx_hal_i2c.o
HAL_I2C_Slave_Sequential_Receive_DMA              build/stm32l4xx_hal_i2c.o
HAL_I2C_Slave_Sequential_Receive_IT               build/stm32l4xx_hal_i2c.o
HAL_I2C_Slave_Sequential_Transmit_DMA             build/stm32l4xx_hal_i2c.o
HAL_I2C_Slave_Sequential_Transmit_IT              build/stm32l4xx_hal_i2c.o
HAL_I2C_Slave_Transmit                            build/stm32l4xx_hal_i2c.o
HAL_I2C_Slave_Transmit_DMA                        build/stm32l4xx_hal_i2c.o
HAL_I2C_Slave_Transmit_IT                         build/stm32l4xx_hal_i2c.o
HAL_IncTick                                       build/stm32l4xx_hal.o
                                                  build/stm32l4xx_it.o
HAL_Init                                          build/stm32l4xx_hal.o
                                                  build/main.o
HAL_InitTick                                      build/stm32l4xx_hal.o
                                                  build/stm32l4xx_hal_rcc.o
HAL_LIN_Init                                      build/stm32l4xx_hal_uart.o
HAL_LIN_SendBreak                                 build/stm32l4xx_hal_uart.o
HAL_MPU_ConfigRegion                              build/stm32l4xx_hal_cortex.o
HAL_MPU_Disable                                   build/stm32l4xx_hal_cortex.o
HAL_MPU_Enable                                    build/stm32l4xx_hal_cortex.o
HAL_MspDeInit                                     build/stm32l4xx_hal.o
HAL_MspInit                                       build/stm32l4xx_hal_msp.o
HAL_MultiProcessorEx_AddressLength_Set            build/stm32l4xx_hal_uart_ex.o
HAL_MultiProcessor_DisableMuteMode                build/stm32l4xx_hal_uart.o
HAL_MultiProcessor_EnableMuteMode                 build/stm32l4xx_hal_uart.o
HAL_MultiProcessor_EnterMuteMode                  build/stm32l4xx_hal_uart.o
HAL_MultiProcessor_Init                           build/stm32l4xx_hal_uart.o
HAL_NVIC_ClearPendingIRQ                          build/stm32l4xx_hal_cortex.o
HAL_NVIC_DisableIRQ                               build/stm32l4xx_hal_cortex.o
HAL_NVIC_EnableIRQ                                build/stm32l4xx_hal_cortex.o
HAL_NVIC_GetActive                                build/stm32l4xx_hal_cortex.o
HAL_NVIC_GetPendingIRQ                            build/stm32l4xx_hal_cortex.o
HAL_NVIC_GetPriority                              build/stm32l4xx_hal_cortex.o
HAL_NVIC_GetPriorityGrouping                      build/stm32l4xx_hal_cortex.o
HAL_NVIC_SetPendingIRQ                            build/stm32l4xx_hal_cortex.o
HAL_NVIC_SetPriority                              build/stm32l4xx_hal_cortex.o
                                                  build/stm32l4xx_hal.o
HAL_NVIC_SetPriorityGrouping                      build/stm32l4xx_hal_cortex.o
                                                  build/stm32l4xx_hal.o
HAL_NVIC_SystemReset                              build/stm32l4xx_hal_cortex.o
HAL_PWREx_ConfigPVM                               build/stm32l4xx_hal_pwr_ex.o
HAL_PWREx_ControlVoltageScaling                   build/stm32l4xx_hal_pwr_ex.o
                                                  build/main.o
HAL_PWREx_DisableBatteryCharging                  build/stm32l4xx_hal_pwr_ex.o
HAL_PWREx_DisableGPIOPullDown                     build/stm32l4xx_hal_pwr_ex.o
HAL_PWREx_DisableGPIOPullUp                       build/stm32l4xx_hal_pwr_ex.o
HAL_PWREx_DisableInternalWakeUpLine               build/stm32l4xx_hal_pwr_ex.o
HAL_PWREx_DisableLowPowerRunMode                  build/stm32l4xx_hal_pwr_ex.o
                                                  build/stm32l4xx_hal_pwr.o
HAL_PWREx_DisablePVM1                             build/stm32l4xx_hal_pwr_ex.o
HAL_PWREx_DisablePVM2                             build/stm32l4xx_hal_pwr_ex.o
HAL_PWREx_DisablePVM3                             build/stm32l4xx_hal_pwr_ex.o
HAL_PWREx_DisablePVM4                             build/stm32l4xx_hal_pwr_ex.o
HAL_PWREx_DisablePullUpPullDownConfig             build/stm32l4xx_hal_pwr_ex.o
HAL_PWREx_DisableSRAM2ContentRetention            build/stm32l4xx_hal_pwr_ex.o
HAL_PWREx_DisableVddIO2                           build/stm32l4xx_hal_pwr_ex.o
HAL_PWREx_DisableVddUSB                           build/stm32l4xx_hal_pwr_ex.o