Archive member included to satisfy reference by file (symbol)

/usr/bin/../lib/gcc/arm-none-eabi/7.3.1/../../../../arm-none-eabi/lib/thumb/v7e-m/fpv4-sp/hard/libc_nano.a(lib_a-exit.o)
                              /usr/bin/../lib/gcc/arm-none-eabi/7.3.1/../../../../arm-none-eabi/lib/thumb/v7e-m/fpv4-sp/hard/crt0.o (exit)
/usr/bin/../lib/gcc/arm-none-eabi/7.3.1/../../../../arm-none-eabi/lib/thumb/v7e-m/fpv4-sp/hard/libc_nano.a(lib_a-impure.o)
                              /usr/bin/../lib/gcc/arm-none-eabi/7.3.1/../../../../arm-none-eabi/lib/thumb/v7e-m/fpv4-sp/hard/libc_nano.a(lib_a-exit.o) (_global_impure_ptr)
/usr/bin/../lib/gcc/arm-none-eabi/7.3.1/../../../../arm-none-eabi/lib/thumb/v7e-m/fpv4-sp/hard/libc_nano.a(lib_a-init.o)
                              /usr/bin/../lib/gcc/arm-none-eabi/7.3.1/../../../../arm-none-eabi/lib/thumb/v7e-m/fpv4-sp/hard/crt0.o (__libc_init_array)
/usr/bin/../lib/gcc/arm-none-eabi/7.3.1/../../../../arm-none-eabi/lib/thumb/v7e-m/fpv4-sp/hard/libc_nano.a(lib_a-malloc.o)
                              build/menu.o (malloc)
/usr/bin/../lib/gcc/arm-none-eabi/7.3.1/../../../../arm-none-eabi/lib/thumb/v7e-m/fpv4-sp/hard/libc_nano.a(lib_a-memset.o)
                              /usr/bin/../lib/gcc/arm-none-eabi/7.3.1/../../../../arm-none-eabi/lib/thumb/v7e-m/fpv4-sp/hard/crt0.o (memset)
/usr/bin/../lib/gcc/arm-none-eabi/7.3.1/../../../../arm-none-eabi/lib/thumb/v7e-m/fpv4-sp/hard/libc_nano.a(lib_a-nano-freer.o)
                              /usr/bin/../lib/gcc/arm-none-eabi/7.3.1/../../../../arm-none-eabi/lib/thumb/v7e-m/fpv4-sp/hard/libc_nano.a(lib_a-malloc.o) (_free_r)
/usr/bin/../lib/gcc/arm-none-eabi/7.3.1/../../../../arm-none-eabi/lib/thumb/v7e-m/fpv4-sp/hard/libc_nano.a(lib_a-nano-mallocr.o)
                              /usr/bin/../lib/gcc/arm-none-eabi/7.3.1/../../../../arm-none-eabi/lib/thumb/v7e-m/fpv4-sp/hard/libc_nano.a(lib_a-malloc.o) (_malloc_r)
/usr/bin/../lib/gcc/arm-none-eabi/7.3.1/../../../../arm-none-eabi/lib/thumb/v7e-m/fpv4-sp/hard/libc_nano.a(lib_a-sbrkr.o)
                              /usr/bin/../lib/gcc/arm-none-eabi/7.3.1/../../../../arm-none-eabi/lib/thumb/v7e-m/fpv4-sp/hard/libc_nano.a(lib_a-nano-mallocr.o) (_sbrk_r)
/usr/bin/../lib/gcc/arm-none-eabi/7.3.1/../../../../arm-none-eabi/lib/thumb/v7e-m/fpv4-sp/hard/libc_nano.a(lib_a-mlock.o)
                              /usr/bin/../lib/gcc/arm-none-eabi/7.3.1/../../../../arm-none-eabi/lib/thumb/v7e-m/fpv4-sp/hard/libc_nano.a(lib_a-nano-freer.o) (__malloc_lock)
/usr/bin/../lib/gcc/arm-none-eabi/7.3.1/../../../../arm-none-eabi/lib/thumb/v7e-m/fpv4-sp/hard/libc_nano.a(lib_a-reent.o)
                              /usr/bin/../lib/gcc/arm-none-eabi/7.3.1/../../../../arm-none-eabi/lib/thumb/v7e-m/fpv4-sp/hard/libc_nano.a(lib_a-sbrkr.o) (errno)
/usr/bin/../lib/gcc/arm-none-eabi/7.3.1/../../../../arm-none-eabi/lib/thumb/v7e-m/fpv4-sp/hard/libnosys.a(sbrk.o)
                              /usr/bin/../lib/gcc/arm-none-eabi/7.3.1/../../../../arm-none-eabi/lib/thumb/v7e-m/fpv4-sp/hard/libc_nano.a(lib_a-sbrkr.o) (_sbrk)
/usr/bin/../lib/gcc/arm-none-eabi/7.3.1/../../../../arm-none-eabi/lib/thumb/v7e-m/fpv4-sp/hard/libnosys.a(_exit.o)
                              /usr/bin/../lib/gcc/arm-none-eabi/7.3.1/../../../../arm-none-eabi/lib/thumb/v7e-m/fpv4-sp/hard/libc_nano.a(lib_a-exit.o) (_exit)
/usr/bin/../lib/gcc/arm-none-eabi/7.3.1/thumb/v7e-m/fpv4-sp/hard/libgcc.a(_aeabi_uldivmod.o)
                              build/stm32l4xx_hal_uart.o (__aeabi_uldivmod)
/usr/bin/../lib/gcc/arm-none-eabi/7.3.1/thumb/v7e-m/fpv4-sp/hard/libgcc.a(_udivmoddi4.o)
                              /usr/bin/../lib/gcc/arm-none-eabi/7.3.1/thumb/v7e-m/fpv4-sp/hard/libgcc.a(_aeabi_uldivmod.o) (__udivmoddi4)
/usr/bin/../lib/gcc/arm-none-eabi/7.3.1/thumb/v7e-m/fpv4-sp/hard/libgcc.a(_dvmd_tls.o)
                              /usr/bin/../lib/gcc/arm-none-eabi/7.3.1/thumb/v7e-m/fpv4-sp/hard/libgcc.a(_aeabi_uldivmod.o) (__aeabi_ldiv0)

Allocating common symbols
Common symbol       size              file

middle              0x4               build/keyboard.o
max_menu_current_position
                    0x4               build/keyboard.o
click               0x4               build/main.o
menu_text_usage     0xc               build/main.o
min_menu_current_position
                    0x4               build/keyboard.o
errno               0x4               /usr/bin/../lib/gcc/arm-none-eabi/7.3.1/../../../../arm-none-eabi/lib/thumb/v7e-m/fpv4-sp/hard/libc_nano.a(lib_a-reent.o)
up                  0x4               build/keyboard.o
menu_current_position
                    0x4               build/main.o
uwTick              0x4               build/stm32l4xx_hal.o
Paint               0x18              build/GUI_Paint.o
down                0x4               build/keyboard.o
BlackImage          0x4               build/main.o
htim1               0x40              build/main.o
action              0x4               build/main.o
previous_operation_mode
[...]
Memory Configuration

Name             Origin             Length             Attributes
RAM              0x0000000020000000 0x0000000000018000 xrw
RAM2             0x0000000010000000 0x0000000000008000 xrw
FLASH            0x0000000008000000 0x0000000000100000 xr
*default*        0x0000000000000000 0xffffffffffffffff

Linker script and memory map

LOAD /usr/bin/../lib/gcc/arm-none-eabi/7.3.1/thumb/v7e-m/fpv4-sp/hard/crti.o
LOAD /usr/bin/../lib/gcc/arm-none-eabi/7.3.1/thumb/v7e-m/fpv4-sp/hard/crtbegin.o
LOAD /usr/bin/../lib/gcc/arm-none-eabi/7.3.1/../../../../arm-none-eabi/lib/thumb/v7e-m/fpv4-sp/hard/crt0.o
LOAD build/main.o
LOAD build/stm32l4xx_it.o
LOAD build/stm32l4xx_hal_msp.o
LOAD build/stm32l4xx_hal_tim.o
LOAD build/stm32l4xx_hal_tim_ex.o
LOAD build/stm32l4xx_hal_uart.o
LOAD build/stm32l4xx_hal_uart_ex.o
LOAD build/stm32l4xx_hal.o
LOAD build/stm32l4xx_hal_i2c.o
LOAD build/stm32l4xx_hal_i2c_ex.o
LOAD build/stm32l4xx_hal_rcc.o
LOAD build/stm32l4xx_hal_rcc_ex.o
LOAD build/stm32l4xx_hal_flash.o
LOAD build/stm32l4xx_hal_flash_ex.o
LOAD build/stm32l4xx_hal_flash_ramfunc.o
LOAD build/stm32l4xx_hal_gpio.o
LOAD build/stm32l4xx_hal_dma.o
LOAD build/stm32l4xx_hal_dma_ex.o
LOAD build/stm32l4xx_hal_pwr.o
LOAD build/stm32l4xx_hal_pwr_ex.o
LOAD build/stm32l4xx_hal_cortex.o
LOAD build/stm32l4xx_hal_exti.o
LOAD build/stm32l4xx_hal_spi.o
LOAD build/stm32l4xx_hal_spi_ex.o
LOAD build/system_stm32l4xx.o
LOAD build/DEV_Config.o
LOAD build/EPD_2in9.o
LOAD build/ImageData.o
LOAD build/font8.o
LOAD build/font12.o
LOAD build/font16.o
LOAD build/font20.o
LOAD build/font24.o
LOAD build/GUI_Paint.o
LOAD build/menu.o
LOAD build/example.o
LOAD build/text.o
LOAD build/display.o
LOAD build/modes.o
LOAD build/keyboard.o
LOAD build/startup_stm32l476xx.o
LOAD /usr/bin/../lib/gcc/arm-none-eabi/7.3.1/../../../../arm-none-eabi/lib/thumb/v7e-m/fpv4-sp/hard/libc_nano.a
LOAD /usr/bin/../lib/gcc/arm-none-eabi/7.3.1/../../../../arm-none-eabi/lib/thumb/v7e-m/fpv4-sp/hard/libm.a
LOAD /usr/bin/../lib/gcc/arm-none-eabi/7.3.1/../../../../arm-none-eabi/lib/thumb/v7e-m/fpv4-sp/hard/libnosys.a
START GROUP
LOAD /usr/bin/../lib/gcc/arm-none-eabi/7.3.1/thumb/v7e-m/fpv4-sp/hard/libgcc.a
LOAD /usr/bin/../lib/gcc/arm-none-eabi/7.3.1/../../../../arm-none-eabi/lib/thumb/v7e-m/fpv4-sp/hard/libc_nano.a
END GROUP
START GROUP
LOAD /usr/bin/../lib/gcc/arm-none-eabi/7.3.1/thumb/v7e-m/fpv4-sp/hard/libgcc.a
LOAD /usr/bin/../lib/gcc/arm-none-eabi/7.3.1/../../../../arm-none-eabi/lib/thumb/v7e-m/fpv4-sp/hard/libc_nano.a
END GROUP
LOAD /usr/bin/../lib/gcc/arm-none-eabi/7.3.1/thumb/v7e-m/fpv4-sp/hard/crtend.o
LOAD /usr/bin/../lib/gcc/arm-none-eabi/7.3.1/thumb/v7e-m/fpv4-sp/hard/crtn.o
                0x0000000020018000                _estack = 0x20018000
                0x0000000000000200                _Min_Heap_Size = 0x200
                0x0000000000000400                _Min_Stack_Size = 0x400

.isr_vector     0x0000000008000000      0x188
                0x0000000008000000                . = ALIGN (0x8)
 *(.isr_vector)
 .isr_vector    0x0000000008000000      0x188 build/startup_stm32l476xx.o
                0x0000000008000000                g_pfnVectors
                0x0000000008000188                . = ALIGN (0x8)

.text           0x0000000008000188     0x3940
                0x0000000008000188                . = ALIGN (0x8)
 *(.text)
 .text          0x0000000008000188       0x40 /usr/bin/../lib/gcc/arm-none-eabi/7.3.1/thumb/v7e-m/fpv4-sp/hard/crtbegin.o
 .text          0x00000000080001c8       0x30 /usr/bin/../lib/gcc/arm-none-eabi/7.3.1/thumb/v7e-m/fpv4-sp/hard/libgcc.a(_aeabi_uldivmod.o)
                0x00000000080001c8                __aeabi_uldivmod
 .text          0x00000000080001f8      0x2cc /usr/bin/../lib/gcc/arm-none-eabi/7.3.1/thumb/v7e-m/fpv4-sp/hard/libgcc.a(_udivmoddi4.o)
                0x00000000080001f8                __udivmoddi4
 .text          0x00000000080004c4        0x4 /usr/bin/../lib/gcc/arm-none-eabi/7.3.1/thumb/v7e-m/fpv4-sp/hard/libgcc.a(_dvmd_tls.o)
                0x00000000080004c4                __aeabi_ldiv0
                0x00000000080004c4                __aeabi_idiv0
 *(.text*)
 .text.MX_GPIO_Init
                0x00000000080004c8       0xec build/main.o
 .text.MX_USART2_UART_Init
                0x00000000080005b4       0x30 build/main.o
 .text.MX_SPI1_Init
                0x00000000080005e4       0x44 build/main.o
 .text.MX_TIM1_Init
                0x0000000008000628       0x5c build/main.o
 .text.SystemClock_Config
                0x0000000008000684       0x78 build/main.o
                0x0000000008000684                SystemClock_Config
 .text.main     0x00000000080006fc       0x38 build/main.o
                0x00000000080006fc                main
 .text.NMI_Handler
                0x0000000008000734        0x2 build/stm32l4xx_it.o
                0x0000000008000734                NMI_Handler
 .text.HardFault_Handler
                0x0000000008000736        0x2 build/stm32l4xx_it.o
                0x0000000008000736                HardFault_Handler
 .text.MemManage_Handler
                0x0000000008000738        0x2 build/stm32l4xx_it.o
                0x0000000008000738                MemManage_Handler
 .text.BusFault_Handler
                0x000000000800073a        0x2 build/stm32l4xx_it.o
                0x000000000800073a                BusFault_Handler
 .text.UsageFault_Handler
                0x000000000800073c        0x2 build/stm32l4xx_it.o
                0x000000000800073c                UsageFault_Handler
 .text.SVC_Handler
                0x000000000800073e        0x2 build/stm32l4xx_it.o
                0x000000000800073e                SVC_Handler
 .text.DebugMon_Handler
                0x0000000008000740        0x2 build/stm32l4xx_it.o
                0x0000000008000740                DebugMon_Handler
 .text.PendSV_Handler
                0x0000000008000742        0x2 build/stm32l4xx_it.o
                0x0000000008000742                PendSV_Handler
 .text.SysTick_Handler
                0x0000000008000744        0xc build/stm32l4xx_it.o
                0x0000000008000744                SysTick_Handler
 .text.TIM1_BRK_TIM15_IRQHandler
                0x0000000008000750       0x10 build/stm32l4xx_it.o
                0x0000000008000750                TIM1_BRK_TIM15_IRQHandler
 .text.HAL_MspInit
                0x0000000008000760       0x30 build/stm32l4xx_hal_msp.o
                0x0000000008000760                HAL_MspInit
 .text.HAL_SPI_MspInit
                0x0000000008000790       0x68 build/stm32l4xx_hal_msp.o
                0x0000000008000790                HAL_SPI_MspInit
 .text.HAL_TIM_Base_MspInit
                0x00000000080007f8       0x40 build/stm32l4xx_hal_msp.o
                0x00000000080007f8                HAL_TIM_Base_MspInit
 .text.HAL_UART_MspInit
                0x0000000008000838       0x68 build/stm32l4xx_hal_msp.o
                0x0000000008000838                HAL_UART_MspInit
 .text.TIM_TI1_ConfigInputStage
                0x00000000080008a0       0x26 build/stm32l4xx_hal_tim.o
 .text.TIM_TI2_ConfigInputStage
                0x00000000080008c6       0x28 build/stm32l4xx_hal_tim.o
 .text.TIM_ITRx_SetConfig
                0x00000000080008ee       0x10 build/stm32l4xx_hal_tim.o
 .text.HAL_TIM_PeriodElapsedCallback
                0x00000000080008fe        0x2 build/stm32l4xx_hal_tim.o
                0x00000000080008fe                HAL_TIM_PeriodElapsedCallback
 .text.HAL_TIM_OC_DelayElapsedCallback
                0x0000000008000900        0x2 build/stm32l4xx_hal_tim.o
                0x0000000008000900                HAL_TIM_OC_DelayElapsedCallback
 .text.HAL_TIM_IC_CaptureCallback
                0x0000000008000902        0x2 build/stm32l4xx_hal_tim.o
                0x0000000008000902                HAL_TIM_IC_CaptureCallback
 .text.HAL_TIM_PWM_PulseFinishedCallback
                0x0000000008000904        0x2 build/stm32l4xx_hal_tim.o
                0x0000000008000904                HAL_TIM_PWM_PulseFinishedCallback
 .text.HAL_TIM_TriggerCallback
                0x0000000008000906        0x2 build/stm32l4xx_hal_tim.o
                0x0000000008000906                HAL_TIM_TriggerCallback
 .text.HAL_TIM_IRQHandler
                0x0000000008000908      0x19a build/stm32l4xx_hal_tim.o
                0x0000000008000908                HAL_TIM_IRQHandler
 *fill*         0x0000000008000aa2        0x2 
 .text.TIM_Base_SetConfig
                0x0000000008000aa4       0xc8 build/stm32l4xx_hal_tim.o
                0x0000000008000aa4                TIM_Base_SetConfig
 .text.HAL_TIM_Base_Init
                0x0000000008000b6c       0x32 build/stm32l4xx_hal_tim.o
                0x0000000008000b6c                HAL_TIM_Base_Init
 .text.TIM_ETR_SetConfig
                0x0000000008000b9e       0x18 build/stm32l4xx_hal_tim.o
                0x0000000008000b9e                TIM_ETR_SetConfig
 *fill*         0x0000000008000bb6        0x2 
 .text.HAL_TIM_ConfigClockSource
                0x0000000008000bb8       0xf8 build/stm32l4xx_hal_tim.o
                0x0000000008000bb8                HAL_TIM_ConfigClockSource
 .text.HAL_TIMEx_MasterConfigSynchronization
                0x0000000008000cb0       0x64 build/stm32l4xx_hal_tim_ex.o
                0x0000000008000cb0                HAL_TIMEx_MasterConfigSynchronization
 .text.HAL_TIMEx_CommutationCallback
                0x0000000008000d14        0x2 build/stm32l4xx_hal_tim_ex.o
                0x0000000008000d14                HAL_TIMEx_CommutationCallback
 .text.HAL_TIMEx_BreakCallback
                0x0000000008000d16        0x2 build/stm32l4xx_hal_tim_ex.o
                0x0000000008000d16                HAL_TIMEx_BreakCallback
 .text.HAL_TIMEx_Break2Callback
                0x0000000008000d18        0x2 build/stm32l4xx_hal_tim_ex.o
                0x0000000008000d18                HAL_TIMEx_Break2Callback
 *fill*         0x0000000008000d1a        0x2 
 .text.UART_SetConfig
                0x0000000008000d1c      0x424 build/stm32l4xx_hal_uart.o
                0x0000000008000d1c                UART_SetConfig
 .text.UART_AdvFeatureConfig
                0x0000000008001140       0xca build/stm32l4xx_hal_uart.o
                0x0000000008001140                UART_AdvFeatureConfig
 .text.UART_WaitOnFlagUntilTimeout
                0x000000000800120a       0x62 build/stm32l4xx_hal_uart.o
                0x000000000800120a                UART_WaitOnFlagUntilTimeout
 .text.UART_CheckIdleState
                0x000000000800126c       0x70 build/stm32l4xx_hal_uart.o
                0x000000000800126c                UART_CheckIdleState
 .text.HAL_UART_Init
                0x00000000080012dc       0x66 build/stm32l4xx_hal_uart.o
                0x00000000080012dc                HAL_UART_Init
 *fill*         0x0000000008001342        0x2 
 .text.HAL_InitTick
                0x0000000008001344       0x34 build/stm32l4xx_hal.o
                0x0000000008001344                HAL_InitTick
 .text.HAL_Init
                0x0000000008001378       0x2c build/stm32l4xx_hal.o
                0x0000000008001378                HAL_Init
 .text.HAL_IncTick
                0x00000000080013a4       0x10 build/stm32l4xx_hal.o
                0x00000000080013a4                HAL_IncTick
 .text.HAL_GetTick
                0x00000000080013b4        0xc build/stm32l4xx_hal.o
                0x00000000080013b4                HAL_GetTick
 .text.HAL_Delay
                0x00000000080013c0       0x1e build/stm32l4xx_hal.o
                0x00000000080013c0                HAL_Delay
 *fill*         0x00000000080013de        0x2 
 .text.RCC_SetFlashLatencyFromMSIRange
                0x00000000080013e0       0x90 build/stm32l4xx_hal_rcc.o
 .text.HAL_RCC_GetSysClockFreq
                0x0000000008001470       0xd8 build/stm32l4xx_hal_rcc.o
                0x0000000008001470                HAL_RCC_GetSysClockFreq
 .text.HAL_RCC_OscConfig
                0x0000000008001548      0x550 build/stm32l4xx_hal_rcc.o
                0x0000000008001548                HAL_RCC_OscConfig
 .text.HAL_RCC_ClockConfig
                0x0000000008001a98      0x154 build/stm32l4xx_hal_rcc.o
                0x0000000008001a98                HAL_RCC_ClockConfig
 .text.HAL_RCC_GetHCLKFreq
                0x0000000008001bec        0xc build/stm32l4xx_hal_rcc.o
                0x0000000008001bec                HAL_RCC_GetHCLKFreq
 .text.HAL_RCC_GetPCLK1Freq
                0x0000000008001bf8       0x24 build/stm32l4xx_hal_rcc.o
                0x0000000008001bf8                HAL_RCC_GetPCLK1Freq
 .text.HAL_RCC_GetPCLK2Freq
                0x0000000008001c1c       0x24 build/stm32l4xx_hal_rcc.o
                0x0000000008001c1c                HAL_RCC_GetPCLK2Freq
 .text.RCCEx_PLLSAI1_Config
                0x0000000008001c40      0x170 build/stm32l4xx_hal_rcc_ex.o
 .text.RCCEx_PLLSAI2_Config
                0x0000000008001db0      0x14c build/stm32l4xx_hal_rcc_ex.o
 .text.HAL_RCCEx_PeriphCLKConfig
                0x0000000008001efc      0x450 build/stm32l4xx_hal_rcc_ex.o
                0x0000000008001efc                HAL_RCCEx_PeriphCLKConfig
 .text.HAL_GPIO_Init
                0x000000000800234c      0x1d4 build/stm32l4xx_hal_gpio.o
                0x000000000800234c                HAL_GPIO_Init
 .text.HAL_GPIO_ReadPin
                0x0000000008002520        0xe build/stm32l4xx_hal_gpio.o
                0x0000000008002520                HAL_GPIO_ReadPin
 .text.HAL_GPIO_WritePin
                0x000000000800252e        0xa build/stm32l4xx_hal_gpio.o
                0x000000000800252e                HAL_GPIO_WritePin
 .text.HAL_PWREx_GetVoltageRange
                0x0000000008002538       0x10 build/stm32l4xx_hal_pwr_ex.o
                0x0000000008002538                HAL_PWREx_GetVoltageRange
 .text.HAL_PWREx_ControlVoltageScaling
                0x0000000008002548       0x90 build/stm32l4xx_hal_pwr_ex.o
                0x0000000008002548                HAL_PWREx_ControlVoltageScaling
 .text.HAL_NVIC_SetPriorityGrouping
                0x00000000080025d8       0x24 build/stm32l4xx_hal_cortex.o
                0x00000000080025d8                HAL_NVIC_SetPriorityGrouping
 .text.HAL_NVIC_SetPriority
                0x00000000080025fc       0x68 build/stm32l4xx_hal_cortex.o
                0x00000000080025fc                HAL_NVIC_SetPriority
 .text.HAL_NVIC_EnableIRQ
                0x0000000008002664       0x18 build/stm32l4xx_hal_cortex.o
                0x0000000008002664                HAL_NVIC_EnableIRQ
 .text.HAL_SYSTICK_Config
                0x000000000800267c       0x2c build/stm32l4xx_hal_cortex.o
                0x000000000800267c                HAL_SYSTICK_Config
 .text.SPI_WaitFlagStateUntilTimeout
                0x00000000080026a8       0x90 build/stm32l4xx_hal_spi.o
 .text.SPI_WaitFifoStateUntilTimeout
                0x0000000008002738       0x98 build/stm32l4xx_hal_spi.o
 .text.SPI_EndRxTxTransaction
                0x00000000080027d0       0x66 build/stm32l4xx_hal_spi.o
 .text.HAL_SPI_Init
                0x0000000008002836       0xb0 build/stm32l4xx_hal_spi.o
                0x0000000008002836                HAL_SPI_Init
 .text.HAL_SPI_Transmit
                0x00000000080028e6      0x1dc build/stm32l4xx_hal_spi.o
                0x00000000080028e6                HAL_SPI_Transmit
 *fill*         0x0000000008002ac2        0x2 
 .text.SystemInit
                0x0000000008002ac4       0x48 build/system_stm32l4xx.o
                0x0000000008002ac4                SystemInit
 .text.DEV_SPI_WriteByte
                0x0000000008002b0c       0x20 build/DEV_Config.o
                0x0000000008002b0c                DEV_SPI_WriteByte
 .text.EPD_Reset
                0x0000000008002b2c       0x40 build/EPD_2in9.o
 .text.EPD_SendCommand
                0x0000000008002b6c       0x34 build/EPD_2in9.o
 .text.EPD_SendData
                0x0000000008002ba0       0x34 build/EPD_2in9.o
 .text.EPD_SetWindows
                0x0000000008002bd4       0x40 build/EPD_2in9.o
 .text.EPD_SetCursor
                0x0000000008002c14       0x28 build/EPD_2in9.o
 .text.EPD_WaitUntilIdle
                0x0000000008002c3c       0x20 build/EPD_2in9.o
                0x0000000008002c3c                EPD_WaitUntilIdle
 .text.EPD_TurnOnDisplay
                0x0000000008002c5c       0x20 build/EPD_2in9.o
 .text.EPD_Init
                0x0000000008002c7c       0x84 build/EPD_2in9.o
                0x0000000008002c7c                EPD_Init
 .text.EPD_Clear
                0x0000000008002d00       0x44 build/EPD_2in9.o
                0x0000000008002d00                EPD_Clear
 .text.EPD_Display
                0x0000000008002d44       0x4a build/EPD_2in9.o
                0x0000000008002d44                EPD_Display
 *fill*         0x0000000008002d8e        0x2 
 .text.Paint_NewImage
                0x0000000008002d90       0x48 build/GUI_Paint.o
                0x0000000008002d90                Paint_NewImage
 .text.Paint_SelectImage
                0x0000000008002dd8        0xc build/GUI_Paint.o
                0x0000000008002dd8                Paint_SelectImage
 .text.Paint_SetPixel
                0x0000000008002de4       0xf0 build/GUI_Paint.o
                0x0000000008002de4                Paint_SetPixel
 .text.Paint_Clear
                0x0000000008002ed4       0x38 build/GUI_Paint.o
                0x0000000008002ed4                Paint_Clear
 .text.Paint_ClearWindows
                0x0000000008002f0c       0x34 build/GUI_Paint.o
                0x0000000008002f0c                Paint_ClearWindows
 .text.Paint_DrawPoint
                0x0000000008002f40       0xc8 build/GUI_Paint.o
                0x0000000008002f40                Paint_DrawPoint
 .text.Paint_DrawLine
                0x0000000008003008       0xf8 build/GUI_Paint.o
                0x0000000008003008                Paint_DrawLine
 .text.Paint_DrawRectangle
                0x0000000008003100       0xc4 build/GUI_Paint.o
                0x0000000008003100                Paint_DrawRectangle
 .text.Paint_DrawChar
                0x00000000080031c4       0xd4 build/GUI_Paint.o
                0x00000000080031c4                Paint_DrawChar
 .text.Paint_DrawString_EN
                0x0000000008003298       0x7c build/GUI_Paint.o
                0x0000000008003298                Paint_DrawString_EN
 .text.Display_Draw_Menu_Box
                0x0000000008003314       0x98 build/menu.o
                0x0000000008003314                Display_Draw_Menu_Box
 .text.Menu_Reinit
                0x00000000080033ac       0x60 build/menu.o
                0x00000000080033ac                Menu_Reinit
 .text.Menu_Init
                0x000000000800340c       0x30 build/menu.o
                0x000000000800340c                Menu_Init
 .text.Partial_Display_Draw_Menu_Box
                0x000000000800343c       0xb0 build/menu.o
                0x000000000800343c                Partial_Display_Draw_Menu_Box
 .text.Update_Menu
                0x00000000080034ec       0x68 build/menu.o
                0x00000000080034ec                Update_Menu
 .text.Text_Init
                0x0000000008003554       0xa8 build/text.o
                0x0000000008003554                Text_Init
 .text.Text_Processing
                0x00000000080035fc        0x2 build/text.o
                0x00000000080035fc                Text_Processing
 *fill*         0x00000000080035fe        0x2 
 .text.Display_Init
                0x0000000008003600       0x54 build/display.o
                0x0000000008003600                Display_Init
 .text.Display  0x0000000008003654       0x24 build/display.o
                0x0000000008003654                Display
 .text.Modes_Init
                0x0000000008003678       0x1c build/modes.o
                0x0000000008003678                Modes_Init
 .text.Click_Handler_Menu
                0x0000000008003694       0x20 build/modes.o
                0x0000000008003694                Click_Handler_Menu
 .text.Click_Handler
                0x00000000080036b4       0x2c build/modes.o
                0x00000000080036b4                Click_Handler
 .text.Mode_Handler
                0x00000000080036e0       0x58 build/modes.o
                0x00000000080036e0                Mode_Handler
 .text.Keyboard_Init
                0x0000000008003738       0x30 build/keyboard.o
                0x0000000008003738                Keyboard_Init
 .text.Keyboard_Menu_Mode
                0x0000000008003768       0x50 build/keyboard.o
                0x0000000008003768                Keyboard_Menu_Mode
 .text.Keyboard_Text_Mode
                0x00000000080037b8       0x10 build/keyboard.o
                0x00000000080037b8                Keyboard_Text_Mode
 .text.Keyboard_Modes
                0x00000000080037c8       0x20 build/keyboard.o
                0x00000000080037c8                Keyboard_Modes
 .text.Keyboard
                0x00000000080037e8      0x114 build/keyboard.o
                0x00000000080037e8                Keyboard
 .text.Reset_Handler
                0x00000000080038fc       0x50 build/startup_stm32l476xx.o
                0x00000000080038fc                Reset_Handler
 .text.Default_Handler
                0x000000000800394c        0x2 build/startup_stm32l476xx.o
                0x000000000800394c                RTC_Alarm_IRQHandler
                0x000000000800394c                EXTI2_IRQHandler
                0x000000000800394c                TIM8_TRG_COM_IRQHandler
                0x000000000800394c                TIM8_CC_IRQHandler
                0x000000000800394c                TIM1_CC_IRQHandler
                0x000000000800394c                TSC_IRQHandler
                0x000000000800394c                TAMP_STAMP_IRQHandler
                0x000000000800394c                EXTI3_IRQHandler
                0x000000000800394c                LPTIM2_IRQHandler
                0x000000000800394c                DFSDM1_FLT1_IRQHandler
                0x000000000800394c                I2C3_ER_IRQHandler
                0x000000000800394c                DFSDM1_FLT2_IRQHandler
                0x000000000800394c                EXTI0_IRQHandler
                0x000000000800394c                I2C2_EV_IRQHandler
                0x000000000800394c                CAN1_RX0_IRQHandler
                0x000000000800394c                FPU_IRQHandler
                0x000000000800394c                TIM1_UP_TIM16_IRQHandler
                0x000000000800394c                ADC1_2_IRQHandler
                0x000000000800394c                SPI1_IRQHandler
                0x000000000800394c                TIM6_DAC_IRQHandler
                0x000000000800394c                TIM8_UP_IRQHandler
                0x000000000800394c                DMA2_Channel2_IRQHandler
                0x000000000800394c                DMA1_Channel4_IRQHandler
                0x000000000800394c                SAI2_IRQHandler
                0x000000000800394c                DFSDM1_FLT3_IRQHandler
                0x000000000800394c                USART3_IRQHandler
                0x000000000800394c                DMA1_Channel7_IRQHandler
                0x000000000800394c                CAN1_RX1_IRQHandler
                0x000000000800394c                LCD_IRQHandler
                0x000000000800394c                UART5_IRQHandler
                0x000000000800394c                ADC3_IRQHandler
                0x000000000800394c                TIM4_IRQHandler
                0x000000000800394c                DMA2_Channel1_IRQHandler
                0x000000000800394c                QUADSPI_IRQHandler
                0x000000000800394c                I2C1_EV_IRQHandler
                0x000000000800394c                DMA1_Channel6_IRQHandler
                0x000000000800394c                UART4_IRQHandler
                0x000000000800394c                DMA2_Channel4_IRQHandler
                0x000000000800394c                TIM3_IRQHandler
                0x000000000800394c                RCC_IRQHandler
                0x000000000800394c                DMA1_Channel1_IRQHandler
                0x000000000800394c                Default_Handler
                0x000000000800394c                DMA2_Channel7_IRQHandler
                0x000000000800394c                EXTI15_10_IRQHandler
                0x000000000800394c                TIM7_IRQHandler
                0x000000000800394c                SDMMC1_IRQHandler
                0x000000000800394c                TIM5_IRQHandler
                0x000000000800394c                I2C3_EV_IRQHandler
                0x000000000800394c                EXTI9_5_IRQHandler
                0x000000000800394c                RTC_WKUP_IRQHandler
                0x000000000800394c                PVD_PVM_IRQHandler
                0x000000000800394c                SPI2_IRQHandler
                0x000000000800394c                CAN1_TX_IRQHandler
                0x000000000800394c                DMA2_Channel5_IRQHandler
                0x000000000800394c                DMA1_Channel5_IRQHandler
                0x000000000800394c                EXTI4_IRQHandler
                0x000000000800394c                RNG_IRQHandler
                0x000000000800394c                TIM1_TRG_COM_TIM17_IRQHandler
                0x000000000800394c                DMA1_Channel3_IRQHandler
                0x000000000800394c                COMP_IRQHandler
                0x000000000800394c                WWDG_IRQHandler
                0x000000000800394c                LPUART1_IRQHandler
                0x000000000800394c                DMA2_Channel6_IRQHandler
                0x000000000800394c                TIM2_IRQHandler
                0x000000000800394c                EXTI1_IRQHandler
                0x000000000800394c                USART2_IRQHandler
                0x000000000800394c                DFSDM1_FLT0_IRQHandler
                0x000000000800394c                I2C2_ER_IRQHandler
                0x000000000800394c                DMA1_Channel2_IRQHandler
                0x000000000800394c                TIM8_BRK_IRQHandler
                0x000000000800394c                CAN1_SCE_IRQHandler
                0x000000000800394c                FLASH_IRQHandler
                0x000000000800394c                USART1_IRQHandler
                0x000000000800394c                OTG_FS_IRQHandler
                0x000000000800394c                SPI3_IRQHandler
                0x000000000800394c                I2C1_ER_IRQHandler
                0x000000000800394c                FMC_IRQHandler
                0x000000000800394c                SWPMI1_IRQHandler
                0x000000000800394c                LPTIM1_IRQHandler
                0x000000000800394c                SAI1_IRQHandler
                0x000000000800394c                DMA2_Channel3_IRQHandler
 *fill*         0x000000000800394e        0x2 
 .text.__libc_init_array
                0x0000000008003950       0x48 /usr/bin/../lib/gcc/arm-none-eabi/7.3.1/../../../../arm-none-eabi/lib/thumb/v7e-m/fpv4-sp/hard/libc_nano.a(lib_a-init.o)
                0x0000000008003950                __libc_init_array
 .text.malloc   0x0000000008003998       0x10 /usr/bin/../lib/gcc/arm-none-eabi/7.3.1/../../../../arm-none-eabi/lib/thumb/v7e-m/fpv4-sp/hard/libc_nano.a(lib_a-malloc.o)
                0x0000000008003998                malloc
 .text.memset   0x00000000080039a8       0x10 /usr/bin/../lib/gcc/arm-none-eabi/7.3.1/../../../../arm-none-eabi/lib/thumb/v7e-m/fpv4-sp/hard/libc_nano.a(lib_a-memset.o)
                0x00000000080039a8                memset
 .text._malloc_r
                0x00000000080039b8       0xb4 /usr/bin/../lib/gcc/arm-none-eabi/7.3.1/../../../../arm-none-eabi/lib/thumb/v7e-m/fpv4-sp/hard/libc_nano.a(lib_a-nano-mallocr.o)
                0x00000000080039b8                _malloc_r
 .text._sbrk_r  0x0000000008003a6c       0x20 /usr/bin/../lib/gcc/arm-none-eabi/7.3.1/../../../../arm-none-eabi/lib/thumb/v7e-m/fpv4-sp/hard/libc_nano.a(lib_a-sbrkr.o)
                0x0000000008003a6c                _sbrk_r
 .text.__malloc_lock
                0x0000000008003a8c        0x2 /usr/bin/../lib/gcc/arm-none-eabi/7.3.1/../../../../arm-none-eabi/lib/thumb/v7e-m/fpv4-sp/hard/libc_nano.a(lib_a-mlock.o)
                0x0000000008003a8c                __malloc_lock
 .text.__malloc_unlock
                0x0000000008003a8e        0x2 /usr/bin/../lib/gcc/arm-none-eabi/7.3.1/../../../../arm-none-eabi/lib/thumb/v7e-m/fpv4-sp/hard/libc_nano.a(lib_a-mlock.o)
                0x0000000008003a8e                __malloc_unlock
 .text._sbrk    0x0000000008003a90       0x1c /usr/bin/../lib/gcc/arm-none-eabi/7.3.1/../../../../arm-none-eabi/lib/thumb/v7e-m/fpv4-sp/hard/libnosys.a(sbrk.o)
                0x0000000008003a90                _sbrk
 *(.glue_7)
 .glue_7        0x0000000008003aac        0x0 linker stubs
 *(.glue_7t)
 .glue_7t       0x0000000008003aac        0x0 linker stubs
 *(.eh_frame)
 .eh_frame      0x0000000008003aac        0x0 /usr/bin/../lib/gcc/arm-none-eabi/7.3.1/thumb/v7e-m/fpv4-sp/hard/crtbegin.o
 *(.init)
 .init          0x0000000008003aac        0x4 /usr/bin/../lib/gcc/arm-none-eabi/7.3.1/thumb/v7e-m/fpv4-sp/hard/crti.o
                0x0000000008003aac                _init
 .init          0x0000000008003ab0        0x8 /usr/bin/../lib/gcc/arm-none-eabi/7.3.1/thumb/v7e-m/fpv4-sp/hard/crtn.o
 *(.fini)
 .fini          0x0000000008003ab8        0x4 /usr/bin/../lib/gcc/arm-none-eabi/7.3.1/thumb/v7e-m/fpv4-sp/hard/crti.o
                0x0000000008003ab8                _fini
 .fini          0x0000000008003abc        0x8 /usr/bin/../lib/gcc/arm-none-eabi/7.3.1/thumb/v7e-m/fpv4-sp/hard/crtn.o
                0x0000000008003ac8                . = ALIGN (0x8)
 *fill*         0x0000000008003ac4        0x4 
                0x0000000008003ac8                _etext = .

.vfp11_veneer   0x0000000008003ac8        0x0
 .vfp11_veneer  0x0000000008003ac8        0x0 linker stubs

.v4_bx          0x0000000008003ac8        0x0
 .v4_bx         0x0000000008003ac8        0x0 linker stubs

.iplt           0x0000000008003ac8        0x0
 .iplt          0x0000000008003ac8        0x0 /usr/bin/../lib/gcc/arm-none-eabi/7.3.1/thumb/v7e-m/fpv4-sp/hard/crtbegin.o

.rodata         0x0000000008003ac8     0x3358
                0x0000000008003ac8                . = ALIGN (0x8)
 *(.rodata)
 *(.rodata*)
 .rodata.AHBPrescTable
                0x0000000008003ac8       0x10 build/system_stm32l4xx.o
                0x0000000008003ac8                AHBPrescTable
 .rodata.APBPrescTable
                0x0000000008003ad8        0x8 build/system_stm32l4xx.o
                0x0000000008003ad8                APBPrescTable
 .rodata.MSIRangeTable
                0x0000000008003ae0       0x30 build/system_stm32l4xx.o
                0x0000000008003ae0                MSIRangeTable
 .rodata.lut_full_update
                0x0000000008003b10       0x1e build/EPD_2in9.o
                0x0000000008003b10                lut_full_update
 *fill*         0x0000000008003b2e        0x2 
 .rodata.lut_partial_update
                0x0000000008003b30       0x1e build/EPD_2in9.o
                0x0000000008003b30                lut_partial_update
 *fill*         0x0000000008003b4e        0x2 
 .rodata.Font12_Table
                0x0000000008003b50      0x474 build/font12.o
                0x0000000008003b50                Font12_Table
 .rodata.Font20_Table
                0x0000000008003fc4      0xed8 build/font20.o
                0x0000000008003fc4                Font20_Table
 .rodata.Menu_Init.str1.4
                0x0000000008004e9c       0x18 build/menu.o
 .rodata.text   0x0000000008004eb4     0x1f67 build/example.o
                0x0000000008004eb4                text
                0x0000000008006e20                . = ALIGN (0x8)
 *fill*         0x0000000008006e1b        0x5 

.ARM.extab      0x0000000008006e20        0x0
                0x0000000008006e20                . = ALIGN (0x8)
 *(.ARM.extab* .gnu.linkonce.armextab.*)
                0x0000000008006e20                . = ALIGN (0x8)

.ARM            0x0000000008006e20        0x8
                0x0000000008006e20                . = ALIGN (0x8)
                0x0000000008006e20                __exidx_start = .
 *(.ARM.exidx*)
 .ARM.exidx     0x0000000008006e20        0x8 /usr/bin/../lib/gcc/arm-none-eabi/7.3.1/thumb/v7e-m/fpv4-sp/hard/libgcc.a(_udivmoddi4.o)
                0x0000000008006e28                __exidx_end = .
                0x0000000008006e28                . = ALIGN (0x8)

.rel.dyn        0x0000000008006e28        0x0
 .rel.iplt      0x0000000008006e28        0x0 /usr/bin/../lib/gcc/arm-none-eabi/7.3.1/thumb/v7e-m/fpv4-sp/hard/crtbegin.o

.preinit_array  0x0000000008006e28        0x0
                0x0000000008006e28                . = ALIGN (0x8)
                0x0000000008006e28                PROVIDE (__preinit_array_start = .)
 *(.preinit_array*)
                0x0000000008006e28                PROVIDE (__preinit_array_end = .)
                0x0000000008006e28                . = ALIGN (0x8)

.init_array     0x0000000008006e28        0x8
                0x0000000008006e28                . = ALIGN (0x8)
                0x0000000008006e28                PROVIDE (__init_array_start = .)
 *(SORT_BY_NAME(.init_array.*))
 *(.init_array*)
 .init_array    0x0000000008006e28        0x4 /usr/bin/../lib/gcc/arm-none-eabi/7.3.1/thumb/v7e-m/fpv4-sp/hard/crtbegin.o
                0x0000000008006e2c                PROVIDE (__init_array_end = .)
                0x0000000008006e30                . = ALIGN (0x8)
 *fill*         0x0000000008006e2c        0x4 

.fini_array     0x0000000008006e30        0x8
                0x0000000008006e30                . = ALIGN (0x8)
                [!provide]                        PROVIDE (__fini_array_start = .)
 *(SORT_BY_NAME(.fini_array.*))
 *(.fini_array*)
 .fini_array    0x0000000008006e30        0x4 /usr/bin/../lib/gcc/arm-none-eabi/7.3.1/thumb/v7e-m/fpv4-sp/hard/crtbegin.o
                [!provide]                        PROVIDE (__fini_array_end = .)
                0x0000000008006e38                . = ALIGN (0x8)
 *fill*         0x0000000008006e34        0x4 
                0x0000000008006e38                _sidata = LOADADDR (.data)

.data           0x0000000020000000       0x78 load address 0x0000000008006e38
                0x0000000020000000                . = ALIGN (0x8)
                0x0000000020000000                _sdata = .
 *(.data)
 *(.data*)
 .data.SystemCoreClock
                0x0000000020000000        0x4 build/system_stm32l4xx.o
                0x0000000020000000                SystemCoreClock
 .data.Font12   0x0000000020000004        0x8 build/font12.o
                0x0000000020000004                Font12
 .data.Font20   0x000000002000000c        0x8 build/font20.o
                0x000000002000000c                Font20
 .data._impure_ptr
                0x0000000020000014        0x4 /usr/bin/../lib/gcc/arm-none-eabi/7.3.1/../../../../arm-none-eabi/lib/thumb/v7e-m/fpv4-sp/hard/libc_nano.a(lib_a-impure.o)
                0x0000000020000014                _impure_ptr
 .data.impure_data
                0x0000000020000018       0x60 /usr/bin/../lib/gcc/arm-none-eabi/7.3.1/../../../../arm-none-eabi/lib/thumb/v7e-m/fpv4-sp/hard/libc_nano.a(lib_a-impure.o)
                0x0000000020000078                . = ALIGN (0x8)
                0x0000000020000078                _edata = .

.igot.plt       0x0000000020000078        0x0 load address 0x0000000008006eb0
 .igot.plt      0x0000000020000078        0x0 /usr/bin/../lib/gcc/arm-none-eabi/7.3.1/thumb/v7e-m/fpv4-sp/hard/crtbegin.o
                0x0000000020000078                . = ALIGN (0x4)

.bss            0x0000000020000078      0x1a0 load address 0x0000000008006eb0
                0x0000000020000078                _sbss = .
                0x0000000020000078                __bss_start__ = _sbss
 *(.bss)
 .bss           0x0000000020000078       0x1c /usr/bin/../lib/gcc/arm-none-eabi/7.3.1/thumb/v7e-m/fpv4-sp/hard/crtbegin.o
 *(.bss*)
 .bss.menu_text
                0x0000000020000094        0x4 build/menu.o
 .bss.__malloc_free_list
                0x0000000020000098        0x4 /usr/bin/../lib/gcc/arm-none-eabi/7.3.1/../../../../arm-none-eabi/lib/thumb/v7e-m/fpv4-sp/hard/libc_nano.a(lib_a-nano-mallocr.o)
                0x0000000020000098                __malloc_free_list
 .bss.__malloc_sbrk_start
                0x000000002000009c        0x4 /usr/bin/../lib/gcc/arm-none-eabi/7.3.1/../../../../arm-none-eabi/lib/thumb/v7e-m/fpv4-sp/hard/libc_nano.a(lib_a-nano-mallocr.o)
                0x000000002000009c                __malloc_sbrk_start
 .bss.heap_end.5377
                0x00000000200000a0        0x4 /usr/bin/../lib/gcc/arm-none-eabi/7.3.1/../../../../arm-none-eabi/lib/thumb/v7e-m/fpv4-sp/hard/libnosys.a(sbrk.o)
 *(COMMON)
 COMMON         0x00000000200000a4      0x140 build/main.o
                0x00000000200000a4                click
                0x00000000200000a8                menu_text_usage
                0x00000000200000b4                menu_current_position
                0x00000000200000b8                BlackImage
                0x00000000200000bc                htim1
                0x00000000200000fc                action
                0x0000000020000100                previous_operation_mode
                0x0000000020000104                hspi1
                0x0000000020000168                huart2
                0x00000000200001e0                operation_mode
 COMMON         0x00000000200001e4        0x4 build/stm32l4xx_hal.o
                0x00000000200001e4                uwTick
 COMMON         0x00000000200001e8       0x18 build/GUI_Paint.o
                0x00000000200001e8                Paint
 COMMON         0x0000000020000200       0x14 build/keyboard.o
                0x0000000020000200                middle
                0x0000000020000204                max_menu_current_position
                0x0000000020000208                min_menu_current_position
                0x000000002000020c                up
                0x0000000020000210                down
 COMMON         0x0000000020000214        0x4 /usr/bin/../lib/gcc/arm-none-eabi/7.3.1/../../../../arm-none-eabi/lib/thumb/v7e-m/fpv4-sp/hard/libc_nano.a(lib_a-reent.o)
                0x0000000020000214                errno
                0x0000000020000218                . = ALIGN (0x4)
                0x0000000020000218                _ebss = .
                0x0000000020000218                __bss_end__ = _ebss

._user_heap_stack
                0x0000000020000218      0x600 load address 0x0000000008006eb0
                0x0000000020000218                . = ALIGN (0x8)
                0x0000000020000218                PROVIDE (end = .)
                [!provide]                        PROVIDE (_end = .)
                0x0000000020000418                . = (. + _Min_Heap_Size)
 *fill*         0x0000000020000218      0x200 
                0x0000000020000818                . = (. + _Min_Stack_Size)
 *fill*         0x0000000020000418      0x400 
                0x0000000020000818                . = ALIGN (0x8)

/DISCARD/
 libc.a(*)
 libm.a(*)
 libgcc.a(*)

.ARM.attributes
                0x0000000000000000       0x30
 *(.ARM.attributes)
 .ARM.attributes
                0x0000000000000000       0x22 /usr/bin/../lib/gcc/arm-none-eabi/7.3.1/thumb/v7e-m/fpv4-sp/hard/crti.o
 .ARM.attributes
                0x0000000000000022       0x34 /usr/bin/../lib/gcc/arm-none-eabi/7.3.1/thumb/v7e-m/fpv4-sp/hard/crtbegin.o
 .ARM.attributes
                0x0000000000000056       0x39 build/main.o
 .ARM.attributes
                0x000000000000008f       0x39 build/stm32l4xx_it.o
 .ARM.attributes
                0x00000000000000c8       0x39 build/stm32l4xx_hal_msp.o
 .ARM.attributes
                0x0000000000000101       0x39 build/stm32l4xx_hal_tim.o
 .ARM.attributes
                0x000000000000013a       0x39 build/stm32l4xx_hal_tim_ex.o
 .ARM.attributes
                0x0000000000000173       0x39 build/stm32l4xx_hal_uart.o
 .ARM.attributes
                0x00000000000001ac       0x39 build/stm32l4xx_hal.o
 .ARM.attributes
                0x00000000000001e5       0x39 build/stm32l4xx_hal_rcc.o
 .ARM.attributes
                0x000000000000021e       0x39 build/stm32l4xx_hal_rcc_ex.o
 .ARM.attributes
                0x0000000000000257       0x39 build/stm32l4xx_hal_gpio.o
 .ARM.attributes
                0x0000000000000290       0x39 build/stm32l4xx_hal_pwr_ex.o
 .ARM.attributes
                0x00000000000002c9       0x39 build/stm32l4xx_hal_cortex.o
 .ARM.attributes
                0x0000000000000302       0x39 build/stm32l4xx_hal_spi.o
 .ARM.attributes
                0x000000000000033b       0x39 build/system_stm32l4xx.o
 .ARM.attributes
                0x0000000000000374       0x39 build/DEV_Config.o
 .ARM.attributes
                0x00000000000003ad       0x39 build/EPD_2in9.o
 .ARM.attributes
                0x00000000000003e6       0x39 build/font12.o
 .ARM.attributes
                0x000000000000041f       0x39 build/font20.o
 .ARM.attributes
                0x0000000000000458       0x39 build/GUI_Paint.o
 .ARM.attributes
                0x0000000000000491       0x39 build/menu.o
 .ARM.attributes
                0x00000000000004ca       0x39 build/example.o
 .ARM.attributes
                0x0000000000000503       0x39 build/text.o
 .ARM.attributes
                0x000000000000053c       0x39 build/display.o
 .ARM.attributes
                0x0000000000000575       0x39 build/modes.o
 .ARM.attributes
                0x00000000000005ae       0x39 build/keyboard.o
 .ARM.attributes
                0x00000000000005e7       0x21 build/startup_stm32l476xx.o
 .ARM.attributes
                0x0000000000000608       0x34 /usr/bin/../lib/gcc/arm-none-eabi/7.3.1/../../../../arm-none-eabi/lib/thumb/v7e-m/fpv4-sp/hard/libc_nano.a(lib_a-impure.o)
 .ARM.attributes
                0x000000000000063c       0x34 /usr/bin/../lib/gcc/arm-none-eabi/7.3.1/../../../../arm-none-eabi/lib/thumb/v7e-m/fpv4-sp/hard/libc_nano.a(lib_a-init.o)
 .ARM.attributes
                0x0000000000000670       0x34 /usr/bin/../lib/gcc/arm-none-eabi/7.3.1/../../../../arm-none-eabi/lib/thumb/v7e-m/fpv4-sp/hard/libc_nano.a(lib_a-malloc.o)
 .ARM.attributes
                0x00000000000006a4       0x34 /usr/bin/../lib/gcc/arm-none-eabi/7.3.1/../../../../arm-none-eabi/lib/thumb/v7e-m/fpv4-sp/hard/libc_nano.a(lib_a-memset.o)
 .ARM.attributes
                0x00000000000006d8       0x34 /usr/bin/../lib/gcc/arm-none-eabi/7.3.1/../../../../arm-none-eabi/lib/thumb/v7e-m/fpv4-sp/hard/libc_nano.a(lib_a-nano-mallocr.o)
 .ARM.attributes
                0x000000000000070c       0x34 /usr/bin/../lib/gcc/arm-none-eabi/7.3.1/../../../../arm-none-eabi/lib/thumb/v7e-m/fpv4-sp/hard/libc_nano.a(lib_a-sbrkr.o)
 .ARM.attributes
                0x0000000000000740       0x34 /usr/bin/../lib/gcc/arm-none-eabi/7.3.1/../../../../arm-none-eabi/lib/thumb/v7e-m/fpv4-sp/hard/libc_nano.a(lib_a-mlock.o)
 .ARM.attributes
                0x0000000000000774       0x34 /usr/bin/../lib/gcc/arm-none-eabi/7.3.1/../../../../arm-none-eabi/lib/thumb/v7e-m/fpv4-sp/hard/libc_nano.a(lib_a-reent.o)
 .ARM.attributes
                0x00000000000007a8       0x34 /usr/bin/../lib/gcc/arm-none-eabi/7.3.1/../../../../arm-none-eabi/lib/thumb/v7e-m/fpv4-sp/hard/libnosys.a(sbrk.o)
 .ARM.attributes
                0x00000000000007dc       0x22 /usr/bin/../lib/gcc/arm-none-eabi/7.3.1/thumb/v7e-m/fpv4-sp/hard/libgcc.a(_aeabi_uldivmod.o)
 .ARM.attributes
                0x00000000000007fe       0x34 /usr/bin/../lib/gcc/arm-none-eabi/7.3.1/thumb/v7e-m/fpv4-sp/hard/libgcc.a(_udivmoddi4.o)
 .ARM.attributes
                0x0000000000000832       0x22 /usr/bin/../lib/gcc/arm-none-eabi/7.3.1/thumb/v7e-m/fpv4-sp/hard/libgcc.a(_dvmd_tls.o)
 .ARM.attributes
                0x0000000000000854       0x22 /usr/bin/../lib/gcc/arm-none-eabi/7.3.1/thumb/v7e-m/fpv4-sp/hard/crtn.o
OUTPUT(build/smartwatch.elf elf32-littlearm)

.debug_info     0x0000000000000000    0x1e0b8
 .debug_info    0x0000000000000000     0x2673 build/main.o
 .debug_info    0x0000000000002673     0x1497 build/stm32l4xx_it.o
 .debug_info    0x0000000000003b0a     0x224a build/stm32l4xx_hal_msp.o
 .debug_info    0x0000000000005d54     0x329b build/stm32l4xx_hal_tim.o
 .debug_info    0x0000000000008fef     0x16ad build/stm32l4xx_hal_tim_ex.o
 .debug_info    0x000000000000a69c     0x1def build/stm32l4xx_hal_uart.o
 .debug_info    0x000000000000c48b      0xd26 build/stm32l4xx_hal.o
 .debug_info    0x000000000000d1b1      0xf5c build/stm32l4xx_hal_rcc.o
 .debug_info    0x000000000000e10d     0x12f3 build/stm32l4xx_hal_rcc_ex.o
 .debug_info    0x000000000000f400      0x928 build/stm32l4xx_hal_gpio.o
 .debug_info    0x000000000000fd28      0xc0d build/stm32l4xx_hal_pwr_ex.o
 .debug_info    0x0000000000010935     0x1052 build/stm32l4xx_hal_cortex.o
 .debug_info    0x0000000000011987     0x1f61 build/stm32l4xx_hal_spi.o
 .debug_info    0x00000000000138e8      0x65e build/system_stm32l4xx.o
 .debug_info    0x0000000000013f46     0x1369 build/DEV_Config.o
 .debug_info    0x00000000000152af     0x171a build/EPD_2in9.o
 .debug_info    0x00000000000169c9      0x234 build/font12.o
 .debug_info    0x0000000000016bfd      0x234 build/font20.o
 .debug_info    0x0000000000016e31     0x21a7 build/GUI_Paint.o
 .debug_info    0x0000000000018fd8     0x1236 build/menu.o
 .debug_info    0x000000000001a20e       0x59 build/example.o
 .debug_info    0x000000000001a267      0xf57 build/text.o
 .debug_info    0x000000000001b1be      0xf6c build/display.o
 .debug_info    0x000000000001c12a      0xeef build/modes.o
 .debug_info    0x000000000001d019     0x107d build/keyboard.o
 .debug_info    0x000000000001e096       0x22 build/startup_stm32l476xx.o

.debug_abbrev   0x0000000000000000     0x3588
 .debug_abbrev  0x0000000000000000      0x2e6 build/main.o
 .debug_abbrev  0x00000000000002e6      0x238 build/stm32l4xx_it.o
 .debug_abbrev  0x000000000000051e      0x262 build/stm32l4xx_hal_msp.o
 .debug_abbrev  0x0000000000000780      0x269 build/stm32l4xx_hal_tim.o
 .debug_abbrev  0x00000000000009e9      0x27c build/stm32l4xx_hal_tim_ex.o
 .debug_abbrev  0x0000000000000c65      0x282 build/stm32l4xx_hal_uart.o
 .debug_abbrev  0x0000000000000ee7      0x216 build/stm32l4xx_hal.o
 .debug_abbrev  0x00000000000010fd      0x262 build/stm32l4xx_hal_rcc.o
 .debug_abbrev  0x000000000000135f      0x280 build/stm32l4xx_hal_rcc_ex.o
 .debug_abbrev  0x00000000000015df      0x213 build/stm32l4xx_hal_gpio.o
 .debug_abbrev  0x00000000000017f2      0x216 build/stm32l4xx_hal_pwr_ex.o
 .debug_abbrev  0x0000000000001a08      0x30f build/stm32l4xx_hal_cortex.o
 .debug_abbrev  0x0000000000001d17      0x26e build/stm32l4xx_hal_spi.o
 .debug_abbrev  0x0000000000001f85      0x133 build/system_stm32l4xx.o
 .debug_abbrev  0x00000000000020b8      0x218 build/DEV_Config.o
 .debug_abbrev  0x00000000000022d0      0x2e2 build/EPD_2in9.o
 .debug_abbrev  0x00000000000025b2       0xb8 build/font12.o
 .debug_abbrev  0x000000000000266a       0xb8 build/font20.o
 .debug_abbrev  0x0000000000002722      0x321 build/GUI_Paint.o
 .debug_abbrev  0x0000000000002a43      0x24a build/menu.o
 .debug_abbrev  0x0000000000002c8d       0x45 build/example.o
 .debug_abbrev  0x0000000000002cd2      0x242 build/text.o
 .debug_abbrev  0x0000000000002f14      0x20e build/display.o
 .debug_abbrev  0x0000000000003122      0x1ec build/modes.o
 .debug_abbrev  0x000000000000330e      0x268 build/keyboard.o
 .debug_abbrev  0x0000000000003576       0x12 build/startup_stm32l476xx.o

.debug_loc      0x0000000000000000     0xf95f
 .debug_loc     0x0000000000000000      0x109 build/main.o
 .debug_loc     0x0000000000000109       0x40 build/stm32l4xx_it.o
 .debug_loc     0x0000000000000149      0x28f build/stm32l4xx_hal_msp.o
 .debug_loc     0x00000000000003d8     0x41c3 build/stm32l4xx_hal_tim.o
 .debug_loc     0x000000000000459b     0x1bad build/stm32l4xx_hal_tim_ex.o
 .debug_loc     0x0000000000006148     0x1d6a build/stm32l4xx_hal_uart.o
 .debug_loc     0x0000000000007eb2      0x1d4 build/stm32l4xx_hal.o
 .debug_loc     0x0000000000008086      0x79e build/stm32l4xx_hal_rcc.o
 .debug_loc     0x0000000000008824     0x1da0 build/stm32l4xx_hal_rcc_ex.o
 .debug_loc     0x000000000000a5c4      0x425 build/stm32l4xx_hal_gpio.o
 .debug_loc     0x000000000000a9e9      0x980 build/stm32l4xx_hal_pwr_ex.o
 .debug_loc     0x000000000000b369      0x65e build/stm32l4xx_hal_cortex.o
 .debug_loc     0x000000000000b9c7     0x218f build/stm32l4xx_hal_spi.o
 .debug_loc     0x000000000000db56      0x1b8 build/system_stm32l4xx.o
 .debug_loc     0x000000000000dd0e       0x57 build/DEV_Config.o
 .debug_loc     0x000000000000dd65      0x3bb build/EPD_2in9.o
 .debug_loc     0x000000000000e120     0x133d build/GUI_Paint.o
 .debug_loc     0x000000000000f45d      0x244 build/menu.o
 .debug_loc     0x000000000000f6a1      0x173 build/text.o
 .debug_loc     0x000000000000f814       0x58 build/display.o
 .debug_loc     0x000000000000f86c       0x60 build/modes.o
 .debug_loc     0x000000000000f8cc       0x93 build/keyboard.o

.debug_aranges  0x0000000000000000     0x1120
 .debug_aranges
                0x0000000000000000       0x50 build/main.o
 .debug_aranges
                0x0000000000000050       0x68 build/stm32l4xx_it.o
 .debug_aranges
                0x00000000000000b8       0x50 build/stm32l4xx_hal_msp.o
 .debug_aranges
                0x0000000000000108      0x378 build/stm32l4xx_hal_tim.o
 .debug_aranges
                0x0000000000000480      0x158 build/stm32l4xx_hal_tim_ex.o
 .debug_aranges
                0x00000000000005d8      0x1f8 build/stm32l4xx_hal_uart.o
 .debug_aranges
                0x00000000000007d0      0x118 build/stm32l4xx_hal.o
 .debug_aranges
                0x00000000000008e8       0x88 build/stm32l4xx_hal_rcc.o
 .debug_aranges
                0x0000000000000970       0xc0 build/stm32l4xx_hal_rcc_ex.o
 .debug_aranges
                0x0000000000000a30       0x58 build/stm32l4xx_hal_gpio.o
 .debug_aranges
                0x0000000000000a88      0x148 build/stm32l4xx_hal_pwr_ex.o
 .debug_aranges
                0x0000000000000bd0       0xa8 build/stm32l4xx_hal_cortex.o
 .debug_aranges
                0x0000000000000c78      0x1d8 build/stm32l4xx_hal_spi.o
 .debug_aranges
                0x0000000000000e50       0x28 build/system_stm32l4xx.o
 .debug_aranges
                0x0000000000000e78       0x20 build/DEV_Config.o
 .debug_aranges
                0x0000000000000e98       0x70 build/EPD_2in9.o
 .debug_aranges
                0x0000000000000f08       0x18 build/font12.o
 .debug_aranges
                0x0000000000000f20       0x18 build/font20.o
 .debug_aranges
                0x0000000000000f38       0xa0 build/GUI_Paint.o
 .debug_aranges
                0x0000000000000fd8       0x40 build/menu.o
 .debug_aranges
                0x0000000000001018       0x18 build/example.o
 .debug_aranges
                0x0000000000001030       0x28 build/text.o
 .debug_aranges
                0x0000000000001058       0x28 build/display.o
 .debug_aranges
                0x0000000000001080       0x38 build/modes.o
 .debug_aranges
                0x00000000000010b8       0x40 build/keyboard.o
 .debug_aranges
                0x00000000000010f8       0x28 build/startup_stm32l476xx.o

.debug_ranges   0x0000000000000000     0x1098
 .debug_ranges  0x0000000000000000       0x40 build/main.o
 .debug_ranges  0x0000000000000040       0x58 build/stm32l4xx_it.o
 .debug_ranges  0x0000000000000098       0x40 build/stm32l4xx_hal_msp.o
 .debug_ranges  0x00000000000000d8      0x368 build/stm32l4xx_hal_tim.o
 .debug_ranges  0x0000000000000440      0x148 build/stm32l4xx_hal_tim_ex.o
 .debug_ranges  0x0000000000000588      0x1e8 build/stm32l4xx_hal_uart.o
 .debug_ranges  0x0000000000000770      0x108 build/stm32l4xx_hal.o
 .debug_ranges  0x0000000000000878       0x90 build/stm32l4xx_hal_rcc.o
 .debug_ranges  0x0000000000000908       0xd0 build/stm32l4xx_hal_rcc_ex.o
 .debug_ranges  0x00000000000009d8       0x48 build/stm32l4xx_hal_gpio.o
 .debug_ranges  0x0000000000000a20      0x138 build/stm32l4xx_hal_pwr_ex.o
 .debug_ranges  0x0000000000000b58       0xf8 build/stm32l4xx_hal_cortex.o
 .debug_ranges  0x0000000000000c50      0x1c8 build/stm32l4xx_hal_spi.o
 .debug_ranges  0x0000000000000e18       0x18 build/system_stm32l4xx.o
 .debug_ranges  0x0000000000000e30       0x10 build/DEV_Config.o
 .debug_ranges  0x0000000000000e40       0x90 build/EPD_2in9.o
 .debug_ranges  0x0000000000000ed0       0xd8 build/GUI_Paint.o
 .debug_ranges  0x0000000000000fa8       0x30 build/menu.o
 .debug_ranges  0x0000000000000fd8       0x30 build/text.o
 .debug_ranges  0x0000000000001008       0x18 build/display.o
 .debug_ranges  0x0000000000001020       0x28 build/modes.o
 .debug_ranges  0x0000000000001048       0x30 build/keyboard.o
 .debug_ranges  0x0000000000001078       0x20 build/startup_stm32l476xx.o

.debug_line     0x0000000000000000     0x81fd
 .debug_line    0x0000000000000000      0x477 build/main.o
 .debug_line    0x0000000000000477      0x375 build/stm32l4xx_it.o
 .debug_line    0x00000000000007ec      0x3e4 build/stm32l4xx_hal_msp.o
 .debug_line    0x0000000000000bd0     0x14e8 build/stm32l4xx_hal_tim.o
 .debug_line    0x00000000000020b8      0x8c9 build/stm32l4xx_hal_tim_ex.o
 .debug_line    0x0000000000002981      0xd84 build/stm32l4xx_hal_uart.o
 .debug_line    0x0000000000003705      0x3ef build/stm32l4xx_hal.o
 .debug_line    0x0000000000003af4      0x53e build/stm32l4xx_hal_rcc.o
 .debug_line    0x0000000000004032      0x7e2 build/stm32l4xx_hal_rcc_ex.o
 .debug_line    0x0000000000004814      0x30b build/stm32l4xx_hal_gpio.o
 .debug_line    0x0000000000004b1f      0x648 build/stm32l4xx_hal_pwr_ex.o
 .debug_line    0x0000000000005167      0x3cc build/stm32l4xx_hal_cortex.o
 .debug_line    0x0000000000005533      0xd00 build/stm32l4xx_hal_spi.o
 .debug_line    0x0000000000006233      0x1a8 build/system_stm32l4xx.o
 .debug_line    0x00000000000063db      0x2e6 build/DEV_Config.o
 .debug_line    0x00000000000066c1      0x404 build/EPD_2in9.o
 .debug_line    0x0000000000006ac5       0xa5 build/font12.o
 .debug_line    0x0000000000006b6a       0xa5 build/font20.o
 .debug_line    0x0000000000006c0f      0x6bc build/GUI_Paint.o
 .debug_line    0x00000000000072cb      0x2ff build/menu.o
 .debug_line    0x00000000000075ca       0x3c build/example.o
 .debug_line    0x0000000000007606      0x2c5 build/text.o
 .debug_line    0x00000000000078cb      0x2a3 build/display.o
 .debug_line    0x0000000000007b6e      0x2dd build/modes.o
 .debug_line    0x0000000000007e4b      0x33e build/keyboard.o
 .debug_line    0x0000000000008189       0x74 build/startup_stm32l476xx.o

.debug_str      0x0000000000000000     0x55fa
 .debug_str     0x0000000000000000     0x1676 build/main.o
                                       0x1810 (size before relaxing)
 .debug_str     0x0000000000001676       0xe5 build/stm32l4xx_it.o
                                        0xc98 (size before relaxing)
 .debug_str     0x000000000000175b      0x5ce build/stm32l4xx_hal_msp.o
                                       0x1769 (size before relaxing)
 .debug_str     0x0000000000001d29      0xd0b build/stm32l4xx_hal_tim.o
                                       0x1454 (size before relaxing)
 .debug_str     0x0000000000002a34      0x59b build/stm32l4xx_hal_tim_ex.o
                                        0xe1f (size before relaxing)
 .debug_str     0x0000000000002fcf      0x700 build/stm32l4xx_hal_uart.o
                                        0xf8c (size before relaxing)
 .debug_str     0x00000000000036cf      0x424 build/stm32l4xx_hal.o
                                        0xce8 (size before relaxing)
 .debug_str     0x0000000000003af3      0x211 build/stm32l4xx_hal_rcc.o
                                        0x87e (size before relaxing)
 .debug_str     0x0000000000003d04      0x33b build/stm32l4xx_hal_rcc_ex.o
                                        0xb0e (size before relaxing)
 .debug_str     0x000000000000403f       0xcc build/stm32l4xx_hal_gpio.o
                                        0x5a1 (size before relaxing)
 .debug_str     0x000000000000410b      0x4e1 build/stm32l4xx_hal_pwr_ex.o
                                        0x838 (size before relaxing)
 .debug_str     0x00000000000045ec      0x345 build/stm32l4xx_hal_cortex.o
                                        0xc4c (size before relaxing)
 .debug_str     0x0000000000004931      0x52f build/stm32l4xx_hal_spi.o
                                        0xbf5 (size before relaxing)
 .debug_str     0x0000000000004e60       0x38 build/system_stm32l4xx.o
                                        0x3ef (size before relaxing)
 .debug_str     0x0000000000004e98       0x2e build/DEV_Config.o
                                        0xbb0 (size before relaxing)
 .debug_str     0x0000000000004ec6       0xc9 build/EPD_2in9.o
                                        0x8fd (size before relaxing)
 .debug_str     0x0000000000004f8f       0x24 build/font12.o
                                        0x22b (size before relaxing)
 .debug_str     0x0000000000004fb3       0x24 build/font20.o
                                        0x22b (size before relaxing)
 .debug_str     0x0000000000004fd7      0x41a build/GUI_Paint.o
                                        0xc06 (size before relaxing)
 .debug_str     0x00000000000053f1       0x66 build/menu.o
                                        0x914 (size before relaxing)
 .debug_str     0x0000000000005457       0x1c build/example.o
                                        0x10d (size before relaxing)
 .debug_str     0x0000000000005473       0x6d build/text.o
                                        0x840 (size before relaxing)
 .debug_str     0x00000000000054e0       0x42 build/display.o
                                        0x845 (size before relaxing)
 .debug_str     0x0000000000005522       0x29 build/modes.o
                                        0x828 (size before relaxing)
 .debug_str     0x000000000000554b       0x8b build/keyboard.o
                                        0x887 (size before relaxing)
 .debug_str     0x00000000000055d6       0x24 build/startup_stm32l476xx.o
                                         0x45 (size before relaxing)

.comment        0x0000000000000000       0x7f
 .comment       0x0000000000000000       0x7f build/main.o
                                         0x80 (size before relaxing)
 .comment       0x000000000000007f       0x80 build/stm32l4xx_it.o
 .comment       0x000000000000007f       0x80 build/stm32l4xx_hal_msp.o
 .comment       0x000000000000007f       0x80 build/stm32l4xx_hal_tim.o
 .comment       0x000000000000007f       0x80 build/stm32l4xx_hal_tim_ex.o
 .comment       0x000000000000007f       0x80 build/stm32l4xx_hal_uart.o
 .comment       0x000000000000007f       0x80 build/stm32l4xx_hal.o
 .comment       0x000000000000007f       0x80 build/stm32l4xx_hal_rcc.o
 .comment       0x000000000000007f       0x80 build/stm32l4xx_hal_rcc_ex.o
 .comment       0x000000000000007f       0x80 build/stm32l4xx_hal_gpio.o
 .comment       0x000000000000007f       0x80 build/stm32l4xx_hal_pwr_ex.o
 .comment       0x000000000000007f       0x80 build/stm32l4xx_hal_cortex.o
 .comment       0x000000000000007f       0x80 build/stm32l4xx_hal_spi.o
 .comment       0x000000000000007f       0x80 build/system_stm32l4xx.o
 .comment       0x000000000000007f       0x80 build/DEV_Config.o
 .comment       0x000000000000007f       0x80 build/EPD_2in9.o
 .comment       0x000000000000007f       0x80 build/font12.o
 .comment       0x000000000000007f       0x80 build/font20.o
 .comment       0x000000000000007f       0x80 build/GUI_Paint.o
 .comment       0x000000000000007f       0x80 build/menu.o
 .comment       0x000000000000007f       0x80 build/example.o
 .comment       0x000000000000007f       0x80 build/text.o
 .comment       0x000000000000007f       0x80 build/display.o
 .comment       0x000000000000007f       0x80 build/modes.o
 .comment       0x000000000000007f       0x80 build/keyboard.o

.debug_frame    0x0000000000000000     0x328c
 .debug_frame   0x0000000000000000       0xe4 build/main.o
 .debug_frame   0x00000000000000e4       0xc8 build/stm32l4xx_it.o
 .debug_frame   0x00000000000001ac       0xd8 build/stm32l4xx_hal_msp.o
 .debug_frame   0x0000000000000284      0xb48 build/stm32l4xx_hal_tim.o
 .debug_frame   0x0000000000000dcc      0x468 build/stm32l4xx_hal_tim_ex.o
 .debug_frame   0x0000000000001234      0x614 build/stm32l4xx_hal_uart.o
 .debug_frame   0x0000000000001848      0x250 build/stm32l4xx_hal.o
 .debug_frame   0x0000000000001a98      0x1c0 build/stm32l4xx_hal_rcc.o
 .debug_frame   0x0000000000001c58      0x23c build/stm32l4xx_hal_rcc_ex.o
 .debug_frame   0x0000000000001e94       0xec build/stm32l4xx_hal_gpio.o
 .debug_frame   0x0000000000001f80      0x27c build/stm32l4xx_hal_pwr_ex.o
 .debug_frame   0x00000000000021fc      0x16c build/stm32l4xx_hal_cortex.o
 .debug_frame   0x0000000000002368      0x668 build/stm32l4xx_hal_spi.o
 .debug_frame   0x00000000000029d0       0x30 build/system_stm32l4xx.o
 .debug_frame   0x0000000000002a00       0x2c build/DEV_Config.o
 .debug_frame   0x0000000000002a2c      0x168 build/EPD_2in9.o
 .debug_frame   0x0000000000002b94      0x2d4 build/GUI_Paint.o
 .debug_frame   0x0000000000002e68       0xc0 build/menu.o
 .debug_frame   0x0000000000002f28       0x4c build/text.o
 .debug_frame   0x0000000000002f74       0x4c build/display.o
 .debug_frame   0x0000000000002fc0       0x74 build/modes.o
 .debug_frame   0x0000000000003034       0x78 build/keyboard.o
 .debug_frame   0x00000000000030ac       0x2c /usr/bin/../lib/gcc/arm-none-eabi/7.3.1/../../../../arm-none-eabi/lib/thumb/v7e-m/fpv4-sp/hard/libc_nano.a(lib_a-init.o)
 .debug_frame   0x00000000000030d8       0x30 /usr/bin/../lib/gcc/arm-none-eabi/7.3.1/../../../../arm-none-eabi/lib/thumb/v7e-m/fpv4-sp/hard/libc_nano.a(lib_a-malloc.o)
 .debug_frame   0x0000000000003108       0x20 /usr/bin/../lib/gcc/arm-none-eabi/7.3.1/../../../../arm-none-eabi/lib/thumb/v7e-m/fpv4-sp/hard/libc_nano.a(lib_a-memset.o)
 .debug_frame   0x0000000000003128       0x2c /usr/bin/../lib/gcc/arm-none-eabi/7.3.1/../../../../arm-none-eabi/lib/thumb/v7e-m/fpv4-sp/hard/libc_nano.a(lib_a-nano-mallocr.o)
 .debug_frame   0x0000000000003154       0x2c /usr/bin/../lib/gcc/arm-none-eabi/7.3.1/../../../../arm-none-eabi/lib/thumb/v7e-m/fpv4-sp/hard/libc_nano.a(lib_a-sbrkr.o)
 .debug_frame   0x0000000000003180       0x30 /usr/bin/../lib/gcc/arm-none-eabi/7.3.1/../../../../arm-none-eabi/lib/thumb/v7e-m/fpv4-sp/hard/libc_nano.a(lib_a-mlock.o)
 .debug_frame   0x00000000000031b0       0x5c /usr/bin/../lib/gcc/arm-none-eabi/7.3.1/../../../../arm-none-eabi/lib/thumb/v7e-m/fpv4-sp/hard/libc_nano.a(lib_a-reent.o)
 .debug_frame   0x000000000000320c       0x20 /usr/bin/../lib/gcc/arm-none-eabi/7.3.1/../../../../arm-none-eabi/lib/thumb/v7e-m/fpv4-sp/hard/libnosys.a(sbrk.o)
 .debug_frame   0x000000000000322c       0x2c /usr/bin/../lib/gcc/arm-none-eabi/7.3.1/thumb/v7e-m/fpv4-sp/hard/libgcc.a(_aeabi_uldivmod.o)
 .debug_frame   0x0000000000003258       0x34 /usr/bin/../lib/gcc/arm-none-eabi/7.3.1/thumb/v7e-m/fpv4-sp/hard/libgcc.a(_udivmoddi4.o)

Cross Reference Table

Symbol                                            File
ADC1_2_IRQHandler                                 build/startup_stm32l476xx.o
ADC3_IRQHandler                                   build/startup_stm32l476xx.o
AHBPrescTable                                     build/system_stm32l4xx.o
                                                  build/stm32l4xx_hal_rcc.o
APBPrescTable                                     build/system_stm32l4xx.o
                                                  build/stm32l4xx_hal_rcc.o
BlackImage                                        build/keyboard.o
                                                  build/modes.o
                                                  build/display.o
                                                  build/text.o
                                                  build/menu.o
                                                  build/GUI_Paint.o
                                                  build/EPD_2in9.o
                                                  build/DEV_Config.o
                                                  build/stm32l4xx_hal_msp.o
                                                  build/stm32l4xx_it.o
                                                  build/main.o
BusFault_Handler                                  build/stm32l4xx_it.o
CAN1_RX0_IRQHandler                               build/startup_stm32l476xx.o
CAN1_RX1_IRQHandler                               build/startup_stm32l476xx.o
CAN1_SCE_IRQHandler                               build/startup_stm32l476xx.o
CAN1_TX_IRQHandler                                build/startup_stm32l476xx.o
COMP_IRQHandler                                   build/startup_stm32l476xx.o
Click_Handler                                     build/modes.o
                                                  build/display.o
Click_Handler_Menu                                build/modes.o
DEV_SPI_WriteByte                                 build/DEV_Config.o
                                                  build/EPD_2in9.o
DFSDM1_FLT0_IRQHandler                            build/startup_stm32l476xx.o
DFSDM1_FLT1_IRQHandler                            build/startup_stm32l476xx.o
DFSDM1_FLT2_IRQHandler                            build/startup_stm32l476xx.o
DFSDM1_FLT3_IRQHandler                            build/startup_stm32l476xx.o
DMA1_Channel1_IRQHandler                          build/startup_stm32l476xx.o
DMA1_Channel2_IRQHandler                          build/startup_stm32l476xx.o
DMA1_Channel3_IRQHandler                          build/startup_stm32l476xx.o
DMA1_Channel4_IRQHandler                          build/startup_stm32l476xx.o
DMA1_Channel5_IRQHandler                          build/startup_stm32l476xx.o
DMA1_Channel6_IRQHandler                          build/startup_stm32l476xx.o
DMA1_Channel7_IRQHandler                          build/startup_stm32l476xx.o
DMA2_Channel1_IRQHandler                          build/startup_stm32l476xx.o
DMA2_Channel2_IRQHandler                          build/startup_stm32l476xx.o
DMA2_Channel3_IRQHandler                          build/startup_stm32l476xx.o
DMA2_Channel4_IRQHandler                          build/startup_stm32l476xx.o
DMA2_Channel5_IRQHandler                          build/startup_stm32l476xx.o
DMA2_Channel6_IRQHandler                          build/startup_stm32l476xx.o
DMA2_Channel7_IRQHandler                          build/startup_stm32l476xx.o
DebugMon_Handler                                  build/stm32l4xx_it.o
Default_Handler                                   build/startup_stm32l476xx.o
Display                                           build/display.o
                                                  build/main.o
Display_Draw_Menu_Box                             build/menu.o
Display_Init                                      build/display.o
                                                  build/main.o
EPD_Clear                                         build/EPD_2in9.o
                                                  build/display.o
EPD_Display                                       build/EPD_2in9.o
                                                  build/text.o
                                                  build/menu.o
EPD_Init                                          build/EPD_2in9.o
                                                  build/display.o
                                                  build/text.o
                                                  build/menu.o
EPD_Sleep                                         build/EPD_2in9.o
EPD_WaitUntilIdle                                 build/EPD_2in9.o
EXTI0_IRQHandler                                  build/startup_stm32l476xx.o
EXTI15_10_IRQHandler                              build/startup_stm32l476xx.o
EXTI1_IRQHandler                                  build/startup_stm32l476xx.o
EXTI2_IRQHandler                                  build/startup_stm32l476xx.o
EXTI3_IRQHandler                                  build/startup_stm32l476xx.o
EXTI4_IRQHandler                                  build/startup_stm32l476xx.o
EXTI9_5_IRQHandler                                build/startup_stm32l476xx.o
Error_Handler                                     build/main.o
FLASH_FlushCaches                                 build/stm32l4xx_hal_flash_ex.o
                                                  build/stm32l4xx_hal_flash.o
FLASH_IRQHandler                                  build/startup_stm32l476xx.o
FLASH_PageErase                                   build/stm32l4xx_hal_flash_ex.o
                                                  build/stm32l4xx_hal_flash.o
FLASH_WaitForLastOperation                        build/stm32l4xx_hal_flash.o
                                                  build/stm32l4xx_hal_flash_ex.o
FMC_IRQHandler                                    build/startup_stm32l476xx.o
FPU_IRQHandler                                    build/startup_stm32l476xx.o
Font12                                            build/font12.o
                                                  build/text.o
Font12_Table                                      build/font12.o
Font16                                            build/font16.o
Font16_Table                                      build/font16.o
Font20                                            build/font20.o
                                                  build/menu.o
Font20_Table                                      build/font20.o
Font24                                            build/font24.o
Font24_Table                                      build/font24.o
Font8                                             build/font8.o
Font8_Table                                       build/font8.o
HAL_DBGMCU_DisableDBGSleepMode                    build/stm32l4xx_hal.o
HAL_DBGMCU_DisableDBGStandbyMode                  build/stm32l4xx_hal.o
HAL_DBGMCU_DisableDBGStopMode                     build/stm32l4xx_hal.o
HAL_DBGMCU_EnableDBGSleepMode                     build/stm32l4xx_hal.o
HAL_DBGMCU_EnableDBGStandbyMode                   build/stm32l4xx_hal.o
HAL_DBGMCU_EnableDBGStopMode                      build/stm32l4xx_hal.o
HAL_DMA_Abort                                     build/stm32l4xx_hal_dma.o
                                                  build/stm32l4xx_hal_spi.o
                                                  build/stm32l4xx_hal_uart.o
                                                  build/stm32l4xx_hal_tim.o
HAL_DMA_Abort_IT                                  build/stm32l4xx_hal_dma.o
                                                  build/stm32l4xx_hal_spi.o
                                                  build/stm32l4xx_hal_i2c.o
                                                  build/stm32l4xx_hal_uart.o
HAL_DMA_DeInit                                    build/stm32l4xx_hal_dma.o
HAL_DMA_GetError                                  build/stm32l4xx_hal_dma.o
HAL_DMA_GetState                                  build/stm32l4xx_hal_dma.o
HAL_DMA_IRQHandler                                build/stm32l4xx_hal_dma.o
HAL_DMA_Init                                      build/stm32l4xx_hal_dma.o
HAL_DMA_PollForTransfer                           build/stm32l4xx_hal_dma.o
HAL_DMA_RegisterCallback                          build/stm32l4xx_hal_dma.o
HAL_DMA_Start                                     build/stm32l4xx_hal_dma.o
HAL_DMA_Start_IT                                  build/stm32l4xx_hal_dma.o
                                                  build/stm32l4xx_hal_spi.o
                                                  build/stm32l4xx_hal_i2c.o
                                                  build/stm32l4xx_hal_uart.o
                                                  build/stm32l4xx_hal_tim_ex.o
                                                  build/stm32l4xx_hal_tim.o
HAL_DMA_UnRegisterCallback                        build/stm32l4xx_hal_dma.o
HAL_DeInit                                        build/stm32l4xx_hal.o
HAL_Delay                                         build/stm32l4xx_hal.o
                                                  build/display.o
                                                  build/EPD_2in9.o
HAL_EXTI_ClearConfigLine                          build/stm32l4xx_hal_exti.o
HAL_EXTI_ClearPending                             build/stm32l4xx_hal_exti.o
HAL_EXTI_GenerateSWI                              build/stm32l4xx_hal_exti.o
HAL_EXTI_GetConfigLine                            build/stm32l4xx_hal_exti.o
HAL_EXTI_GetHandle                                build/stm32l4xx_hal_exti.o
HAL_EXTI_GetPending                               build/stm32l4xx_hal_exti.o
HAL_EXTI_IRQHandler                               build/stm32l4xx_hal_exti.o
HAL_EXTI_RegisterCallback                         build/stm32l4xx_hal_exti.o
HAL_EXTI_SetConfigLine                            build/stm32l4xx_hal_exti.o
HAL_FLASHEx_DisableRunPowerDown                   build/stm32l4xx_hal_flash_ramfunc.o
HAL_FLASHEx_EnableRunPowerDown                    build/stm32l4xx_hal_flash_ramfunc.o
HAL_FLASHEx_Erase                                 build/stm32l4xx_hal_flash_ex.o
HAL_FLASHEx_Erase_IT                              build/stm32l4xx_hal_flash_ex.o
HAL_FLASHEx_OBGetConfig                           build/stm32l4xx_hal_flash_ex.o
HAL_FLASHEx_OBProgram                             build/stm32l4xx_hal_flash_ex.o
HAL_FLASH_EndOfOperationCallback                  build/stm32l4xx_hal_flash.o
HAL_FLASH_GetError                                build/stm32l4xx_hal_flash.o
HAL_FLASH_IRQHandler                              build/stm32l4xx_hal_flash.o
HAL_FLASH_Lock                                    build/stm32l4xx_hal_flash.o
HAL_FLASH_OB_Launch                               build/stm32l4xx_hal_flash.o
HAL_FLASH_OB_Lock                                 build/stm32l4xx_hal_flash.o
HAL_FLASH_OB_Unlock                               build/stm32l4xx_hal_flash.o
HAL_FLASH_OperationErrorCallback                  build/stm32l4xx_hal_flash.o
HAL_FLASH_Program                                 build/stm32l4xx_hal_flash.o
HAL_FLASH_Program_IT                              build/stm32l4xx_hal_flash.o
HAL_FLASH_Unlock                                  build/stm32l4xx_hal_flash.o
HAL_GPIO_DeInit                                   build/stm32l4xx_hal_gpio.o
                                                  build/stm32l4xx_hal_msp.o
HAL_GPIO_EXTI_Callback                            build/stm32l4xx_hal_gpio.o
HAL_GPIO_EXTI_IRQHandler                          build/stm32l4xx_hal_gpio.o
HAL_GPIO_Init                                     build/stm32l4xx_hal_gpio.o
                                                  build/stm32l4xx_hal_rcc_ex.o
                                                  build/stm32l4xx_hal_rcc.o
                                                  build/stm32l4xx_hal_msp.o
                                                  build/main.o
HAL_GPIO_LockPin                                  build/stm32l4xx_hal_gpio.o
HAL_GPIO_ReadPin                                  build/stm32l4xx_hal_gpio.o
                                                  build/keyboard.o
                                                  build/EPD_2in9.o
HAL_GPIO_TogglePin                                build/stm32l4xx_hal_gpio.o
HAL_GPIO_WritePin                                 build/stm32l4xx_hal_gpio.o
                                                  build/EPD_2in9.o
                                                  build/main.o
HAL_GetDEVID                                      build/stm32l4xx_hal.o
HAL_GetHalVersion                                 build/stm32l4xx_hal.o
HAL_GetREVID                                      build/stm32l4xx_hal.o
HAL_GetTick                                       build/stm32l4xx_hal.o
                                                  build/stm32l4xx_hal_spi.o
                                                  build/stm32l4xx_hal_dma.o
                                                  build/stm32l4xx_hal_flash.o
                                                  build/stm32l4xx_hal_rcc_ex.o
                                                  build/stm32l4xx_hal_rcc.o
                                                  build/stm32l4xx_hal_i2c.o
                                                  build/stm32l4xx_hal_uart_ex.o
                                                  build/stm32l4xx_hal_uart.o
HAL_GetUIDw0                                      build/stm32l4xx_hal.o
HAL_GetUIDw1                                      build/stm32l4xx_hal.o
HAL_GetUIDw2                                      build/stm32l4xx_hal.o
HAL_HalfDuplex_EnableReceiver                     build/stm32l4xx_hal_uart.o
HAL_HalfDuplex_EnableTransmitter                  build/stm32l4xx_hal_uart.o
HAL_HalfDuplex_Init                               build/stm32l4xx_hal_uart.o
HAL_I2CEx_ConfigAnalogFilter                      build/stm32l4xx_hal_i2c_ex.o
HAL_I2CEx_ConfigDigitalFilter                     build/stm32l4xx_hal_i2c_ex.o
HAL_I2CEx_DisableFastModePlus                     build/stm32l4xx_hal_i2c_ex.o
HAL_I2CEx_DisableWakeUp                           build/stm32l4xx_hal_i2c_ex.o
HAL_I2CEx_EnableFastModePlus                      build/stm32l4xx_hal_i2c_ex.o
HAL_I2CEx_EnableWakeUp                            build/stm32l4xx_hal_i2c_ex.o
HAL_I2C_AbortCpltCallback                         build/stm32l4xx_hal_i2c.o
HAL_I2C_AddrCallback                              build/stm32l4xx_hal_i2c.o
HAL_I2C_DeInit                                    build/stm32l4xx_hal_i2c.o
HAL_I2C_DisableListen_IT                          build/stm32l4xx_hal_i2c.o
HAL_I2C_ER_IRQHandler                             build/stm32l4xx_hal_i2c.o
HAL_I2C_EV_IRQHandler                             build/stm32l4xx_hal_i2c.o
HAL_I2C_EnableListen_IT                           build/stm32l4xx_hal_i2c.o
HAL_I2C_ErrorCallback                             build/stm32l4xx_hal_i2c.o
HAL_I2C_GetError                                  build/stm32l4xx_hal_i2c.o
HAL_I2C_GetMode                                   build/stm32l4xx_hal_i2c.o
HAL_I2C_GetState                                  build/stm32l4xx_hal_i2c.o
HAL_I2C_Init                                      build/stm32l4xx_hal_i2c.o
HAL_I2C_IsDeviceReady                             build/stm32l4xx_hal_i2c.o
HAL_I2C_ListenCpltCallback                        build/stm32l4xx_hal_i2c.o
HAL_I2C_MasterRxCpltCallback                      build/stm32l4xx_hal_i2c.o
HAL_I2C_MasterTxCpltCallback                      build/stm32l4xx_hal_i2c.o
HAL_I2C_Master_Abort_IT                           build/stm32l4xx_hal_i2c.o
HAL_I2C_Master_Receive                            build/stm32l4xx_hal_i2c.o
HAL_I2C_Master_Receive_DMA                        build/stm32l4xx_hal_i2c.o
HAL_I2C_Master_Receive_IT                         build/stm32l4xx_hal_i2c.o
HAL_I2C_Master_Sequential_Receive_DMA             build/stm32l4xx_hal_i2c.o
HAL_I2C_Master_Sequential_Receive_IT              build/stm32l4xx_hal_i2c.o
HAL_I2C_Master_Sequential_Transmit_DMA            build/stm32l4xx_hal_i2c.o
HAL_I2C_Master_Sequential_Transmit_IT             build/stm32l4xx_hal_i2c.o
HAL_I2C_Master_Transmit                           build/stm32l4xx_hal_i2c.o
HAL_I2C_Master_Transmit_DMA                       build/stm32l4xx_hal_i2c.o
HAL_I2C_Master_Transmit_IT                        build/stm32l4xx_hal_i2c.o
HAL_I2C_MemRxCpltCallback                         build/stm32l4xx_hal_i2c.o
HAL_I2C_MemTxCpltCallback                         build/stm32l4xx_hal_i2c.o
HAL_I2C_Mem_Read                                  build/stm32l4xx_hal_i2c.o
HAL_I2C_Mem_Read_DMA                              build/stm32l4xx_hal_i2c.o
HAL_I2C_Mem_Read_IT                               build/stm32l4xx_hal_i2c.o
HAL_I2C_Mem_Write                                 build/stm32l4xx_hal_i2c.o
HAL_I2C_Mem_Write_DMA                             build/stm32l4xx_hal_i2c.o
HAL_I2C_Mem_Write_IT                              build/stm32l4xx_hal_i2c.o
HAL_I2C_MspDeInit                                 build/stm32l4xx_hal_i2c.o
HAL_I2C_MspInit                                   build/stm32l4xx_hal_i2c.o
HAL_I2C_SlaveRxCpltCallback                       build/stm32l4xx_hal_i2c.o
HAL_I2C_SlaveTxCpltCallback                       build/stm32l4xx_hal_i2c.o
HAL_I2C_Slave_Receive                             build/stm32l4xx_hal_i2c.o
HAL_I2C_Slave_Receive_DMA                         build/stm32l4xx_hal_i2c.o
HAL_I2C_Slave_Receive_IT                          build/stm32l4xx_hal_i2c.o
HAL_I2C_Slave_Sequential_Receive_DMA              build/stm32l4xx_hal_i2c.o
HAL_I2C_Slave_Sequential_Receive_IT               build/stm32l4xx_hal_i2c.o
HAL_I2C_Slave_Sequential_Transmit_DMA             build/stm32l4xx_hal_i2c.o
HAL_I2C_Slave_Sequential_Transmit_IT              build/stm32l4xx_hal_i2c.o
HAL_I2C_Slave_Transmit                            build/stm32l4xx_hal_i2c.o
HAL_I2C_Slave_Transmit_DMA                        build/stm32l4xx_hal_i2c.o
HAL_I2C_Slave_Transmit_IT                         build/stm32l4xx_hal_i2c.o
HAL_IncTick                                       build/stm32l4xx_hal.o
                                                  build/stm32l4xx_it.o
HAL_Init                                          build/stm32l4xx_hal.o
                                                  build/main.o
HAL_InitTick                                      build/stm32l4xx_hal.o
                                                  build/stm32l4xx_hal_rcc.o
HAL_LIN_Init                                      build/stm32l4xx_hal_uart.o
HAL_LIN_SendBreak                                 build/stm32l4xx_hal_uart.o
HAL_MPU_ConfigRegion                              build/stm32l4xx_hal_cortex.o
HAL_MPU_Disable                                   build/stm32l4xx_hal_cortex.o
HAL_MPU_Enable                                    build/stm32l4xx_hal_cortex.o
HAL_MspDeInit                                     build/stm32l4xx_hal.o
HAL_MspInit                                       build/stm32l4xx_hal_msp.o
HAL_MultiProcessorEx_AddressLength_Set            build/stm32l4xx_hal_uart_ex.o
HAL_MultiProcessor_DisableMuteMode                build/stm32l4xx_hal_uart.o
HAL_MultiProcessor_EnableMuteMode                 build/stm32l4xx_hal_uart.o
HAL_MultiProcessor_EnterMuteMode                  build/stm32l4xx_hal_uart.o
HAL_MultiProcessor_Init                           build/stm32l4xx_hal_uart.o
HAL_NVIC_ClearPendingIRQ                          build/stm32l4xx_hal_cortex.o
HAL_NVIC_DisableIRQ                               build/stm32l4xx_hal_cortex.o
                                                  build/stm32l4xx_hal_msp.o
HAL_NVIC_EnableIRQ                                build/stm32l4xx_hal_cortex.o
                                                  build/stm32l4xx_hal_msp.o
HAL_NVIC_GetActive                                build/stm32l4xx_hal_cortex.o
HAL_NVIC_GetPendingIRQ                            build/stm32l4xx_hal_cortex.o
HAL_NVIC_GetPriority                              build/stm32l4xx_hal_cortex.o
HAL_NVIC_GetPriorityGrouping                      build/stm32l4xx_hal_cortex.o
HAL_NVIC_SetPendingIRQ                            build/stm32l4xx_hal_cortex.o
HAL_NVIC_SetPriority                              build/stm32l4xx_hal_cortex.o
                                                  build/stm32l4xx_hal.o
                                                  build/stm32l4xx_hal_msp.o
HAL_NVIC_SetPriorityGrouping                      build/stm32l4xx_hal_cortex.o
                                                  build/stm32l4xx_hal.o
HAL_NVIC_SystemReset                              build/stm32l4xx_hal_cortex.o
HAL_PWREx_ConfigPVM                               build/stm32l4xx_hal_pwr_ex.o
HAL_PWREx_ControlVoltageScaling                   build/stm32l4xx_hal_pwr_ex.o
                                                  build/main.o
HAL_PWREx_DisableBatteryCharging                  build/stm32l4xx_hal_pwr_ex.o
HAL_PWREx_DisableGPIOPullDown                     build/stm32l4xx_hal_pwr_ex.o
HAL_PWREx_DisableGPIOPullUp                       build/stm32l4xx_hal_pwr_ex.o
HAL_PWREx_DisableInternalWakeUpLine               build/stm32l4xx_hal_pwr_ex.o
HAL_PWREx_DisableLowPowerRunMode                  build/stm32l4xx_hal_pwr_ex.o
                                                  build/stm32l4xx_hal_pwr.o
HAL_PWREx_DisablePVM1                             build/stm32l4xx_hal_pwr_ex.o
HAL_PWREx_DisablePVM2                             build/stm32l4xx_hal_pwr_ex.o
HAL_PWREx_DisablePVM3                             build/stm32l4xx_hal_pwr_ex.o
HAL_PWREx_DisablePVM4                             build/stm32l4xx_hal_pwr_ex.o
HAL_PWREx_DisablePullUpPullDownConfig             build/stm32l4xx_hal_pwr_ex.o
HAL_PWREx_DisableSRAM2ContentRetention            build/stm32l4xx_hal_pwr_ex.o
HAL_PWREx_DisableVddIO2                           build/stm32l4xx_hal_pwr_ex.o
HAL_PWREx_DisableVddUSB                           build/stm32l4xx_hal_pwr_ex.o
HAL_PWREx_EnableBatteryCharging                   build/stm32l4xx_hal_pwr_ex.o
HAL_PWREx_EnableGPIOPullDown                      build/stm32l4xx_hal_pwr_ex.o
HAL_PWREx_EnableGPIOPullUp                        build/stm32l4xx_hal_pwr_ex.o
HAL_PWREx_EnableInternalWakeUpLine                build/stm32l4xx_hal_pwr_ex.o
HAL_PWREx_EnableLowPowerRunMode                   build/stm32l4xx_hal_pwr_ex.o
                                                  build/stm32l4xx_hal_pwr.o
HAL_PWREx_EnablePVM1                              build/stm32l4xx_hal_pwr_ex.o
HAL_PWREx_EnablePVM2                              build/stm32l4xx_hal_pwr_ex.o
HAL_PWREx_EnablePVM3                              build/stm32l4xx_hal_pwr_ex.o
HAL_PWREx_EnablePVM4                              build/stm32l4xx_hal_pwr_ex.o
HAL_PWREx_EnablePullUpPullDownConfig              build/stm32l4xx_hal_pwr_ex.o
HAL_PWREx_EnableSRAM2ContentRetention             build/stm32l4xx_hal_pwr_ex.o
HAL_PWREx_EnableVddIO2                            build/stm32l4xx_hal_pwr_ex.o
HAL_PWREx_EnableVddUSB                            build/stm32l4xx_hal_pwr_ex.o
HAL_PWREx_EnterSHUTDOWNMode                       build/stm32l4xx_hal_pwr_ex.o
HAL_PWREx_EnterSTOP0Mode                          build/stm32l4xx_hal_pwr_ex.o
                                                  build/stm32l4xx_hal_pwr.o
HAL_PWREx_EnterSTOP1Mode                          build/stm32l4xx_hal_pwr_ex.o
                                                  build/stm32l4xx_hal_pwr.o
HAL_PWREx_EnterSTOP2Mode                          build/stm32l4xx_hal_pwr_ex.o
HAL_PWREx_GetVoltageRange                         build/stm32l4xx_hal_pwr_ex.o
                                                  build/stm32l4xx_hal_rcc.o
HAL_PWREx_PVD_PVM_IRQHandler                      build/stm32l4xx_hal_pwr_ex.o
HAL_PWREx_PVM1Callback                            build/stm32l4xx_hal_pwr_ex.o
HAL_PWREx_PVM2Callback                            build/stm32l4xx_hal_pwr_ex.o
HAL_PWREx_PVM3Callback                            build/stm32l4xx_hal_pwr_ex.o
HAL_PWREx_PVM4Callback                            build/stm32l4xx_hal_pwr_ex.o
HAL_PWR_ConfigPVD                                 build/stm32l4xx_hal_pwr.o
HAL_PWR_DeInit                                    build/stm32l4xx_hal_pwr.o
HAL_PWR_DisableBkUpAccess                         build/stm32l4xx_hal_pwr.o
                                                  build/stm32l4xx_hal_rcc_ex.o
HAL_PWR_DisablePVD                                build/stm32l4xx_hal_pwr.o
HAL_PWR_DisableSEVOnPend                          build/stm32l4xx_hal_pwr.o
HAL_PWR_DisableSleepOnExit                        build/stm32l4xx_hal_pwr.o
HAL_PWR_DisableWakeUpPin                          build/stm32l4xx_hal_pwr.o
HAL_PWR_EnableBkUpAccess                          build/stm32l4xx_hal_pwr.o
                                                  build/stm32l4xx_hal_rcc_ex.o
HAL_PWR_EnablePVD                                 build/stm32l4xx_hal_pwr.o
HAL_PWR_EnableSEVOnPend                           build/stm32l4xx_hal_pwr.o
HAL_PWR_EnableSleepOnExit                         build/stm32l4xx_hal_pwr.o
HAL_PWR_EnableWakeUpPin                           build/stm32l4xx_hal_pwr.o
HAL_PWR_EnterSLEEPMode                            build/stm32l4xx_hal_pwr.o
HAL_PWR_EnterSTANDBYMode                          build/stm32l4xx_hal_pwr.o
HAL_PWR_EnterSTOPMode                             build/stm32l4xx_hal_pwr.o
HAL_PWR_PVDCallback                               build/stm32l4xx_hal_pwr.o
                                                  build/stm32l4xx_hal_pwr_ex.o
HAL_RCCEx_DisableLSCO                             build/stm32l4xx_hal_rcc_ex.o
HAL_RCCEx_DisableLSECSS                           build/stm32l4xx_hal_rcc_ex.o
HAL_RCCEx_DisableMSIPLLMode                       build/stm32l4xx_hal_rcc_ex.o
HAL_RCCEx_DisablePLLSAI1                          build/stm32l4xx_hal_rcc_ex.o
HAL_RCCEx_DisablePLLSAI2                          build/stm32l4xx_hal_rcc_ex.o
HAL_RCCEx_EnableLSCO                              build/stm32l4xx_hal_rcc_ex.o
HAL_RCCEx_EnableLSECSS                            build/stm32l4xx_hal_rcc_ex.o
HAL_RCCEx_EnableLSECSS_IT                         build/stm32l4xx_hal_rcc_ex.o
HAL_RCCEx_EnableMSIPLLMode                        build/stm32l4xx_hal_rcc_ex.o
HAL_RCCEx_EnablePLLSAI1                           build/stm32l4xx_hal_rcc_ex.o
HAL_RCCEx_EnablePLLSAI2                           build/stm32l4xx_hal_rcc_ex.o
HAL_RCCEx_GetPeriphCLKConfig                      build/stm32l4xx_hal_rcc_ex.o
HAL_RCCEx_GetPeriphCLKFreq                        build/stm32l4xx_hal_rcc_ex.o
HAL_RCCEx_LSECSS_Callback                         build/stm32l4xx_hal_rcc_ex.o
HAL_RCCEx_LSECSS_IRQHandler                       build/stm32l4xx_hal_rcc_ex.o
HAL_RCCEx_PeriphCLKConfig                         build/stm32l4xx_hal_rcc_ex.o
                                                  build/main.o
HAL_RCCEx_StandbyMSIRangeConfig                   build/stm32l4xx_hal_rcc_ex.o
HAL_RCCEx_WakeUpStopCLKConfig                     build/stm32l4xx_hal_rcc_ex.o
HAL_RCC_CSSCallback                               build/stm32l4xx_hal_rcc.o
HAL_RCC_ClockConfig                               build/stm32l4xx_hal_rcc.o
                                                  build/main.o
HAL_RCC_DeInit                                    build/stm32l4xx_hal_rcc.o
HAL_RCC_EnableCSS                                 build/stm32l4xx_hal_rcc.o
HAL_RCC_GetClockConfig                            build/stm32l4xx_hal_rcc.o
HAL_RCC_GetHCLKFreq                               build/stm32l4xx_hal_rcc.o
HAL_RCC_GetOscConfig                              build/stm32l4xx_hal_rcc.o
HAL_RCC_GetPCLK1Freq                              build/stm32l4xx_hal_rcc.o
                                                  build/stm32l4xx_hal_rcc_ex.o
                                                  build/stm32l4xx_hal_uart.o
HAL_RCC_GetPCLK2Freq                              build/stm32l4xx_hal_rcc.o
                                                  build/stm32l4xx_hal_rcc_ex.o
                                                  build/stm32l4xx_hal_uart.o
HAL_RCC_GetSysClockFreq                           build/stm32l4xx_hal_rcc.o
                                                  build/stm32l4xx_hal_rcc_ex.o
                                                  build/stm32l4xx_hal_uart.o
HAL_RCC_MCOConfig                                 build/stm32l4xx_hal_rcc.o
HAL_RCC_NMI_IRQHandler                            build/stm32l4xx_hal_rcc.o
HAL_RCC_OscConfig                                 build/stm32l4xx_hal_rcc.o
                                                  build/main.o
HAL_RS485Ex_Init                                  build/stm32l4xx_hal_uart_ex.o
HAL_ResumeTick                                    build/stm32l4xx_hal.o
HAL_SPIEx_FlushRxFifo                             build/stm32l4xx_hal_spi_ex.o
HAL_SPI_Abort                                     build/stm32l4xx_hal_spi.o
HAL_SPI_AbortCpltCallback                         build/stm32l4xx_hal_spi.o
HAL_SPI_Abort_IT                                  build/stm32l4xx_hal_spi.o
HAL_SPI_DMAPause                                  build/stm32l4xx_hal_spi.o
HAL_SPI_DMAResume                                 build/stm32l4xx_hal_spi.o
HAL_SPI_DMAStop                                   build/stm32l4xx_hal_spi.o
HAL_SPI_DeInit                                    build/stm32l4xx_hal_spi.o
HAL_SPI_ErrorCallback                             build/stm32l4xx_hal_spi.o
HAL_SPI_GetError                                  build/stm32l4xx_hal_spi.o
HAL_SPI_GetState                                  build/stm32l4xx_hal_spi.o
HAL_SPI_IRQHandler                                build/stm32l4xx_hal_spi.o
HAL_SPI_Init                                      build/stm32l4xx_hal_spi.o
                                                  build/main.o
HAL_SPI_MspDeInit                                 build/stm32l4xx_hal_msp.o
HAL_SPI_MspInit                                   build/stm32l4xx_hal_msp.o
HAL_SPI_Receive                                   build/stm32l4xx_hal_spi.o
HAL_SPI_Receive_DMA                               build/stm32l4xx_hal_spi.o
HAL_SPI_Receive_IT                                build/stm32l4xx_hal_spi.o
HAL_SPI_RxCpltCallback                            build/stm32l4xx_hal_spi.o
HAL_SPI_RxHalfCpltCallback                        build/stm32l4xx_hal_spi.o
HAL_SPI_Transmit                                  build/stm32l4xx_hal_spi.o
                                                  build/DEV_Config.o
HAL_SPI_TransmitReceive                           build/stm32l4xx_hal_spi.o
HAL_SPI_TransmitReceive_DMA                       build/stm32l4xx_hal_spi.o
HAL_SPI_TransmitReceive_IT                        build/stm32l4xx_hal_spi.o
HAL_SPI_Transmit_DMA                              build/stm32l4xx_hal_spi.o
HAL_SPI_Transmit_IT                               build/stm32l4xx_hal_spi.o
HAL_SPI_TxCpltCallback                            build/stm32l4xx_hal_spi.o
HAL_SPI_TxHalfCpltCallback                        build/stm32l4xx_hal_spi.o
HAL_SPI_TxRxCpltCallback                          build/stm32l4xx_hal_spi.o
HAL_SPI_TxRxHalfCpltCallback                      build/stm32l4xx_hal_spi.o
HAL_SYSCFG_DisableIOAnalogSwitchBooster           build/stm32l4xx_hal.o
HAL_SYSCFG_DisableMemorySwappingBank              build/stm32l4xx_hal.o
HAL_SYSCFG_DisableVREFBUF                         build/stm32l4xx_hal.o